 Simulation_sfun

 Timestamp is 65f22c89 (Wed Mar 13 22:45:29 2024)

 Preferred load address is 0000000180000000

 Start         Length     Name                   Class
 0001:00000000 00017c00H .text$mn                CODE
 0001:00017c00 00000036H .text$mn$00             CODE
 0001:00017c36 00000092H .text$x                 CODE
 0002:00000000 00000470H .idata$5                DATA
 0002:00000470 00000038H .00cfg                  DATA
 0002:000004a8 00000008H .CRT$XCA                DATA
 0002:000004b0 00000008H .CRT$XCZ                DATA
 0002:000004b8 00000008H .CRT$XIA                DATA
 0002:000004c0 00000008H .CRT$XIZ                DATA
 0002:000004c8 00000008H .CRT$XPA                DATA
 0002:000004d0 00000008H .CRT$XPZ                DATA
 0002:000004d8 00000008H .CRT$XTA                DATA
 0002:000004e0 00000010H .CRT$XTZ                DATA
 0002:000004e8 00000000H .gehcont$y              DATA
 0002:000004e8 00000000H .gfids$y                DATA
 0002:000004f0 00003e90H .rdata                  DATA
 0002:00004380 00000080H .rdata$CastGuardVftablesA DATA
 0002:00004400 00000080H .rdata$CastGuardVftablesC DATA
 0002:00004480 000001b8H .rdata$voltmd           DATA
 0002:00004638 00000278H .rdata$zzzdbg           DATA
 0002:000048b0 00000008H .rtc$IAA                DATA
 0002:000048b8 00000008H .rtc$IZZ                DATA
 0002:000048c0 00000008H .rtc$TAA                DATA
 0002:000048c8 00000008H .rtc$TZZ                DATA
 0002:000048d0 00000ba0H .xdata                  DATA
 0002:00005470 0000007cH .edata                  DATA
 0002:000054ec 00000104H .idata$2                DATA
 0002:000055f0 00000018H .idata$3                DATA
 0002:00005608 00000470H .idata$4                DATA
 0002:00005a78 00000c24H .idata$6                DATA
 0003:00000000 00000200H .data                   DATA
 0003:00000200 00000ca0H .bss                    DATA
 0004:00000000 00000e1cH .pdata                  DATA

  Address         Publics by Value              Rva+Base               Lib:Object

 0000:00000000       __AbsoluteZero             0000000000000000     <absolute>
 0000:00000000       ___safe_se_handler_count   0000000000000000     <absolute>
 0000:00000000       ___safe_se_handler_table   0000000000000000     <absolute>
 0000:00000000       __arm64x_extra_rfe_table   0000000000000000     <absolute>
 0000:00000000       __arm64x_extra_rfe_table_size 0000000000000000     <absolute>
 0000:00000000       __arm64x_native_entrypoint 0000000000000000     <absolute>
 0000:00000000       __arm64x_redirection_metadata 0000000000000000     <absolute>
 0000:00000000       __arm64x_redirection_metadata_count 0000000000000000     <absolute>
 0000:00000000       __dynamic_value_reloc_table 0000000000000000     <absolute>
 0000:00000000       __enclave_config           0000000000000000     <absolute>
 0000:00000000       __guard_check_icall_a64n_fptr 0000000000000000     <absolute>
 0000:00000000       __guard_eh_cont_count      0000000000000000     <absolute>
 0000:00000000       __guard_eh_cont_table      0000000000000000     <absolute>
 0000:00000000       __guard_fids_count         0000000000000000     <absolute>
 0000:00000000       __guard_fids_table         0000000000000000     <absolute>
 0000:00000000       __guard_iat_count          0000000000000000     <absolute>
 0000:00000000       __guard_iat_table          0000000000000000     <absolute>
 0000:00000000       __guard_longjmp_count      0000000000000000     <absolute>
 0000:00000000       __guard_longjmp_table      0000000000000000     <absolute>
 0000:00000000       __hybrid_auxiliary_delayload_iat 0000000000000000     <absolute>
 0000:00000000       __hybrid_auxiliary_delayload_iat_copy 0000000000000000     <absolute>
 0000:00000000       __hybrid_auxiliary_iat     0000000000000000     <absolute>
 0000:00000000       __hybrid_auxiliary_iat_copy 0000000000000000     <absolute>
 0000:00000000       __hybrid_code_map          0000000000000000     <absolute>
 0000:00000000       __hybrid_code_map_count    0000000000000000     <absolute>
 0000:00000000       __hybrid_image_info_bitfield 0000000000000000     <absolute>
 0000:00000000       __x64_code_ranges_to_entry_points 0000000000000000     <absolute>
 0000:00000000       __x64_code_ranges_to_entry_points_count 0000000000000000     <absolute>
 0000:00000100       __guard_flags              0000000000000100     <absolute>
 0000:00000000       __ImageBase                0000000180000000     <linker-defined>
 0001:00000000       ?Simulation_initializer@@YAXXZ 0000000180001000 f   Simulation_sfun.obj
 0001:00000010       ?Simulation_terminator@@YAXXZ 0000000180001010 f   Simulation_sfun.obj
 0001:00000020       ?load_Simulation_optimization_info@@YAPEAUmxArray_tag@@EEE@Z 0000000180001020 f   Simulation_sfun.obj
 0001:000000d0       ?unload_Simulation_optimization_info@@YAXXZ 00000001800010d0 f   Simulation_sfun.obj
 0001:00000100       ?sf_Simulation_method_dispatcher@@YAIPEAUSimStruct_tag@@IPEBDHPEAX@Z 0000000180001100 f   Simulation_sfun.obj
 0001:00000120       ?sf_Simulation_process_check_sum_call@@YAIHQEAPEAUmxArray_tag@@HQEAPEBU1@@Z 0000000180001120 f   Simulation_sfun.obj
 0001:00000600       ?sf_Simulation_get_eml_resolved_functions_info@@YAIHQEAPEAUmxArray_tag@@HQEAPEBU1@@Z 0000000180001600 f   Simulation_sfun.obj
 0001:00000790       ?sf_Simulation_third_party_uses_info@@YAIHQEAPEAUmxArray_tag@@HQEAPEBU1@@Z 0000000180001790 f   Simulation_sfun.obj
 0001:00000920       ?sf_Simulation_jit_fallback_info@@YAIHQEAPEAUmxArray_tag@@HQEAPEBU1@@Z 0000000180001920 f   Simulation_sfun.obj
 0001:00000ab0       ?sf_Simulation_get_post_codegen_info@@YAIHQEAPEAUmxArray_tag@@HQEAPEBU1@@Z 0000000180001ab0 f   Simulation_sfun.obj
 0001:00000c40       ?sf_Simulation_updateBuildInfo_args_info@@YAIHQEAPEAUmxArray_tag@@HQEAPEBU1@@Z 0000000180001c40 f   Simulation_sfun.obj
 0001:00000dd0       ?Simulation_register_exported_symbols@@YAXPEAUSimStruct_tag@@@Z 0000000180001dd0 f   Simulation_sfun.obj
 0001:00000de0       mexFunction                0000000180001de0 f   Simulation_sfun_registry.obj
 0001:00003750       _ssSetInputPortDirectFeedThroughFcn 0000000180004750 f   Simulation_sfun_registry.obj
 0001:000038d0       _ssSetRWorkValueFcn        00000001800048d0 f   Simulation_sfun_registry.obj
 0001:00003950       _ssGetRWorkValueFcn        0000000180004950 f   Simulation_sfun_registry.obj
 0001:000039c0       _ssSetIWorkValueFcn        00000001800049c0 f   Simulation_sfun_registry.obj
 0001:00003a40       _ssGetIWorkValueFcn        0000000180004a40 f   Simulation_sfun_registry.obj
 0001:00003ab0       _ssSetPWorkValueFcn        0000000180004ab0 f   Simulation_sfun_registry.obj
 0001:00003b30       _ssGetPWorkValueFcn        0000000180004b30 f   Simulation_sfun_registry.obj
 0001:00003ba0       _ssGetInputPortSignalFcn   0000000180004ba0 f   Simulation_sfun_registry.obj
 0001:00003f50       _ssGetInputPortBufferDstPortFcn 0000000180004f50 f   Simulation_sfun_registry.obj
 0001:00003fd0       _ssGetInputPortSignalPtrsFcn 0000000180004fd0 f   Simulation_sfun_registry.obj
 0001:00004380       ssGetParameterTuningCompliance 0000000180005380 f   Simulation_sfun_registry.obj
 0001:000043f0       _ssReadInputStringFcn      00000001800053f0 f   Simulation_sfun_registry.obj
 0001:00004460       ssGetDTypeIdFromMxArray    0000000180005460 f   Simulation_sfun_registry.obj
 0001:00004580       ssWriteRTWMx2dMatParam     0000000180005580 f   Simulation_sfun_registry.obj
 0001:00004610       ssWriteRTWMxVectParam      0000000180005610 f   Simulation_sfun_registry.obj
 0001:00004690       ssWriteRTWParameters       0000000180005690 f   Simulation_sfun_registry.obj
 0001:00005190       ssWriteRTWParamSettings    0000000180006190 f   Simulation_sfun_registry.obj
 0001:00005ed0       ssWriteRTWStr              0000000180006ed0 f   Simulation_sfun_registry.obj
 0001:00005f30       ssWriteRTWWorkVect         0000000180006f30 f   Simulation_sfun_registry.obj
 0001:00006540       ssWarning                  0000000180007540 f   Simulation_sfun_registry.obj
 0001:00006680       ssGetRootSS                0000000180007680 f   Simulation_sfun_registry.obj
 0001:00006740       ssGetParentSS              0000000180007740 f   Simulation_sfun_registry.obj
 0001:00006800       ssWriteRTWNameValuePair    0000000180007800 f   Simulation_sfun_registry.obj
 0001:00006f80       _ssSetInputPortMatrixDimensions 0000000180007f80 f   Simulation_sfun_registry.obj
 0001:000070d0       _ssSetOutputPortMatrixDimensions 00000001800080d0 f   Simulation_sfun_registry.obj
 0001:00007220       _ssSetInputPortVectorDimension 0000000180008220 f   Simulation_sfun_registry.obj
 0001:000072d0       _ssSetOutputPortVectorDimension 00000001800082d0 f   Simulation_sfun_registry.obj
 0001:00007380       ssIsRunTimeParamTunable    0000000180008380 f   Simulation_sfun_registry.obj
 0001:000073f0       ssGetSFuncBlockHandle      00000001800083f0 f   Simulation_sfun_registry.obj
 0001:00007460       _ssGetCallSystemNumFcnCallDestinations 0000000180008460 f   Simulation_sfun_registry.obj
 0001:000074d0       _ssGetCurrentInputPortWidth 00000001800084d0 f   Simulation_sfun_registry.obj
 0001:00007610       _ssGetCurrentOutputPortWidth 0000000180008610 f   Simulation_sfun_registry.obj
 0001:00007750       ssGetIsZeroCrossControlDisabled 0000000180008750 f   Simulation_sfun_registry.obj
 0001:000077c0       ssSetIsInputPortUsedForContZcSignal 00000001800087c0 f   Simulation_sfun_registry.obj
 0001:00007830       ssSetZcSignalIsZcElementDisc 0000000180008830 f   Simulation_sfun_registry.obj
 0001:000078e0       ssSetZcSignalName          00000001800088e0 f   Simulation_sfun_registry.obj
 0001:00007950       ssSetZcSignalWidth         0000000180008950 f   Simulation_sfun_registry.obj
 0001:000079c0       ssSetZcSignalZcEventType   00000001800089c0 f   Simulation_sfun_registry.obj
 0001:00007a30       ssSetZcSignalType          0000000180008a30 f   Simulation_sfun_registry.obj
 0001:00007aa0       ssSetZcSignalZcTol         0000000180008aa0 f   Simulation_sfun_registry.obj
 0001:00007b10       ssSetZcSignalNeedsEventNotification 0000000180008b10 f   Simulation_sfun_registry.obj
 0001:00007b80       ssCreateAndAddZcSignalInfo 0000000180008b80 f   Simulation_sfun_registry.obj
 0001:00007bf0       ssCloneAndAddZcSignalInfo  0000000180008bf0 f   Simulation_sfun_registry.obj
 0001:00007c60       ssGetNumZcSignals          0000000180008c60 f   Simulation_sfun_registry.obj
 0001:00007cd0       ssGetZcSignalVector        0000000180008cd0 f   Simulation_sfun_registry.obj
 0001:00007d40       ssGetZcSignalName          0000000180008d40 f   Simulation_sfun_registry.obj
 0001:00007db0       ssGetZcSignalWidth         0000000180008db0 f   Simulation_sfun_registry.obj
 0001:00007e20       ssGetZcSignalZcEventType   0000000180008e20 f   Simulation_sfun_registry.obj
 0001:00007e90       ssGetZcSignalZcEvents      0000000180008e90 f   Simulation_sfun_registry.obj
 0001:00007f00       ssGetZcSignalType          0000000180008f00 f   Simulation_sfun_registry.obj
 0001:00007f70       ssGetZcSignalZcTol         0000000180008f70 f   Simulation_sfun_registry.obj
 0001:00007ff0       ssGetZcSignalNeedsEventNotification 0000000180008ff0 f   Simulation_sfun_registry.obj
 0001:00008060       ssGetZcSignalIsZcElementDisc 0000000180009060 f   Simulation_sfun_registry.obj
 0001:00008100       ssGetIsInputPortElementContinuous 0000000180009100 f   Simulation_sfun_registry.obj
 0001:000081a0       _ssGetAbsTol               00000001800091a0 f   Simulation_sfun_registry.obj
 0001:00008210       _ssSetStateAbsTol          0000000180009210 f   Simulation_sfun_registry.obj
 0001:000082f0       _ssSetInputPortReusableFcn 00000001800092f0 f   Simulation_sfun_registry.obj
 0001:00008400       _ssSetOutputPortReusableFcn 0000000180009400 f   Simulation_sfun_registry.obj
 0001:00008510       _ssSetSymbolicDimsSupport  0000000180009510 f   Simulation_sfun_registry.obj
 0001:00008580       _ssRegisterSymbolicDimsExpr 0000000180009580 f   Simulation_sfun_registry.obj
 0001:00008600       _ssRegisterSymbolicDimsMATLABExpr 0000000180009600 f   Simulation_sfun_registry.obj
 0001:00008690       _ssRegisterSymbolicDims    0000000180009690 f   Simulation_sfun_registry.obj
 0001:00008730       _ssRegisterSymbolicDimsString 0000000180009730 f   Simulation_sfun_registry.obj
 0001:000087b0       _ssRegisterSymbolicDimsIntValue 00000001800097b0 f   Simulation_sfun_registry.obj
 0001:00008820       _ssRegisterSymbolicEqualRelation 0000000180009820 f   Simulation_sfun_registry.obj
 0001:00008890       _ssRegisterSymbolicEqualValue 0000000180009890 f   Simulation_sfun_registry.obj
 0001:00008900       _ssAmendLeadingSymbolicDims 0000000180009900 f   Simulation_sfun_registry.obj
 0001:00008980       _ssAmendTrailingSymbolicDims 0000000180009980 f   Simulation_sfun_registry.obj
 0001:00008a00       _ssRegisterSymbolicDimsPlus 0000000180009a00 f   Simulation_sfun_registry.obj
 0001:00008a80       _ssRegisterSymbolicDimsMinus 0000000180009a80 f   Simulation_sfun_registry.obj
 0001:00008b00       _ssRegisterSymbolicDimsMultiply 0000000180009b00 f   Simulation_sfun_registry.obj
 0001:00008b80       _ssRegisterSymbolicDimsDivide 0000000180009b80 f   Simulation_sfun_registry.obj
 0001:00008c00       _ssGetNumSymbolicDims      0000000180009c00 f   Simulation_sfun_registry.obj
 0001:00008c70       _ssGetSymbolicDim          0000000180009c70 f   Simulation_sfun_registry.obj
 0001:00008cf0       _ssSetInputPortSymbolicDimsId 0000000180009cf0 f   Simulation_sfun_registry.obj
 0001:00008d60       _ssGetCompInputPortSymbolicDimsId 0000000180009d60 f   Simulation_sfun_registry.obj
 0001:00008dd0       _ssSetCompInputPortSymbolicDimsId 0000000180009dd0 f   Simulation_sfun_registry.obj
 0001:00008e40       _ssSetOutputPortSymbolicDimsId 0000000180009e40 f   Simulation_sfun_registry.obj
 0001:00008eb0       _ssGetCompOutputPortSymbolicDimsId 0000000180009eb0 f   Simulation_sfun_registry.obj
 0001:00008f20       _ssSetCompOutputPortSymbolicDimsId 0000000180009f20 f   Simulation_sfun_registry.obj
 0001:00008f90       _ssGetDWorkSymbolicDimsId  0000000180009f90 f   Simulation_sfun_registry.obj
 0001:00009000       _ssSetDWorkSymbolicDimsId  000000018000a000 f   Simulation_sfun_registry.obj
 0001:00009070       _ssGetCompDWorkSymbolicDimsId 000000018000a070 f   Simulation_sfun_registry.obj
 0001:000090e0       _ssSetCompDWorkSymbolicDimsId 000000018000a0e0 f   Simulation_sfun_registry.obj
 0001:00009150       _ssCreateSLCGStringBuffer  000000018000a150 f   Simulation_sfun_registry.obj
 0001:000091c0       _ssAddToSLCGStringBuffer   000000018000a1c0 f   Simulation_sfun_registry.obj
 0001:00009230       _ssGetPointerContainedData 000000018000a230 f   Simulation_sfun_registry.obj
 0001:000092c0       _ssGetPointerContainedDataWidth 000000018000a2c0 f   Simulation_sfun_registry.obj
 0001:00009350       _ssRegisterDynamicArrayDataTypeFcn 000000018000a350 f   Simulation_sfun_registry.obj
 0001:000093f0       _ssGetDynamicArrayContainedDataCurrentWidthFcn 000000018000a3f0 f   Simulation_sfun_registry.obj
 0001:000094c0       _ssGetDynamicArrayContainedDataFcn 000000018000a4c0 f   Simulation_sfun_registry.obj
 0001:00009590       _ssGetInputPortDynamicArrayDataFcn 000000018000a590 f   Simulation_sfun_registry.obj
 0001:00009650       _ssGetOutputPortDynamicArrayDataFcn 000000018000a650 f   Simulation_sfun_registry.obj
 0001:00009710       _ssGetInputPortDynamicArrayContainedDataFcn 000000018000a710 f   Simulation_sfun_registry.obj
 0001:000097d0       _ssGetOutputPortDynamicArrayContainedDataFcn 000000018000a7d0 f   Simulation_sfun_registry.obj
 0001:00009890       _ssGetDynamicArrayDWorkContainedDataFcn 000000018000a890 f   Simulation_sfun_registry.obj
 0001:00009950       ?sf_process_check_sum_call@@YAIHQEAPEAUmxArray_tag@@HQEAPEBU1@@Z 000000018000a950 f   Simulation_sfun_registry.obj
 0001:000099c0       ?sf_process_get_third_party_uses_info_call@@YAIHQEAPEAUmxArray_tag@@HQEAPEBU1@@Z 000000018000a9c0 f   Simulation_sfun_registry.obj
 0001:00009cb0       ?sf_process_get_jit_fallback_info_call@@YAIHQEAPEAUmxArray_tag@@HQEAPEBU1@@Z 000000018000acb0 f   Simulation_sfun_registry.obj
 0001:00009fa0       ?sf_process_get_post_codegen_info_call@@YAIHQEAPEAUmxArray_tag@@HQEAPEBU1@@Z 000000018000afa0 f   Simulation_sfun_registry.obj
 0001:0000a290       ?sf_process_get_updateBuildInfo_args_info_call@@YAIHQEAPEAUmxArray_tag@@HQEAPEBU1@@Z 000000018000b290 f   Simulation_sfun_registry.obj
 0001:0000a580       ?sf_process_get_eml_resolved_functions_info_call@@YAIHQEAPEAUmxArray_tag@@HQEAPEBU1@@Z 000000018000b580 f   Simulation_sfun_registry.obj
 0001:0000a870       ?sf_mex_unlock_call@@YAIHQEAPEAUmxArray_tag@@HQEAPEBU1@@Z 000000018000b870 f   Simulation_sfun_registry.obj
 0001:0000aa90       ?sf_machine_global_initializer_called@@YAIXZ 000000018000ba90 f   Simulation_sfun_registry.obj
 0001:0000aac0       sf_machine_global_method_dispatcher 000000018000bac0 f   Simulation_sfun_registry.obj
 0001:0000ab60       sf_machine_global_terminator 000000018000bb60 f   Simulation_sfun_registry.obj
 0001:0000aba0       ?sf_register_machine_exported_symbols@@YAXPEAUSimStruct_tag@@@Z 000000018000bba0 f   Simulation_sfun_registry.obj
 0001:0000abd0       callCustomFcn              000000018000bbd0 f   Simulation_sfun_registry.obj
 0001:0000abe0       sf_machine_global_initializer 000000018000bbe0 f   Simulation_sfun_registry.obj
 0001:0000ac50       ?mdlGetSimState@@YAPEAUmxArray_tag@@PEAUSimStruct_tag@@@Z 000000018000bc50 f   Simulation_sfun_registry.obj
 0001:0000ac90       ?mdlSetSimState@@YAXPEAUSimStruct_tag@@PEBUmxArray_tag@@@Z 000000018000bc90 f   Simulation_sfun_registry.obj
 0001:0000b600       ?ProcessMexSfunctionEveryCall@@YAIHQEAPEAUmxArray_tag@@HQEAPEBU1@@Z 000000018000c600 f   Simulation_sfun_registry.obj
 0001:0000c7c0       __local_stdio_printf_options 000000018000d7c0 f i Simulation_sfun_registry.obj
 0001:0000c7d0       snprintf                   000000018000d7d0 f i Simulation_sfun_registry.obj
 0001:0000c830       vsnprintf                  000000018000d830 f i Simulation_sfun_registry.obj
 0001:0000c8b0       mexfilerequiredapiversion  000000018000d8b0 f   c_mexapi_version.obj
 0001:0000c8e0       ?getBitfieldFromFloat@@YAIM@Z 000000018000d8e0 f   half_type.obj
 0001:0000c910       ?getFloatFromBitfield@@YAMI@Z 000000018000d910 f   half_type.obj
 0001:0000c940       ??0real16_T@@QEAA@M@Z      000000018000d940 f   half_type.obj
 0001:0000cb90       ??0real16_T@@QEAA@N@Z      000000018000db90 f   half_type.obj
 0001:0000ce80       ??Breal16_T@@QEBAMXZ       000000018000de80 f   half_type.obj
 0001:0000d010       ??Breal16_T@@QEBANXZ       000000018000e010 f   half_type.obj
 0001:0000d040       ??Hreal16_T@@QEBA?AV0@V0@@Z 000000018000e040 f   half_type.obj
 0001:0000d0a0       ??Greal16_T@@QEBA?AV0@V0@@Z 000000018000e0a0 f   half_type.obj
 0001:0000d100       ??Dreal16_T@@QEBA?AV0@V0@@Z 000000018000e100 f   half_type.obj
 0001:0000d160       ??Kreal16_T@@QEBA?AV0@V0@@Z 000000018000e160 f   half_type.obj
 0001:0000d1c0       ??Hreal16_T@@QEBA?AV0@XZ   000000018000e1c0 f   half_type.obj
 0001:0000d1f0       ??Greal16_T@@QEBA?AV0@XZ   000000018000e1f0 f   half_type.obj
 0001:0000d230       ??Ereal16_T@@QEAAAEAV0@XZ  000000018000e230 f   half_type.obj
 0001:0000d280       ??Ereal16_T@@QEAA?AV0@H@Z  000000018000e280 f   half_type.obj
 0001:0000d2f0       ??Freal16_T@@QEAAAEAV0@XZ  000000018000e2f0 f   half_type.obj
 0001:0000d340       ??Freal16_T@@QEAA?AV0@H@Z  000000018000e340 f   half_type.obj
 0001:0000d3b0       ??8real16_T@@QEBAEV0@@Z    000000018000e3b0 f   half_type.obj
 0001:0000d410       ??9real16_T@@QEBAEV0@@Z    000000018000e410 f   half_type.obj
 0001:0000d470       ??Preal16_T@@QEBAEV0@@Z    000000018000e470 f   half_type.obj
 0001:0000d4c0       ??Oreal16_T@@QEBAEV0@@Z    000000018000e4c0 f   half_type.obj
 0001:0000d510       ??Nreal16_T@@QEBAEV0@@Z    000000018000e510 f   half_type.obj
 0001:0000d560       ??Mreal16_T@@QEBAEV0@@Z    000000018000e560 f   half_type.obj
 0001:0000d5b0       ??4real16_T@@QEAAAEAV0@AEBV0@@Z 000000018000e5b0 f   half_type.obj
 0001:0000d5e0       ??4real16_T@@QECAXAEDV0@@Z 000000018000e5e0 f   half_type.obj
 0001:0000d610       ??4real16_T@@QECAXAEBV0@@Z 000000018000e610 f   half_type.obj
 0001:0000d640       ??Yreal16_T@@QEAAAEAV0@V0@@Z 000000018000e640 f   half_type.obj
 0001:0000d6a0       ??Zreal16_T@@QEAAAEAV0@V0@@Z 000000018000e6a0 f   half_type.obj
 0001:0000d700       ??Xreal16_T@@QEAAAEAV0@V0@@Z 000000018000e700 f   half_type.obj
 0001:0000d760       ??_0real16_T@@QEAAAEAV0@V0@@Z 000000018000e760 f   half_type.obj
 0001:0000d7c0       ?getBitfieldFromHalf@@YAGVreal16_T@@@Z 000000018000e7c0 f   half_type.obj
 0001:0000d7e0       ?getHalfFromBitfield@@YA?AVreal16_T@@G@Z 000000018000e7e0 f   half_type.obj
 0001:0000d820       ?halfToFloat@@YAMVreal16_T@@@Z 000000018000e820 f   half_type.obj
 0001:0000d840       ?halfToDouble@@YANVreal16_T@@@Z 000000018000e840 f   half_type.obj
 0001:0000d860       ?floatToHalf@@YA?AVreal16_T@@M@Z 000000018000e860 f   half_type.obj
 0001:0000d890       ?doubleToHalf@@YA?AVreal16_T@@N@Z 000000018000e890 f   half_type.obj
 0001:0000d8c0       ?getBitPattern@real16_T@@QEBAGXZ 000000018000e8c0 f i half_type.obj
 0001:0000d8d0       ?setBitPattern@real16_T@@QEAAXG@Z 000000018000e8d0 f i half_type.obj
 0001:0000d8f0       ?autolibshared_initializer@@YAXXZ 000000018000e8f0 f   autolibshared_sfun:autolibshared_sfun.obj
 0001:0000d900       ?autolibshared_terminator@@YAXXZ 000000018000e900 f   autolibshared_sfun:autolibshared_sfun.obj
 0001:0000d910       ?load_autolibshared_optimization_info@@YAPEAUmxArray_tag@@EEE@Z 000000018000e910 f   autolibshared_sfun:autolibshared_sfun.obj
 0001:0000d9c0       ?unload_autolibshared_optimization_info@@YAXXZ 000000018000e9c0 f   autolibshared_sfun:autolibshared_sfun.obj
 0001:0000d9f0       ?sf_autolibshared_method_dispatcher@@YAIPEAUSimStruct_tag@@IPEBDHPEAX@Z 000000018000e9f0 f   autolibshared_sfun:autolibshared_sfun.obj
 0001:0000da40       ?sf_autolibshared_process_check_sum_call@@YAIHQEAPEAUmxArray_tag@@HQEAPEBU1@@Z 000000018000ea40 f   autolibshared_sfun:autolibshared_sfun.obj
 0001:0000de40       ?sf_autolibshared_get_eml_resolved_functions_info@@YAIHQEAPEAUmxArray_tag@@HQEAPEBU1@@Z 000000018000ee40 f   autolibshared_sfun:autolibshared_sfun.obj
 0001:0000e020       ?sf_autolibshared_third_party_uses_info@@YAIHQEAPEAUmxArray_tag@@HQEAPEBU1@@Z 000000018000f020 f   autolibshared_sfun:autolibshared_sfun.obj
 0001:0000e1f0       ?sf_autolibshared_jit_fallback_info@@YAIHQEAPEAUmxArray_tag@@HQEAPEBU1@@Z 000000018000f1f0 f   autolibshared_sfun:autolibshared_sfun.obj
 0001:0000e3c0       ?sf_autolibshared_get_post_codegen_info@@YAIHQEAPEAUmxArray_tag@@HQEAPEBU1@@Z 000000018000f3c0 f   autolibshared_sfun:autolibshared_sfun.obj
 0001:0000e5a0       ?sf_autolibshared_updateBuildInfo_args_info@@YAIHQEAPEAUmxArray_tag@@HQEAPEBU1@@Z 000000018000f5a0 f   autolibshared_sfun:autolibshared_sfun.obj
 0001:0000e770       ?autolibshared_register_exported_symbols@@YAXPEAUSimStruct_tag@@@Z 000000018000f770 f   autolibshared_sfun:autolibshared_sfun.obj
 0001:0000e780       ?sf_c3_autolibshared_get_eml_resolved_functions_info@@YAPEBUmxArray_tag@@XZ 000000018000f780 f   autolibshared_sfun:c3_autolibshared.obj
 0001:0000e800       ?sf_c3_autolibshared_get_check_sum@@YAXQEAPEAUmxArray_tag@@@Z 000000018000f800 f   autolibshared_sfun:c3_autolibshared.obj
 0001:0000e8d0       ?c3_autolibshared_method_dispatcher@@YAXPEAUSimStruct_tag@@HPEAX@Z 000000018000f8d0 f   autolibshared_sfun:c3_autolibshared.obj
 0001:00015a20       ?sf_c3_autolibshared_third_party_uses_info@@YAPEAUmxArray_tag@@XZ 0000000180016a20 f   autolibshared_sfun:c3_autolibshared.obj
 0001:00015a50       ?sf_c3_autolibshared_jit_fallback_info@@YAPEAUmxArray_tag@@XZ 0000000180016a50 f   autolibshared_sfun:c3_autolibshared.obj
 0001:00015be0       ?sf_c3_autolibshared_updateBuildInfo_args_info@@YAPEAUmxArray_tag@@XZ 0000000180016be0 f   autolibshared_sfun:c3_autolibshared.obj
 0001:00015f10       ?sf_c3_autolibshared_get_post_codegen_info@@YAPEBDXZ 0000000180016f10 f   autolibshared_sfun:c3_autolibshared.obj
 0001:00016440       ??2@YAPEAX_KPEAX@Z         0000000180017440 f i autolibshared_sfun:c3_autolibshared.obj
 0001:00016450       sf_load_rtw_optimization_info 0000000180017450 f   sf_runtime:sf_runtime.dll
 0001:00016456       sf_get_ChartInfoStruct_CodeGen 0000000180017456 f   sf_runtime:sf_runtime.dll
 0001:0001645c       sf_get_hasSeparateUpdateOutputs 000000018001745c f   sf_runtime:sf_runtime.dll
 0001:00016462       callMdlMethodAndReportError 0000000180017462 f   sf_runtime:sf_runtime.dll
 0001:00016468       sim_mode_is_rtw_gen        0000000180017468 f   sf_runtime:sf_runtime.dll
 0001:0001646e       call_sf_machine_global_method_dispatcher 000000018001746e f   sf_runtime:sf_runtime.dll
 0001:00016474       getRuntimeInstanceInfoAsVoid 0000000180017474 f   sf_runtime:sf_runtime.dll
 0001:0001647a       sf_mex_error_direct_call   000000018001747a f   sf_runtime:sf_runtime.dll
 0001:00016480       sf_clear_error_manager_info 0000000180017480 f   sf_runtime:sf_runtime.dll
 0001:00016486       sf_mex_decode              0000000180017486 f   sf_runtime:sf_runtime.dll
 0001:0001648c       sf_init_ChartRunTimeInfo   000000018001748c f   sf_runtime:sf_runtime.dll
 0001:00016492       sf_free_ChartRunTimeInfo   0000000180017492 f   sf_runtime:sf_runtime.dll
 0001:00016498       sf_reset_warnings_ChartRunTimeInfo 0000000180017498 f   sf_runtime:sf_runtime.dll
 0001:0001649e       sfrtGetEmlrtCtx            000000018001749e f   sf_runtime:sf_runtime.dll
 0001:000164a4       sfrtGetCovrtInstance       00000001800174a4 f   sf_runtime:sf_runtime.dll
 0001:000164aa       sf_get_chart_instance_ptr  00000001800174aa f   sf_runtime:sf_runtime.dll
 0001:000164b0       sfSetAnimationVectors      00000001800174b0 f   sf_runtime:sf_runtime.dll
 0001:000164b6       sim_mode_is_external       00000001800174b6 f   sf_runtime:sf_runtime.dll
 0001:000164bc       sf_mex_get_sfun_param      00000001800174bc f   sf_runtime:sf_runtime.dll
 0001:000164c2       sf_clear_rtw_identifier    00000001800174c2 f   sf_runtime:sf_runtime.dll
 0001:000164c8       sf_get_time                00000001800174c8 f   sf_runtime:sf_runtime.dll
 0001:000164ce       sf_is_first_init_cond      00000001800174ce f   sf_runtime:sf_runtime.dll
 0001:000164d4       sfDoAnimationWrapper       00000001800174d4 f   sf_runtime:sf_runtime.dll
 0001:000164da       setDataBrowseFcn           00000001800174da f   sf_runtime:sf_runtime.dll
 0001:000164e0       sf_set_work_widths         00000001800174e0 f   sf_runtime:sf_runtime.dll
 0001:000164e6       mdlProcessParamsCommon     00000001800174e6 f   sf_runtime:sf_runtime.dll
 0001:000164ec       sfListenerCacheSimStruct   00000001800174ec f   sf_runtime:sf_runtime.dll
 0001:000164f2       sfListenerLightTerminate   00000001800174f2 f   sf_runtime:sf_runtime.dll
 0001:000164f8       sfListenerInitializeRuntimeVars 00000001800174f8 f   sf_runtime:sf_runtime.dll
 0001:000164fe       sf_mex_call                00000001800174fe f   sf_runtime:sf_runtime.dll
 0001:00016504       sf_mex_error_message       0000000180017504 f   sf_runtime:sf_runtime.dll
 0001:0001650a       sf_mex_create              000000018001750a f   sf_runtime:sf_runtime.dll
 0001:00016510       sf_mex_createcellmatrix    0000000180017510 f   sf_runtime:sf_runtime.dll
 0001:00016516       sf_mex_setcell             0000000180017516 f   sf_runtime:sf_runtime.dll
 0001:0001651c       sf_mex_getcell             000000018001751c f   sf_runtime:sf_runtime.dll
 0001:00016522       sf_mex_assign              0000000180017522 f   sf_runtime:sf_runtime.dll
 0001:00016528       sf_mex_dup                 0000000180017528 f   sf_runtime:sf_runtime.dll
 0001:0001652e       sf_mex_destroy             000000018001752e f   sf_runtime:sf_runtime.dll
 0001:00016534       sf_mex_import              0000000180017534 f   sf_runtime:sf_runtime.dll
 0001:0001653a       sf_mex_import_named        000000018001753a f   sf_runtime:sf_runtime.dll
 0001:00016540       ssGetInputPortSignal_wrapper 0000000180017540 f   sf_runtime:sf_runtime.dll
 0001:00016546       ssGetOutputPortSignal_wrapper 0000000180017546 f   sf_runtime:sf_runtime.dll
 0001:0001654c       mxIsChar_800               000000018001754c f   libmx:libmx.dll
 0001:00016552       mxGetScalar_800            0000000180017552 f   libmx:libmx.dll
 0001:00016558       mxGetPr_800                0000000180017558 f   libmx:libmx.dll
 0001:0001655e       mxDestroyArray_800         000000018001755e f   libmx:libmx.dll
 0001:00016564       mxCreateDoubleMatrix_800   0000000180017564 f   libmx:libmx.dll
 0001:0001656a       mxGetString_800            000000018001756a f   libmx:libmx.dll
 0001:00016570       mxCalloc_800               0000000180017570 f   libmx:libmx.dll
 0001:00016576       mxGetM_800                 0000000180017576 f   libmx:libmx.dll
 0001:0001657c       mxGetClassID_800           000000018001757c f   libmx:libmx.dll
 0001:00016582       mxIsNumeric_800            0000000180017582 f   libmx:libmx.dll
 0001:00016588       mxIsComplex_800            0000000180017588 f   libmx:libmx.dll
 0001:0001658e       mxGetN_800                 000000018001758e f   libmx:libmx.dll
 0001:00016594       mxCreateDoubleScalar_800   0000000180017594 f   libmx:libmx.dll
 0001:0001659a       mxCreateString_800         000000018001759a f   libmx:libmx.dll
 0001:000165a0       mxDuplicateArray_800       00000001800175a0 f   libmx:libmx.dll
 0001:000165a6       mxSetField_800             00000001800175a6 f   libmx:libmx.dll
 0001:000165ac       mxCreateCellMatrix_800     00000001800175ac f   libmx:libmx.dll
 0001:000165b2       mxCreateStructMatrix_800   00000001800175b2 f   libmx:libmx.dll
 0001:000165b8       mexMakeArrayPersistent_800 00000001800175b8 f   libmex:libmex.dll
 0001:000165be       mexErrMsgTxt_800           00000001800175be f   libmex:libmex.dll
 0001:000165c4       mexWarnMsgTxt_800          00000001800175c4 f   libmex:libmex.dll
 0001:000165ca       mexCallMATLAB_800          00000001800175ca f   libmex:libmex.dll
 0001:000165d0       mexLock_800                00000001800175d0 f   libmex:libmex.dll
 0001:000165d6       mexUnlock_800              00000001800175d6 f   libmex:libmex.dll
 0001:000165dc       mexIsLocked_800            00000001800175dc f   libmex:libmex.dll
 0001:000165e2       utMalloc                   00000001800175e2 f   libut:libut.dll
 0001:000165e8       utFree                     00000001800175e8 f   libut:libut.dll
 0001:000165ee       muDoubleScalarAbs          00000001800175ee f   libmwmathutil:libmwmathutil.dll
 0001:000165f4       muDoubleScalarCos          00000001800175f4 f   libmwmathutil:libmwmathutil.dll
 0001:000165fa       muDoubleScalarAtan2        00000001800175fa f   libmwmathutil:libmwmathutil.dll
 0001:00016600       muDoubleScalarSin          0000000180017600 f   libmwmathutil:libmwmathutil.dll
 0001:00016606       muDoubleScalarSqrt         0000000180017606 f   libmwmathutil:libmwmathutil.dll
 0001:0001660c       muDoubleScalarTanh         000000018001760c f   libmwmathutil:libmwmathutil.dll
 0001:00016612       muDoubleScalarIsNaN        0000000180017612 f   libmwmathutil:libmwmathutil.dll
 0001:00016618       emlrtSubAssignSizeCheck1dR2017a 0000000180017618 f   libemlrt:libemlrt.dll
 0001:0001661e       covrtCreateStateflowInstanceData 000000018001761e f   libcovrt:libcovrt.dll
 0001:00016624       covrtDeleteStateflowInstanceData 0000000180017624 f   libcovrt:libcovrt.dll
 0001:0001662a       covrtTransInitFcn          000000018001762a f   libcovrt:libcovrt.dll
 0001:00016630       covrtStateInitFcn          0000000180017630 f   libcovrt:libcovrt.dll
 0001:00016636       covrtChartInitFcn          0000000180017636 f   libcovrt:libcovrt.dll
 0001:0001663c       covrtSigUpdateFcn          000000018001763c f   libcovrt:libcovrt.dll
 0001:00016642       covrtEmlInitFcn            0000000180017642 f   libcovrt:libcovrt.dll
 0001:00016648       covrtEmlFcnInitFcn         0000000180017648 f   libcovrt:libcovrt.dll
 0001:0001664e       covrtEmlSwitchInitFcn      000000018001764e f   libcovrt:libcovrt.dll
 0001:00016654       covrtEmlFcnEval            0000000180017654 f   libcovrt:libcovrt.dll
 0001:0001665a       covrtEmlSwitchEval         000000018001765a f   libcovrt:libcovrt.dll
 0001:00016660       __raise_securityfailure    0000000180017660 f   MSVCRT:gs_report.obj
 0001:00016694       __report_gsfailure         0000000180017694 f   MSVCRT:gs_report.obj
 0001:00016768       __report_rangecheckfailure 0000000180017768 f   MSVCRT:gs_report.obj
 0001:0001677c       __report_securityfailure   000000018001777c f   MSVCRT:gs_report.obj
 0001:00016818       __report_securityfailureEx 0000000180017818 f   MSVCRT:gs_report.obj
 0001:00016a0c       __GSHandlerCheck           0000000180017a0c f   MSVCRT:gshandler.obj
 0001:00016a2c       __GSHandlerCheckCommon     0000000180017a2c f   MSVCRT:gshandler.obj
 0001:00016aa0       __security_check_cookie    0000000180017aa0 f   MSVCRT:amdsecgs.obj
 0001:00016df8       _CRT_INIT                  0000000180017df8 f   MSVCRT:dll_dllmain.obj
 0001:00016e00       _DllMainCRTStartup         0000000180017e00 f   MSVCRT:dll_dllmain.obj
 0001:00016eac       __security_init_cookie     0000000180017eac f   MSVCRT:gs_support.obj
 0001:00016f58       DllMain                    0000000180017f58 f   MSVCRT:dll_dllmain_stub.obj
 0001:00016f7c       ?__scrt_initialize_type_info@@YAXXZ 0000000180017f7c f   MSVCRT:tncleanup.obj
 0001:00016f8c       ?__scrt_uninitialize_type_info@@YAXXZ 0000000180017f8c f   MSVCRT:tncleanup.obj
 0001:00016f98       __local_stdio_scanf_options 0000000180017f98 f i MSVCRT:default_local_stdio_options.obj
 0001:00016fa0       __scrt_initialize_default_local_stdio_options 0000000180017fa0 f   MSVCRT:default_local_stdio_options.obj
 0001:00016fbc       ?configure_argv@__scrt_narrow_argv_policy@@SAHXZ 0000000180017fbc f i MSVCRT:utility.obj
 0001:0001701c       ?initialize_environment@__scrt_narrow_environment_policy@@SAHXZ 000000018001801c f i MSVCRT:utility.obj
 0001:00017054       NtCurrentTeb               0000000180018054 f i MSVCRT:utility.obj
 0001:00017060       __scrt_acquire_startup_lock 0000000180018060 f   MSVCRT:utility.obj
 0001:0001709c       __scrt_dllmain_after_initialize_c 000000018001809c f   MSVCRT:utility.obj
 0001:000170d0       __scrt_dllmain_before_initialize_c 00000001800180d0 f   MSVCRT:utility.obj
 0001:000170e8       __scrt_dllmain_crt_thread_attach 00000001800180e8 f   MSVCRT:utility.obj
 0001:00017110       __scrt_dllmain_crt_thread_detach 0000000180018110 f   MSVCRT:utility.obj
 0001:00017128       __scrt_dllmain_exception_filter 0000000180018128 f   MSVCRT:utility.obj
 0001:00017188       __scrt_dllmain_uninitialize_c 0000000180018188 f   MSVCRT:utility.obj
 0001:000171b8       __scrt_dllmain_uninitialize_critical 00000001800181b8 f   MSVCRT:utility.obj
 0001:000171cc       __scrt_initialize_crt      00000001800181cc f   MSVCRT:utility.obj
 0001:00017208       __scrt_initialize_onexit_tables 0000000180018208 f   MSVCRT:utility.obj
 0001:00017294       __scrt_is_nonwritable_in_current_image 0000000180018294 f   MSVCRT:utility.obj
 0001:0001732c       __scrt_release_startup_lock 000000018001832c f   MSVCRT:utility.obj
 0001:00017350       __scrt_uninitialize_crt    0000000180018350 f   MSVCRT:utility.obj
 0001:0001737c       _onexit                    000000018001837c f   MSVCRT:utility.obj
 0001:000173b8       at_quick_exit              00000001800183b8 f   MSVCRT:utility.obj
 0001:000173d8       atexit                     00000001800183d8 f   MSVCRT:utility.obj
 0001:000173f0       __scrt_get_dyn_tls_init_callback 00000001800183f0 f   MSVCRT:dyn_tls_init.obj
 0001:000173f8       __crt_debugger_hook        00000001800183f8 f   MSVCRT:utility_desktop.obj
 0001:00017400       __scrt_fastfail            0000000180018400 f   MSVCRT:utility_desktop.obj
 0001:00017548       __scrt_get_show_window_mode 0000000180018548 f   MSVCRT:utility_desktop.obj
 0001:00017584       __scrt_initialize_mta      0000000180018584 f   MSVCRT:utility_desktop.obj
 0001:0001758c       __scrt_initialize_winrt    000000018001858c f   MSVCRT:utility_desktop.obj
 0001:00017590       __scrt_is_managed_app      0000000180018590 f   MSVCRT:utility_desktop.obj
 0001:000175e4       __scrt_set_unhandled_exception_filter 00000001800185e4 f   MSVCRT:utility_desktop.obj
 0001:000175f4       __scrt_exe_initialize_mta  00000001800185f4 f   MSVCRT:utility_desktop.obj
 0001:000175f4       __scrt_stub_for_initialize_mta 00000001800185f4 f   MSVCRT:utility_desktop.obj
 0001:000175f8       __scrt_unhandled_exception_filter 00000001800185f8 f   MSVCRT:utility_desktop.obj
 0001:00017654       _RTC_Initialize            0000000180018654 f   MSVCRT:initsect.obj
 0001:00017690       _RTC_Terminate             0000000180018690 f   MSVCRT:initsect.obj
 0001:000176cc       _guard_check_icall_nop     00000001800186cc f i MSVCRT:guard_support.obj
 0001:000176d0       ReadNoFence64              00000001800186d0 f i MSVCRT:guard_support.obj
 0001:000176d4       ReadPointerNoFence         00000001800186d4 f i MSVCRT:guard_support.obj
 0001:000176d8       __castguard_check_failure_debugbreak 00000001800186d8 f i MSVCRT:guard_support.obj
 0001:000176f4       __castguard_check_failure_fastfail 00000001800186f4 f i MSVCRT:guard_support.obj
 0001:00017718       __castguard_check_failure_nop 0000000180018718 f i MSVCRT:guard_support.obj
 0001:0001771c       __castguard_check_failure_os_handled 000000018001871c f i MSVCRT:guard_support.obj
 0001:00017768       __castguard_check_failure_user_handled 0000000180018768 f i MSVCRT:guard_support.obj
 0001:000177dc       __castguard_set_user_handler 00000001800187dc f i MSVCRT:guard_support.obj
 0001:000177e8       __castguard_slow_path_check_debugbreak 00000001800187e8 f i MSVCRT:guard_support.obj
 0001:0001781c       __castguard_slow_path_check_fastfail 000000018001881c f i MSVCRT:guard_support.obj
 0001:00017858       __castguard_slow_path_check_nop 0000000180018858 f i MSVCRT:guard_support.obj
 0001:0001785c       __castguard_slow_path_check_os_handled 000000018001885c f i MSVCRT:guard_support.obj
 0001:000178a8       __castguard_slow_path_check_user_handled 00000001800188a8 f i MSVCRT:guard_support.obj
 0001:00017914       _guard_icall_checks_enforced 0000000180018914 f i MSVCRT:guard_support.obj
 0001:0001792c       _guard_rf_checks_enforced  000000018001892c f i MSVCRT:guard_support.obj
 0001:00017930       __isa_available_init       0000000180018930 f   MSVCRT:cpu_disp.obj
 0001:00017adc       _get_startup_argv_mode     0000000180018adc f   MSVCRT:argv_mode.obj
 0001:00017ae4       __scrt_is_ucrt_dll_in_use  0000000180018ae4 f   MSVCRT:ucrt_detection.obj
 0001:00017af0       RtlCaptureContext          0000000180018af0 f   kernel32:KERNEL32.dll
 0001:00017af6       RtlLookupFunctionEntry     0000000180018af6 f   kernel32:KERNEL32.dll
 0001:00017afc       RtlVirtualUnwind           0000000180018afc f   kernel32:KERNEL32.dll
 0001:00017b02       UnhandledExceptionFilter   0000000180018b02 f   kernel32:KERNEL32.dll
 0001:00017b08       SetUnhandledExceptionFilter 0000000180018b08 f   kernel32:KERNEL32.dll
 0001:00017b0e       GetCurrentProcess          0000000180018b0e f   kernel32:KERNEL32.dll
 0001:00017b14       TerminateProcess           0000000180018b14 f   kernel32:KERNEL32.dll
 0001:00017b1a       IsProcessorFeaturePresent  0000000180018b1a f   kernel32:KERNEL32.dll
 0001:00017b20       QueryPerformanceCounter    0000000180018b20 f   kernel32:KERNEL32.dll
 0001:00017b26       GetCurrentProcessId        0000000180018b26 f   kernel32:KERNEL32.dll
 0001:00017b2c       GetCurrentThreadId         0000000180018b2c f   kernel32:KERNEL32.dll
 0001:00017b32       GetSystemTimeAsFileTime    0000000180018b32 f   kernel32:KERNEL32.dll
 0001:00017b38       DisableThreadLibraryCalls  0000000180018b38 f   kernel32:KERNEL32.dll
 0001:00017b3e       InitializeSListHead        0000000180018b3e f   kernel32:KERNEL32.dll
 0001:00017b44       IsDebuggerPresent          0000000180018b44 f   kernel32:KERNEL32.dll
 0001:00017b4a       GetStartupInfoW            0000000180018b4a f   kernel32:KERNEL32.dll
 0001:00017b50       GetModuleHandleW           0000000180018b50 f   kernel32:KERNEL32.dll
 0001:00017b56       memcpy                     0000000180018b56 f   vcruntime:VCRUNTIME140.dll
 0001:00017b5c       memset                     0000000180018b5c f   vcruntime:VCRUNTIME140.dll
 0001:00017b62       __C_specific_handler       0000000180018b62 f   vcruntime:VCRUNTIME140.dll
 0001:00017b68       __std_type_info_destroy_list 0000000180018b68 f   vcruntime:VCRUNTIME140.dll
 0001:00017b6e       __current_exception        0000000180018b6e f   vcruntime:VCRUNTIME140.dll
 0001:00017b74       __current_exception_context 0000000180018b74 f   vcruntime:VCRUNTIME140.dll
 0001:00017b7a       strcmp                     0000000180018b7a f   ucrt:api-ms-win-crt-string-l1-1-0.dll
 0001:00017b80       __stdio_common_vsprintf    0000000180018b80 f   ucrt:api-ms-win-crt-stdio-l1-1-0.dll
 0001:00017b86       free                       0000000180018b86 f   ucrt:api-ms-win-crt-heap-l1-1-0.dll
 0001:00017b8c       malloc                     0000000180018b8c f   ucrt:api-ms-win-crt-heap-l1-1-0.dll
 0001:00017b92       strlen                     0000000180018b92 f   ucrt:api-ms-win-crt-string-l1-1-0.dll
 0001:00017b98       strcat                     0000000180018b98 f   ucrt:api-ms-win-crt-string-l1-1-0.dll
 0001:00017b9e       _initterm                  0000000180018b9e f   ucrt:api-ms-win-crt-runtime-l1-1-0.dll
 0001:00017ba4       _initterm_e                0000000180018ba4 f   ucrt:api-ms-win-crt-runtime-l1-1-0.dll
 0001:00017baa       _seh_filter_dll            0000000180018baa f   ucrt:api-ms-win-crt-runtime-l1-1-0.dll
 0001:00017bb0       _configure_narrow_argv     0000000180018bb0 f   ucrt:api-ms-win-crt-runtime-l1-1-0.dll
 0001:00017bb6       _initialize_narrow_environment 0000000180018bb6 f   ucrt:api-ms-win-crt-runtime-l1-1-0.dll
 0001:00017bbc       _initialize_onexit_table   0000000180018bbc f   ucrt:api-ms-win-crt-runtime-l1-1-0.dll
 0001:00017bc2       _register_onexit_function  0000000180018bc2 f   ucrt:api-ms-win-crt-runtime-l1-1-0.dll
 0001:00017bc8       _execute_onexit_table      0000000180018bc8 f   ucrt:api-ms-win-crt-runtime-l1-1-0.dll
 0001:00017bce       _crt_atexit                0000000180018bce f   ucrt:api-ms-win-crt-runtime-l1-1-0.dll
 0001:00017bd4       _crt_at_quick_exit         0000000180018bd4 f   ucrt:api-ms-win-crt-runtime-l1-1-0.dll
 0001:00017bda       _cexit                     0000000180018bda f   ucrt:api-ms-win-crt-runtime-l1-1-0.dll
 0001:00017be0       terminate                  0000000180018be0 f   ucrt:api-ms-win-crt-runtime-l1-1-0.dll
 0001:00017be8       __acrt_initialize          0000000180018be8 f   MSVCRT:ucrt_stubs.obj
 0001:00017be8       __scrt_stub_for_acrt_initialize 0000000180018be8 f   MSVCRT:ucrt_stubs.obj
 0001:00017be8       __vcrt_initialize          0000000180018be8 f   MSVCRT:ucrt_stubs.obj
 0001:00017bec       __acrt_thread_attach       0000000180018bec f   MSVCRT:ucrt_stubs.obj
 0001:00017bec       __scrt_stub_for_acrt_thread_attach 0000000180018bec f   MSVCRT:ucrt_stubs.obj
 0001:00017bec       __vcrt_thread_attach       0000000180018bec f   MSVCRT:ucrt_stubs.obj
 0001:00017bf0       __acrt_thread_detach       0000000180018bf0 f   MSVCRT:ucrt_stubs.obj
 0001:00017bf0       __scrt_stub_for_acrt_thread_detach 0000000180018bf0 f   MSVCRT:ucrt_stubs.obj
 0001:00017bf0       __vcrt_thread_detach       0000000180018bf0 f   MSVCRT:ucrt_stubs.obj
 0001:00017bf4       __acrt_uninitialize        0000000180018bf4 f   MSVCRT:ucrt_stubs.obj
 0001:00017bf4       __scrt_stub_for_acrt_uninitialize 0000000180018bf4 f   MSVCRT:ucrt_stubs.obj
 0001:00017bf4       __vcrt_uninitialize        0000000180018bf4 f   MSVCRT:ucrt_stubs.obj
 0001:00017bf8       __acrt_uninitialize_critical 0000000180018bf8 f   MSVCRT:ucrt_stubs.obj
 0001:00017bf8       __scrt_stub_for_acrt_uninitialize_critical 0000000180018bf8 f   MSVCRT:ucrt_stubs.obj
 0001:00017bf8       __vcrt_uninitialize_critical 0000000180018bf8 f   MSVCRT:ucrt_stubs.obj
 0001:00017bfc       __scrt_stub_for_is_c_termination_complete 0000000180018bfc f   MSVCRT:ucrt_stubs.obj
 0001:00017bfc       _is_c_termination_complete 0000000180018bfc f   MSVCRT:ucrt_stubs.obj
 0001:00017c10       _guard_dispatch_icall_nop  0000000180018c10 f   MSVCRT:guard_dispatch.obj
 0001:00017c30       _guard_xfg_dispatch_icall_nop 0000000180018c30 f   MSVCRT:guard_xfg_dispatch.obj
 0002:00000000       __imp_RtlVirtualUnwind     0000000180019000     kernel32:KERNEL32.dll
 0002:00000008       __imp_IsProcessorFeaturePresent 0000000180019008     kernel32:KERNEL32.dll
 0002:00000010       __imp_RtlLookupFunctionEntry 0000000180019010     kernel32:KERNEL32.dll
 0002:00000018       __imp_RtlCaptureContext    0000000180019018     kernel32:KERNEL32.dll
 0002:00000020       __imp_QueryPerformanceCounter 0000000180019020     kernel32:KERNEL32.dll
 0002:00000028       __imp_GetCurrentProcessId  0000000180019028     kernel32:KERNEL32.dll
 0002:00000030       __imp_GetCurrentThreadId   0000000180019030     kernel32:KERNEL32.dll
 0002:00000038       __imp_GetSystemTimeAsFileTime 0000000180019038     kernel32:KERNEL32.dll
 0002:00000040       __imp_DisableThreadLibraryCalls 0000000180019040     kernel32:KERNEL32.dll
 0002:00000048       __imp_InitializeSListHead  0000000180019048     kernel32:KERNEL32.dll
 0002:00000050       __imp_IsDebuggerPresent    0000000180019050     kernel32:KERNEL32.dll
 0002:00000058       __imp_GetStartupInfoW      0000000180019058     kernel32:KERNEL32.dll
 0002:00000060       __imp_GetModuleHandleW     0000000180019060     kernel32:KERNEL32.dll
 0002:00000068       __imp_GetCurrentProcess    0000000180019068     kernel32:KERNEL32.dll
 0002:00000070       __imp_SetUnhandledExceptionFilter 0000000180019070     kernel32:KERNEL32.dll
 0002:00000078       __imp_UnhandledExceptionFilter 0000000180019078     kernel32:KERNEL32.dll
 0002:00000080       __imp_TerminateProcess     0000000180019080     kernel32:KERNEL32.dll
 0002:00000088       \177KERNEL32_NULL_THUNK_DATA 0000000180019088     kernel32:KERNEL32.dll
 0002:00000090       __imp_memcpy               0000000180019090     vcruntime:VCRUNTIME140.dll
 0002:00000098       __imp_memset               0000000180019098     vcruntime:VCRUNTIME140.dll
 0002:000000a0       __imp___C_specific_handler 00000001800190a0     vcruntime:VCRUNTIME140.dll
 0002:000000a8       __imp___std_type_info_destroy_list 00000001800190a8     vcruntime:VCRUNTIME140.dll
 0002:000000b0       __imp___current_exception  00000001800190b0     vcruntime:VCRUNTIME140.dll
 0002:000000b8       __imp___current_exception_context 00000001800190b8     vcruntime:VCRUNTIME140.dll
 0002:000000c0       \177VCRUNTIME140_NULL_THUNK_DATA 00000001800190c0     vcruntime:VCRUNTIME140.dll
 0002:000000c8       __imp_malloc               00000001800190c8     ucrt:api-ms-win-crt-heap-l1-1-0.dll
 0002:000000d0       __imp_free                 00000001800190d0     ucrt:api-ms-win-crt-heap-l1-1-0.dll
 0002:000000d8       \177api-ms-win-crt-heap-l1-1-0_NULL_THUNK_DATA 00000001800190d8     ucrt:api-ms-win-crt-heap-l1-1-0.dll
 0002:000000e0       __imp__initterm_e          00000001800190e0     ucrt:api-ms-win-crt-runtime-l1-1-0.dll
 0002:000000e8       __imp__seh_filter_dll      00000001800190e8     ucrt:api-ms-win-crt-runtime-l1-1-0.dll
 0002:000000f0       __imp__configure_narrow_argv 00000001800190f0     ucrt:api-ms-win-crt-runtime-l1-1-0.dll
 0002:000000f8       __imp__initialize_narrow_environment 00000001800190f8     ucrt:api-ms-win-crt-runtime-l1-1-0.dll
 0002:00000100       __imp__initialize_onexit_table 0000000180019100     ucrt:api-ms-win-crt-runtime-l1-1-0.dll
 0002:00000108       __imp__register_onexit_function 0000000180019108     ucrt:api-ms-win-crt-runtime-l1-1-0.dll
 0002:00000110       __imp__execute_onexit_table 0000000180019110     ucrt:api-ms-win-crt-runtime-l1-1-0.dll
 0002:00000118       __imp__crt_atexit          0000000180019118     ucrt:api-ms-win-crt-runtime-l1-1-0.dll
 0002:00000120       __imp__crt_at_quick_exit   0000000180019120     ucrt:api-ms-win-crt-runtime-l1-1-0.dll
 0002:00000128       __imp__cexit               0000000180019128     ucrt:api-ms-win-crt-runtime-l1-1-0.dll
 0002:00000130       __imp_terminate            0000000180019130     ucrt:api-ms-win-crt-runtime-l1-1-0.dll
 0002:00000138       __imp__initterm            0000000180019138     ucrt:api-ms-win-crt-runtime-l1-1-0.dll
 0002:00000140       \177api-ms-win-crt-runtime-l1-1-0_NULL_THUNK_DATA 0000000180019140     ucrt:api-ms-win-crt-runtime-l1-1-0.dll
 0002:00000148       __imp___stdio_common_vsprintf 0000000180019148     ucrt:api-ms-win-crt-stdio-l1-1-0.dll
 0002:00000150       \177api-ms-win-crt-stdio-l1-1-0_NULL_THUNK_DATA 0000000180019150     ucrt:api-ms-win-crt-stdio-l1-1-0.dll
 0002:00000158       __imp_strcmp               0000000180019158     ucrt:api-ms-win-crt-string-l1-1-0.dll
 0002:00000160       __imp_strcat               0000000180019160     ucrt:api-ms-win-crt-string-l1-1-0.dll
 0002:00000168       __imp_strlen               0000000180019168     ucrt:api-ms-win-crt-string-l1-1-0.dll
 0002:00000170       \177api-ms-win-crt-string-l1-1-0_NULL_THUNK_DATA 0000000180019170     ucrt:api-ms-win-crt-string-l1-1-0.dll
 0002:00000178       __imp_covrtEmlSwitchInitFcn 0000000180019178     libcovrt:libcovrt.dll
 0002:00000180       __imp_covrtEmlFcnEval      0000000180019180     libcovrt:libcovrt.dll
 0002:00000188       __imp_covrtEmlSwitchEval   0000000180019188     libcovrt:libcovrt.dll
 0002:00000190       __imp_covrtEmlFcnInitFcn   0000000180019190     libcovrt:libcovrt.dll
 0002:00000198       __imp_covrtEmlInitFcn      0000000180019198     libcovrt:libcovrt.dll
 0002:000001a0       __imp_covrtSigUpdateFcn    00000001800191a0     libcovrt:libcovrt.dll
 0002:000001a8       __imp_covrtChartInitFcn    00000001800191a8     libcovrt:libcovrt.dll
 0002:000001b0       __imp_covrtStateInitFcn    00000001800191b0     libcovrt:libcovrt.dll
 0002:000001b8       __imp_covrtTransInitFcn    00000001800191b8     libcovrt:libcovrt.dll
 0002:000001c0       __imp_covrtDeleteStateflowInstanceData 00000001800191c0     libcovrt:libcovrt.dll
 0002:000001c8       __imp_covrtCreateStateflowInstanceData 00000001800191c8     libcovrt:libcovrt.dll
 0002:000001d0       \177libcovrt_NULL_THUNK_DATA 00000001800191d0     libcovrt:libcovrt.dll
 0002:000001d8       __imp_emlrtSubAssignSizeCheck1dR2017a 00000001800191d8     libemlrt:libemlrt.dll
 0002:000001e0       \177libemlrt_NULL_THUNK_DATA 00000001800191e0     libemlrt:libemlrt.dll
 0002:000001e8       __imp_mexUnlock_800        00000001800191e8     libmex:libmex.dll
 0002:000001f0       __imp_mexMakeArrayPersistent_800 00000001800191f0     libmex:libmex.dll
 0002:000001f8       __imp_mexErrMsgTxt_800     00000001800191f8     libmex:libmex.dll
 0002:00000200       __imp_mexWarnMsgTxt_800    0000000180019200     libmex:libmex.dll
 0002:00000208       __imp_mexCallMATLAB_800    0000000180019208     libmex:libmex.dll
 0002:00000210       __imp_mexLock_800          0000000180019210     libmex:libmex.dll
 0002:00000218       __imp_mexIsLocked_800      0000000180019218     libmex:libmex.dll
 0002:00000220       \177libmex_NULL_THUNK_DATA 0000000180019220     libmex:libmex.dll
 0002:00000228       __imp_muDoubleScalarIsNaN  0000000180019228     libmwmathutil:libmwmathutil.dll
 0002:00000230       __imp_muDoubleScalarTanh   0000000180019230     libmwmathutil:libmwmathutil.dll
 0002:00000238       __imp_muDoubleScalarSqrt   0000000180019238     libmwmathutil:libmwmathutil.dll
 0002:00000240       __imp_muDoubleScalarAbs    0000000180019240     libmwmathutil:libmwmathutil.dll
 0002:00000248       __imp_muDoubleScalarCos    0000000180019248     libmwmathutil:libmwmathutil.dll
 0002:00000250       __imp_muDoubleScalarSin    0000000180019250     libmwmathutil:libmwmathutil.dll
 0002:00000258       __imp_muDoubleScalarAtan2  0000000180019258     libmwmathutil:libmwmathutil.dll
 0002:00000260       \177libmwmathutil_NULL_THUNK_DATA 0000000180019260     libmwmathutil:libmwmathutil.dll
 0002:00000268       __imp_mxGetScalar_800      0000000180019268     libmx:libmx.dll
 0002:00000270       __imp_mxIsChar_800         0000000180019270     libmx:libmx.dll
 0002:00000278       __imp_mxDuplicateArray_800 0000000180019278     libmx:libmx.dll
 0002:00000280       __imp_mxCreateStructMatrix_800 0000000180019280     libmx:libmx.dll
 0002:00000288       __imp_mxCreateCellMatrix_800 0000000180019288     libmx:libmx.dll
 0002:00000290       __imp_mxSetField_800       0000000180019290     libmx:libmx.dll
 0002:00000298       __imp_mxCalloc_800         0000000180019298     libmx:libmx.dll
 0002:000002a0       __imp_mxCreateString_800   00000001800192a0     libmx:libmx.dll
 0002:000002a8       __imp_mxCreateDoubleScalar_800 00000001800192a8     libmx:libmx.dll
 0002:000002b0       __imp_mxGetN_800           00000001800192b0     libmx:libmx.dll
 0002:000002b8       __imp_mxIsComplex_800      00000001800192b8     libmx:libmx.dll
 0002:000002c0       __imp_mxIsNumeric_800      00000001800192c0     libmx:libmx.dll
 0002:000002c8       __imp_mxGetClassID_800     00000001800192c8     libmx:libmx.dll
 0002:000002d0       __imp_mxGetM_800           00000001800192d0     libmx:libmx.dll
 0002:000002d8       __imp_mxGetString_800      00000001800192d8     libmx:libmx.dll
 0002:000002e0       __imp_mxCreateDoubleMatrix_800 00000001800192e0     libmx:libmx.dll
 0002:000002e8       __imp_mxDestroyArray_800   00000001800192e8     libmx:libmx.dll
 0002:000002f0       __imp_mxGetPr_800          00000001800192f0     libmx:libmx.dll
 0002:000002f8       \177libmx_NULL_THUNK_DATA  00000001800192f8     libmx:libmx.dll
 0002:00000300       __imp_utMalloc             0000000180019300     libut:libut.dll
 0002:00000308       __imp_utFree               0000000180019308     libut:libut.dll
 0002:00000310       \177libut_NULL_THUNK_DATA  0000000180019310     libut:libut.dll
 0002:00000318       __imp_sf_get_ChartInfoStruct_CodeGen 0000000180019318     sf_runtime:sf_runtime.dll
 0002:00000320       __imp_ssGetOutputPortSignal_wrapper 0000000180019320     sf_runtime:sf_runtime.dll
 0002:00000328       __imp_ssGetInputPortSignal_wrapper 0000000180019328     sf_runtime:sf_runtime.dll
 0002:00000330       __imp_sf_mex_import_named  0000000180019330     sf_runtime:sf_runtime.dll
 0002:00000338       __imp_sf_mex_import        0000000180019338     sf_runtime:sf_runtime.dll
 0002:00000340       __imp_sf_mex_destroy       0000000180019340     sf_runtime:sf_runtime.dll
 0002:00000348       __imp_sf_mex_dup           0000000180019348     sf_runtime:sf_runtime.dll
 0002:00000350       __imp_sf_mex_assign        0000000180019350     sf_runtime:sf_runtime.dll
 0002:00000358       __imp_sf_mex_getcell       0000000180019358     sf_runtime:sf_runtime.dll
 0002:00000360       __imp_sf_mex_setcell       0000000180019360     sf_runtime:sf_runtime.dll
 0002:00000368       __imp_sf_mex_createcellmatrix 0000000180019368     sf_runtime:sf_runtime.dll
 0002:00000370       __imp_sf_mex_create        0000000180019370     sf_runtime:sf_runtime.dll
 0002:00000378       __imp_sf_mex_error_message 0000000180019378     sf_runtime:sf_runtime.dll
 0002:00000380       __imp_sf_mex_call          0000000180019380     sf_runtime:sf_runtime.dll
 0002:00000388       __imp_sfListenerInitializeRuntimeVars 0000000180019388     sf_runtime:sf_runtime.dll
 0002:00000390       __imp_sfListenerLightTerminate 0000000180019390     sf_runtime:sf_runtime.dll
 0002:00000398       __imp_sfListenerCacheSimStruct 0000000180019398     sf_runtime:sf_runtime.dll
 0002:000003a0       __imp_mdlProcessParamsCommon 00000001800193a0     sf_runtime:sf_runtime.dll
 0002:000003a8       __imp_sf_set_work_widths   00000001800193a8     sf_runtime:sf_runtime.dll
 0002:000003b0       __imp_setDataBrowseFcn     00000001800193b0     sf_runtime:sf_runtime.dll
 0002:000003b8       __imp_sfDoAnimationWrapper 00000001800193b8     sf_runtime:sf_runtime.dll
 0002:000003c0       __imp_sf_is_first_init_cond 00000001800193c0     sf_runtime:sf_runtime.dll
 0002:000003c8       __imp_sf_get_time          00000001800193c8     sf_runtime:sf_runtime.dll
 0002:000003d0       __imp_sf_clear_rtw_identifier 00000001800193d0     sf_runtime:sf_runtime.dll
 0002:000003d8       __imp_sf_mex_get_sfun_param 00000001800193d8     sf_runtime:sf_runtime.dll
 0002:000003e0       __imp_sim_mode_is_external 00000001800193e0     sf_runtime:sf_runtime.dll
 0002:000003e8       __imp_sfSetAnimationVectors 00000001800193e8     sf_runtime:sf_runtime.dll
 0002:000003f0       __imp_sf_get_chart_instance_ptr 00000001800193f0     sf_runtime:sf_runtime.dll
 0002:000003f8       __imp_sfrtGetCovrtInstance 00000001800193f8     sf_runtime:sf_runtime.dll
 0002:00000400       __imp_sfrtGetEmlrtCtx      0000000180019400     sf_runtime:sf_runtime.dll
 0002:00000408       __imp_sf_reset_warnings_ChartRunTimeInfo 0000000180019408     sf_runtime:sf_runtime.dll
 0002:00000410       __imp_sf_free_ChartRunTimeInfo 0000000180019410     sf_runtime:sf_runtime.dll
 0002:00000418       __imp_sf_init_ChartRunTimeInfo 0000000180019418     sf_runtime:sf_runtime.dll
 0002:00000420       __imp_sf_mex_decode        0000000180019420     sf_runtime:sf_runtime.dll
 0002:00000428       __imp_sf_clear_error_manager_info 0000000180019428     sf_runtime:sf_runtime.dll
 0002:00000430       __imp_sf_mex_error_direct_call 0000000180019430     sf_runtime:sf_runtime.dll
 0002:00000438       __imp_getRuntimeInstanceInfoAsVoid 0000000180019438     sf_runtime:sf_runtime.dll
 0002:00000440       __imp_call_sf_machine_global_method_dispatcher 0000000180019440     sf_runtime:sf_runtime.dll
 0002:00000448       __imp_sim_mode_is_rtw_gen  0000000180019448     sf_runtime:sf_runtime.dll
 0002:00000450       __imp_callMdlMethodAndReportError 0000000180019450     sf_runtime:sf_runtime.dll
 0002:00000458       __imp_sf_get_hasSeparateUpdateOutputs 0000000180019458     sf_runtime:sf_runtime.dll
 0002:00000460       __imp_sf_load_rtw_optimization_info 0000000180019460     sf_runtime:sf_runtime.dll
 0002:00000468       \177sf_runtime_NULL_THUNK_DATA 0000000180019468     sf_runtime:sf_runtime.dll
 0002:00000470       __guard_check_icall_fptr   0000000180019470     MSVCRT:guard_support.obj
 0002:00000478       __guard_xfg_check_icall_fptr 0000000180019478     MSVCRT:guard_support.obj
 0002:00000480       __guard_dispatch_icall_fptr 0000000180019480     MSVCRT:guard_support.obj
 0002:00000488       __guard_xfg_dispatch_icall_fptr 0000000180019488     MSVCRT:guard_support.obj
 0002:00000490       __guard_xfg_table_dispatch_icall_fptr 0000000180019490     MSVCRT:guard_support.obj
 0002:00000498       __castguard_check_failure_os_handled_fptr 0000000180019498     MSVCRT:guard_support.obj
 0002:000004a0       __guard_memcpy_fptr        00000001800194a0     vcruntime:softmemtag.obj
 0002:000004a8       __xc_a                     00000001800194a8     MSVCRT:initializers.obj
 0002:000004b0       __xc_z                     00000001800194b0     MSVCRT:initializers.obj
 0002:000004b8       __xi_a                     00000001800194b8     MSVCRT:initializers.obj
 0002:000004c0       __xi_z                     00000001800194c0     MSVCRT:initializers.obj
 0002:000004c8       __xp_a                     00000001800194c8     MSVCRT:initializers.obj
 0002:000004d0       __xp_z                     00000001800194d0     MSVCRT:initializers.obj
 0002:000004d8       __xt_a                     00000001800194d8     MSVCRT:initializers.obj
 0002:000004e0       __xt_z                     00000001800194e0     MSVCRT:initializers.obj
 0002:000005d8       __real@4193c12338000000    00000001800195d8     Simulation_sfun.obj
 0002:000005e0       __real@4199be0704000000    00000001800195e0     Simulation_sfun.obj
 0002:000005e8       __real@41c121c304000000    00000001800195e8     Simulation_sfun.obj
 0002:000005f0       __real@41cc4a4daa000000    00000001800195f0     Simulation_sfun.obj
 0002:000005f8       __real@41d08aa809000000    00000001800195f8     Simulation_sfun.obj
 0002:00000600       __real@41d694f6edc00000    0000000180019600     Simulation_sfun.obj
 0002:00000608       __real@41dd21f954000000    0000000180019608     Simulation_sfun.obj
 0002:00000610       __real@41e08abd1a000000    0000000180019610     Simulation_sfun.obj
 0002:00000618       __real@41e4ae0189600000    0000000180019618     Simulation_sfun.obj
 0002:00000620       __real@41e58cae0ca00000    0000000180019620     Simulation_sfun.obj
 0002:00000628       __real@41e9d9916a400000    0000000180019628     Simulation_sfun.obj
 0002:00000630       __real@41ebc5c1b4000000    0000000180019630     Simulation_sfun.obj
 0002:00002d20       __real@0000000000000000    000000018001bd20     Simulation_sfun_registry.obj
 0002:00002d28       __real@4010000000000000    000000018001bd28     Simulation_sfun_registry.obj
 0002:00002d30       __real@41602cbca0000000    000000018001bd30     Simulation_sfun_registry.obj
 0002:00002d38       __real@bff0000000000000    000000018001bd38     Simulation_sfun_registry.obj
 0002:00002d40       __real@3f800000            000000018001bd40     half_type.obj
 0002:00002ea8       __real@41c72d19ef800000    000000018001bea8     autolibshared_sfun:autolibshared_sfun.obj
 0002:00002eb0       __real@41dc3d88e7400000    000000018001beb0     autolibshared_sfun:autolibshared_sfun.obj
 0002:00002eb8       __real@41e02236c3400000    000000018001beb8     autolibshared_sfun:autolibshared_sfun.obj
 0002:00002ec0       __real@41e3188fefa00000    000000018001bec0     autolibshared_sfun:autolibshared_sfun.obj
 0002:00004190       __real@4000000000000000    000000018001d190     autolibshared_sfun:c3_autolibshared.obj
 0002:00004198       __real@4008000000000000    000000018001d198     autolibshared_sfun:c3_autolibshared.obj
 0002:000041a0       __real@41a32f6c96000000    000000018001d1a0     autolibshared_sfun:c3_autolibshared.obj
 0002:000041a8       __real@41d3a5f471400000    000000018001d1a8     autolibshared_sfun:c3_autolibshared.obj
 0002:000041b0       __real@41e2261e53600000    000000018001d1b0     autolibshared_sfun:c3_autolibshared.obj
 0002:000041b8       __real@41efa783ccc00000    000000018001d1b8     autolibshared_sfun:c3_autolibshared.obj
 0002:000041c0       __xmm@80000000000000008000000000000000 000000018001d1c0     autolibshared_sfun:c3_autolibshared.obj
 0002:000041e0       _pDefaultRawDllMain        000000018001d1e0     MSVCRT:dll_dllmain.obj
 0002:000041e0       _pRawDllMain               000000018001d1e0     MSVCRT:dll_dllmain.obj
 0002:000041f0       __xmm@ffffffffffffffffffffffffffffffff 000000018001d1f0     MSVCRT:utility.obj
 0002:00004200       _load_config_used          000000018001d200     MSVCRT:loadcfg.obj
 0002:00004380       __CastGuardVftablesStart   000000018001d380     MSVCRT:guard_support.obj
 0002:00004400       __CastGuardVftablesEnd     000000018001d400     MSVCRT:guard_support.obj
 0002:00004480       __volatile_metadata        000000018001d480     <linker-defined>
 0002:000048b0       __rtc_iaa                  000000018001d8b0     MSVCRT:initsect.obj
 0002:000048b8       __rtc_izz                  000000018001d8b8     MSVCRT:initsect.obj
 0002:000048c0       __rtc_taa                  000000018001d8c0     MSVCRT:initsect.obj
 0002:000048c8       __rtc_tzz                  000000018001d8c8     MSVCRT:initsect.obj
 0002:000054ec       __IMPORT_DESCRIPTOR_sf_runtime 000000018001e4ec     sf_runtime:sf_runtime.dll
 0002:00005500       __IMPORT_DESCRIPTOR_libmx  000000018001e500     libmx:libmx.dll
 0002:00005514       __IMPORT_DESCRIPTOR_libmex 000000018001e514     libmex:libmex.dll
 0002:00005528       __IMPORT_DESCRIPTOR_libut  000000018001e528     libut:libut.dll
 0002:0000553c       __IMPORT_DESCRIPTOR_libmwmathutil 000000018001e53c     libmwmathutil:libmwmathutil.dll
 0002:00005550       __IMPORT_DESCRIPTOR_libemlrt 000000018001e550     libemlrt:libemlrt.dll
 0002:00005564       __IMPORT_DESCRIPTOR_libcovrt 000000018001e564     libcovrt:libcovrt.dll
 0002:00005578       __IMPORT_DESCRIPTOR_KERNEL32 000000018001e578     kernel32:KERNEL32.dll
 0002:0000558c       __IMPORT_DESCRIPTOR_VCRUNTIME140 000000018001e58c     vcruntime:VCRUNTIME140.dll
 0002:000055a0       __IMPORT_DESCRIPTOR_api-ms-win-crt-string-l1-1-0 000000018001e5a0     ucrt:api-ms-win-crt-string-l1-1-0.dll
 0002:000055b4       __IMPORT_DESCRIPTOR_api-ms-win-crt-stdio-l1-1-0 000000018001e5b4     ucrt:api-ms-win-crt-stdio-l1-1-0.dll
 0002:000055c8       __IMPORT_DESCRIPTOR_api-ms-win-crt-heap-l1-1-0 000000018001e5c8     ucrt:api-ms-win-crt-heap-l1-1-0.dll
 0002:000055dc       __IMPORT_DESCRIPTOR_api-ms-win-crt-runtime-l1-1-0 000000018001e5dc     ucrt:api-ms-win-crt-runtime-l1-1-0.dll
 0002:000055f0       __NULL_IMPORT_DESCRIPTOR   000000018001e5f0     sf_runtime:sf_runtime.dll
 0003:00000000       DYNAMIC_DIMENSION          0000000180020000     Simulation_sfun_registry.obj
 0003:00000180       __security_cookie          0000000180020180     MSVCRT:gs_cookie.obj
 0003:000001c0       __security_cookie_complement 00000001800201c0     MSVCRT:gs_cookie.obj
 0003:000001c8       _fltused                   00000001800201c8     MSVCRT:fltused.obj
 0003:000001cc       __scrt_native_dllmain_reason 00000001800201cc     MSVCRT:utility.obj
 0003:000001d0       __isa_available            00000001800201d0     MSVCRT:cpu_disp.obj
 0003:000001d4       __isa_enabled              00000001800201d4     MSVCRT:cpu_disp.obj
 0003:000001d8       __memset_fast_string_threshold 00000001800201d8     MSVCRT:cpu_disp.obj
 0003:000001e0       __memset_nt_threshold      00000001800201e0     MSVCRT:cpu_disp.obj
 0003:000001f0       __scrt_ucrt_dll_is_in_use  00000001800201f0     MSVCRT:ucrt_stubs.obj
 0003:00000210       ?_OptionsStorage@?1??__local_stdio_printf_options@@9@4_KA 0000000180020210     Simulation_sfun_registry.obj
 0003:00000e20       ?__type_info_root_node@@3U__type_info_node@@A 0000000180020e20     MSVCRT:tncleanup.obj
 0003:00000e30       ?_OptionsStorage@?1??__local_stdio_scanf_options@@9@4_KA 0000000180020e30     MSVCRT:default_local_stdio_options.obj
 0003:00000e38       __scrt_current_native_startup_state 0000000180020e38     MSVCRT:utility.obj
 0003:00000e40       __scrt_native_startup_lock 0000000180020e40     MSVCRT:utility.obj
 0003:00000e80       __scrt_debugger_hook_flag  0000000180020e80     MSVCRT:utility_desktop.obj
 0003:00000e88       __castguard_check_failure_user_handled_fptr 0000000180020e88     MSVCRT:guard_support.obj
 0003:00000e90       __favor                    0000000180020e90     MSVCRT:cpu_disp.obj
 0003:00000e98       __dyn_tls_init_callback    0000000180020e98     <common>

 entry point at        0001:00016e00

 Static symbols

 0000:00000000       .debug$S                   0000000180000000     Simulation_sfun.exp
 0000:00000000       _volmd                     0000000180000000     Simulation_sfun.obj
 0000:00000000       _volmd                     0000000180000000     Simulation_sfun_registry.obj
 0000:00000000       .debug$S                   0000000180000000     ucrt:api-ms-win-crt-heap-l1-1-0.dll
 0000:00000000       .debug$S                   0000000180000000     ucrt:api-ms-win-crt-heap-l1-1-0.dll
 0000:00000000       .debug$S                   0000000180000000     ucrt:api-ms-win-crt-runtime-l1-1-0.dll
 0000:00000000       .debug$S                   0000000180000000     ucrt:api-ms-win-crt-runtime-l1-1-0.dll
 0000:00000000       .debug$S                   0000000180000000     ucrt:api-ms-win-crt-runtime-l1-1-0.dll
 0000:00000000       .debug$S                   0000000180000000     ucrt:api-ms-win-crt-runtime-l1-1-0.dll
 0000:00000000       .debug$S                   0000000180000000     ucrt:api-ms-win-crt-runtime-l1-1-0.dll
 0000:00000000       .debug$S                   0000000180000000     ucrt:api-ms-win-crt-runtime-l1-1-0.dll
 0000:00000000       .debug$S                   0000000180000000     ucrt:api-ms-win-crt-runtime-l1-1-0.dll
 0000:00000000       .debug$S                   0000000180000000     ucrt:api-ms-win-crt-runtime-l1-1-0.dll
 0000:00000000       .debug$S                   0000000180000000     ucrt:api-ms-win-crt-runtime-l1-1-0.dll
 0000:00000000       .debug$S                   0000000180000000     ucrt:api-ms-win-crt-runtime-l1-1-0.dll
 0000:00000000       .debug$S                   0000000180000000     ucrt:api-ms-win-crt-runtime-l1-1-0.dll
 0000:00000000       .debug$S                   0000000180000000     ucrt:api-ms-win-crt-runtime-l1-1-0.dll
 0000:00000000       .debug$S                   0000000180000000     ucrt:api-ms-win-crt-stdio-l1-1-0.dll
 0000:00000000       .debug$S                   0000000180000000     ucrt:api-ms-win-crt-string-l1-1-0.dll
 0000:00000000       .debug$S                   0000000180000000     ucrt:api-ms-win-crt-string-l1-1-0.dll
 0000:00000000       .debug$S                   0000000180000000     ucrt:api-ms-win-crt-string-l1-1-0.dll
 0000:00000000       .debug$S                   0000000180000000     kernel32:KERNEL32.dll
 0000:00000000       .debug$S                   0000000180000000     kernel32:KERNEL32.dll
 0000:00000000       .debug$S                   0000000180000000     kernel32:KERNEL32.dll
 0000:00000000       .debug$S                   0000000180000000     kernel32:KERNEL32.dll
 0000:00000000       .debug$S                   0000000180000000     kernel32:KERNEL32.dll
 0000:00000000       .debug$S                   0000000180000000     kernel32:KERNEL32.dll
 0000:00000000       .debug$S                   0000000180000000     kernel32:KERNEL32.dll
 0000:00000000       .debug$S                   0000000180000000     kernel32:KERNEL32.dll
 0000:00000000       .debug$S                   0000000180000000     kernel32:KERNEL32.dll
 0000:00000000       .debug$S                   0000000180000000     kernel32:KERNEL32.dll
 0000:00000000       .debug$S                   0000000180000000     kernel32:KERNEL32.dll
 0000:00000000       .debug$S                   0000000180000000     kernel32:KERNEL32.dll
 0000:00000000       .debug$S                   0000000180000000     kernel32:KERNEL32.dll
 0000:00000000       .debug$S                   0000000180000000     kernel32:KERNEL32.dll
 0000:00000000       .debug$S                   0000000180000000     kernel32:KERNEL32.dll
 0000:00000000       .debug$S                   0000000180000000     kernel32:KERNEL32.dll
 0000:00000000       .debug$S                   0000000180000000     kernel32:KERNEL32.dll
 0000:00000000       .debug$S                   0000000180000000     libcovrt:libcovrt.dll
 0000:00000000       .debug$S                   0000000180000000     libcovrt:libcovrt.dll
 0000:00000000       .debug$S                   0000000180000000     libcovrt:libcovrt.dll
 0000:00000000       .debug$S                   0000000180000000     libcovrt:libcovrt.dll
 0000:00000000       .debug$S                   0000000180000000     libcovrt:libcovrt.dll
 0000:00000000       .debug$S                   0000000180000000     libcovrt:libcovrt.dll
 0000:00000000       .debug$S                   0000000180000000     libcovrt:libcovrt.dll
 0000:00000000       .debug$S                   0000000180000000     libcovrt:libcovrt.dll
 0000:00000000       .debug$S                   0000000180000000     libcovrt:libcovrt.dll
 0000:00000000       .debug$S                   0000000180000000     libcovrt:libcovrt.dll
 0000:00000000       .debug$S                   0000000180000000     libcovrt:libcovrt.dll
 0000:00000000       .debug$S                   0000000180000000     libemlrt:libemlrt.dll
 0000:00000000       .debug$S                   0000000180000000     libmex:libmex.dll
 0000:00000000       .debug$S                   0000000180000000     libmex:libmex.dll
 0000:00000000       .debug$S                   0000000180000000     libmex:libmex.dll
 0000:00000000       .debug$S                   0000000180000000     libmex:libmex.dll
 0000:00000000       .debug$S                   0000000180000000     libmex:libmex.dll
 0000:00000000       .debug$S                   0000000180000000     libmex:libmex.dll
 0000:00000000       .debug$S                   0000000180000000     libmex:libmex.dll
 0000:00000000       .debug$S                   0000000180000000     libmwmathutil:libmwmathutil.dll
 0000:00000000       .debug$S                   0000000180000000     libmwmathutil:libmwmathutil.dll
 0000:00000000       .debug$S                   0000000180000000     libmwmathutil:libmwmathutil.dll
 0000:00000000       .debug$S                   0000000180000000     libmwmathutil:libmwmathutil.dll
 0000:00000000       .debug$S                   0000000180000000     libmwmathutil:libmwmathutil.dll
 0000:00000000       .debug$S                   0000000180000000     libmwmathutil:libmwmathutil.dll
 0000:00000000       .debug$S                   0000000180000000     libmwmathutil:libmwmathutil.dll
 0000:00000000       .debug$S                   0000000180000000     libmx:libmx.dll
 0000:00000000       .debug$S                   0000000180000000     libmx:libmx.dll
 0000:00000000       .debug$S                   0000000180000000     libmx:libmx.dll
 0000:00000000       .debug$S                   0000000180000000     libmx:libmx.dll
 0000:00000000       .debug$S                   0000000180000000     libmx:libmx.dll
 0000:00000000       .debug$S                   0000000180000000     libmx:libmx.dll
 0000:00000000       .debug$S                   0000000180000000     libmx:libmx.dll
 0000:00000000       .debug$S                   0000000180000000     libmx:libmx.dll
 0000:00000000       .debug$S                   0000000180000000     libmx:libmx.dll
 0000:00000000       .debug$S                   0000000180000000     libmx:libmx.dll
 0000:00000000       .debug$S                   0000000180000000     libmx:libmx.dll
 0000:00000000       .debug$S                   0000000180000000     libmx:libmx.dll
 0000:00000000       .debug$S                   0000000180000000     libmx:libmx.dll
 0000:00000000       .debug$S                   0000000180000000     libmx:libmx.dll
 0000:00000000       .debug$S                   0000000180000000     libmx:libmx.dll
 0000:00000000       .debug$S                   0000000180000000     libmx:libmx.dll
 0000:00000000       .debug$S                   0000000180000000     libmx:libmx.dll
 0000:00000000       .debug$S                   0000000180000000     libmx:libmx.dll
 0000:00000000       .debug$S                   0000000180000000     libut:libut.dll
 0000:00000000       .debug$S                   0000000180000000     libut:libut.dll
 0000:00000000       .debug$S                   0000000180000000     sf_runtime:sf_runtime.dll
 0000:00000000       .debug$S                   0000000180000000     sf_runtime:sf_runtime.dll
 0000:00000000       .debug$S                   0000000180000000     sf_runtime:sf_runtime.dll
 0000:00000000       .debug$S                   0000000180000000     sf_runtime:sf_runtime.dll
 0000:00000000       .debug$S                   0000000180000000     sf_runtime:sf_runtime.dll
 0000:00000000       .debug$S                   0000000180000000     sf_runtime:sf_runtime.dll
 0000:00000000       .debug$S                   0000000180000000     sf_runtime:sf_runtime.dll
 0000:00000000       .debug$S                   0000000180000000     sf_runtime:sf_runtime.dll
 0000:00000000       .debug$S                   0000000180000000     sf_runtime:sf_runtime.dll
 0000:00000000       .debug$S                   0000000180000000     sf_runtime:sf_runtime.dll
 0000:00000000       .debug$S                   0000000180000000     sf_runtime:sf_runtime.dll
 0000:00000000       .debug$S                   0000000180000000     sf_runtime:sf_runtime.dll
 0000:00000000       .debug$S                   0000000180000000     sf_runtime:sf_runtime.dll
 0000:00000000       .debug$S                   0000000180000000     sf_runtime:sf_runtime.dll
 0000:00000000       .debug$S                   0000000180000000     sf_runtime:sf_runtime.dll
 0000:00000000       .debug$S                   0000000180000000     sf_runtime:sf_runtime.dll
 0000:00000000       .debug$S                   0000000180000000     sf_runtime:sf_runtime.dll
 0000:00000000       .debug$S                   0000000180000000     sf_runtime:sf_runtime.dll
 0000:00000000       .debug$S                   0000000180000000     sf_runtime:sf_runtime.dll
 0000:00000000       .debug$S                   0000000180000000     sf_runtime:sf_runtime.dll
 0000:00000000       .debug$S                   0000000180000000     sf_runtime:sf_runtime.dll
 0000:00000000       .debug$S                   0000000180000000     sf_runtime:sf_runtime.dll
 0000:00000000       .debug$S                   0000000180000000     sf_runtime:sf_runtime.dll
 0000:00000000       .debug$S                   0000000180000000     sf_runtime:sf_runtime.dll
 0000:00000000       .debug$S                   0000000180000000     sf_runtime:sf_runtime.dll
 0000:00000000       .debug$S                   0000000180000000     sf_runtime:sf_runtime.dll
 0000:00000000       .debug$S                   0000000180000000     sf_runtime:sf_runtime.dll
 0000:00000000       .debug$S                   0000000180000000     sf_runtime:sf_runtime.dll
 0000:00000000       .debug$S                   0000000180000000     sf_runtime:sf_runtime.dll
 0000:00000000       .debug$S                   0000000180000000     sf_runtime:sf_runtime.dll
 0000:00000000       .debug$S                   0000000180000000     sf_runtime:sf_runtime.dll
 0000:00000000       .debug$S                   0000000180000000     sf_runtime:sf_runtime.dll
 0000:00000000       .debug$S                   0000000180000000     sf_runtime:sf_runtime.dll
 0000:00000000       .debug$S                   0000000180000000     sf_runtime:sf_runtime.dll
 0000:00000000       .debug$S                   0000000180000000     sf_runtime:sf_runtime.dll
 0000:00000000       .debug$S                   0000000180000000     sf_runtime:sf_runtime.dll
 0000:00000000       .debug$S                   0000000180000000     sf_runtime:sf_runtime.dll
 0000:00000000       .debug$S                   0000000180000000     sf_runtime:sf_runtime.dll
 0000:00000000       .debug$S                   0000000180000000     sf_runtime:sf_runtime.dll
 0000:00000000       .debug$S                   0000000180000000     sf_runtime:sf_runtime.dll
 0000:00000000       .debug$S                   0000000180000000     sf_runtime:sf_runtime.dll
 0000:00000000       .debug$S                   0000000180000000     sf_runtime:sf_runtime.dll
 0000:00000000       _volmd                     0000000180000000     MSVCRT:cpu_disp.obj
 0002:fffe7000       __guard_ehcont_?dllmain_dispatch@@YAHQEAUHINSTANCE__@@KQEAX@Z 0000000180000000     MSVCRT:dll_dllmain.obj
 0002:fffe7000       __guard_fids_?dllmain_dispatch@@YAHQEAUHINSTANCE__@@KQEAX@Z 0000000180000000     MSVCRT:dll_dllmain.obj
 0000:00000000       _volmd                     0000000180000000     MSVCRT:gs_report.obj
 0000:00000000       _volmd                     0000000180000000     MSVCRT:gs_report.obj
 0000:00000000       _volmd                     0000000180000000     MSVCRT:gs_report.obj
 0002:fffe7000       __guard_fids__             0000000180000000     MSVCRT:guard_support.obj
 0002:fffe7000       __guard_fids__             0000000180000000     MSVCRT:guard_support.obj
 0002:fffe7000       __guard_fids__guard_icall_checks_enforced 0000000180000000     MSVCRT:guard_support.obj
[...]
 0002:00004fd4       $unwind$?sf_autolibshared_third_party_uses_info@@YAIHQEAPEAUmxArray_tag@@HQEAPEBU1@@Z 000000018001dfd4     autolibshared_sfun:autolibshared_sfun.obj
 0002:00004fe4       $unwind$?sf_autolibshared_jit_fallback_info@@YAIHQEAPEAUmxArray_tag@@HQEAPEBU1@@Z 000000018001dfe4     autolibshared_sfun:autolibshared_sfun.obj
 0002:00004ff4       $unwind$?sf_autolibshared_get_post_codegen_info@@YAIHQEAPEAUmxArray_tag@@HQEAPEBU1@@Z 000000018001dff4     autolibshared_sfun:autolibshared_sfun.obj
 0002:00005004       $unwind$?sf_autolibshared_updateBuildInfo_args_info@@YAIHQEAPEAUmxArray_tag@@HQEAPEBU1@@Z 000000018001e004     autolibshared_sfun:autolibshared_sfun.obj
 0002:00005014       $unwind$?sf_c3_autolibshared_get_eml_resolved_functions_info@@YAPEBUmxArray_tag@@XZ 000000018001e014     autolibshared_sfun:c3_autolibshared.obj
 0002:0000501c       $unwind$?sf_c3_autolibshared_get_check_sum@@YAXQEAPEAUmxArray_tag@@@Z 000000018001e01c     autolibshared_sfun:c3_autolibshared.obj
 0002:00005024       $unwind$?c3_autolibshared_method_dispatcher@@YAXPEAUSimStruct_tag@@HPEAX@Z 000000018001e024     autolibshared_sfun:c3_autolibshared.obj
 0002:0000502c       $unwind$?initialize_c3_autolibshared@@YAXPEAUSFc3_autolibsharedInstanceStruct@@@Z 000000018001e02c     autolibshared_sfun:c3_autolibshared.obj
 0002:00005034       $unwind$?initialize_params_c3_autolibshared@@YAXPEAUSFc3_autolibsharedInstanceStruct@@@Z 000000018001e034     autolibshared_sfun:c3_autolibshared.obj
 0002:0000503c       $unwind$?mdl_start_c3_autolibshared@@YAXPEAUSFc3_autolibsharedInstanceStruct@@@Z 000000018001e03c     autolibshared_sfun:c3_autolibshared.obj
 0002:00005044       $unwind$?mdl_setup_runtime_resources_c3_autolibshared@@YAXPEAUSFc3_autolibsharedInstanceStruct@@@Z 000000018001e044     autolibshared_sfun:c3_autolibshared.obj
 0002:0000504c       $unwind$?mdl_cleanup_runtime_resources_c3_autolibshared@@YAXPEAUSFc3_autolibsharedInstanceStruct@@@Z 000000018001e04c     autolibshared_sfun:c3_autolibshared.obj
 0002:00005054       $unwind$?enable_c3_autolibshared@@YAXPEAUSFc3_autolibsharedInstanceStruct@@@Z 000000018001e054     autolibshared_sfun:c3_autolibshared.obj
 0002:0000505c       $unwind$?disable_c3_autolibshared@@YAXPEAUSFc3_autolibsharedInstanceStruct@@@Z 000000018001e05c     autolibshared_sfun:c3_autolibshared.obj
 0002:00005064       $unwind$?sf_gateway_c3_autolibshared@@YAXPEAUSFc3_autolibsharedInstanceStruct@@@Z 000000018001e064     autolibshared_sfun:c3_autolibshared.obj
 0002:0000506c       $unwind$?c3_do_animation_call_c3_autolibshared@@YAXPEAUSFc3_autolibsharedInstanceStruct@@@Z 000000018001e06c     autolibshared_sfun:c3_autolibshared.obj
 0002:00005074       $unwind$?get_sim_state_c3_autolibshared@@YAPEBUmxArray_tag@@PEAUSFc3_autolibsharedInstanceStruct@@@Z 000000018001e074     autolibshared_sfun:c3_autolibshared.obj
 0002:0000507c       $unwind$?set_sim_state_c3_autolibshared@@YAXPEAUSFc3_autolibsharedInstanceStruct@@PEBUmxArray_tag@@@Z 000000018001e07c     autolibshared_sfun:c3_autolibshared.obj
 0002:0000508c       $unwind$?c3_function_handle_parenReference@@YANPEAUSFc3_autolibsharedInstanceStruct@@N@Z 000000018001e08c     autolibshared_sfun:c3_autolibshared.obj
 0002:00005094       $unwind$?c3_automlvehdynftiresat@@YAXPEAUSFc3_autolibsharedInstanceStruct@@PEBUemlrtStack@@NNNPEAN2@Z 000000018001e094     autolibshared_sfun:c3_autolibshared.obj
 0002:0000509c       $unwind$?c3_emlrt_marshallIn@@YAXPEAUSFc3_autolibsharedInstanceStruct@@PEBUmxArray_tag@@PEBDQEAN@Z 000000018001e09c     autolibshared_sfun:c3_autolibshared.obj
 0002:000050a4       $unwind$?c3_b_emlrt_marshallIn@@YAXPEAUSFc3_autolibsharedInstanceStruct@@PEBUmxArray_tag@@PEBUemlrtMsgIdentifier@@QEAN@Z 000000018001e0a4     autolibshared_sfun:c3_autolibshared.obj
 0002:000050b4       $unwind$?c3_c_emlrt_marshallIn@@YAXPEAUSFc3_autolibsharedInstanceStruct@@PEBUmxArray_tag@@PEBDQEAN@Z 000000018001e0b4     autolibshared_sfun:c3_autolibshared.obj
 0002:000050bc       $unwind$?c3_d_emlrt_marshallIn@@YAXPEAUSFc3_autolibsharedInstanceStruct@@PEBUmxArray_tag@@PEBUemlrtMsgIdentifier@@QEAN@Z 000000018001e0bc     autolibshared_sfun:c3_autolibshared.obj
 0002:000050cc       $unwind$?c3_e_emlrt_marshallIn@@YAXPEAUSFc3_autolibsharedInstanceStruct@@PEBUmxArray_tag@@PEBDQEAN@Z 000000018001e0cc     autolibshared_sfun:c3_autolibshared.obj
 0002:000050d4       $unwind$?c3_f_emlrt_marshallIn@@YAXPEAUSFc3_autolibsharedInstanceStruct@@PEBUmxArray_tag@@PEBUemlrtMsgIdentifier@@QEAN@Z 000000018001e0d4     autolibshared_sfun:c3_autolibshared.obj
 0002:000050e4       $unwind$?c3_g_emlrt_marshallIn@@YANPEAUSFc3_autolibsharedInstanceStruct@@PEBUmxArray_tag@@PEBD@Z 000000018001e0e4     autolibshared_sfun:c3_autolibshared.obj
 0002:000050ec       $unwind$?c3_h_emlrt_marshallIn@@YANPEAUSFc3_autolibsharedInstanceStruct@@PEBUmxArray_tag@@PEBUemlrtMsgIdentifier@@@Z 000000018001e0ec     autolibshared_sfun:c3_autolibshared.obj
 0002:000050f4       $unwind$?c3_i_emlrt_marshallIn@@YAEPEAUSFc3_autolibsharedInstanceStruct@@PEBUmxArray_tag@@PEBD@Z 000000018001e0f4     autolibshared_sfun:c3_autolibshared.obj
 0002:000050fc       $unwind$?c3_j_emlrt_marshallIn@@YAEPEAUSFc3_autolibsharedInstanceStruct@@PEBUmxArray_tag@@PEBUemlrtMsgIdentifier@@@Z 000000018001e0fc     autolibshared_sfun:c3_autolibshared.obj
 0002:00005104       $unwind$?c3_chart_data_browse_helper@@YAXPEAUSFc3_autolibsharedInstanceStruct@@HPEAPEBUmxArray_tag@@PEAE@Z 000000018001e104     autolibshared_sfun:c3_autolibshared.obj
 0002:0000510c       $unwind$?c3_b_automlsatfunc@@YAXPEAUSFc3_autolibsharedInstanceStruct@@QEAN@Z 000000018001e10c     autolibshared_sfun:c3_autolibshared.obj
 0002:00005114       $unwind$?init_simulink_io_address@@YAXPEAUSFc3_autolibsharedInstanceStruct@@@Z 000000018001e114     autolibshared_sfun:c3_autolibshared.obj
 0002:0000511c       $unwind$?sf_c3_autolibshared_third_party_uses_info@@YAPEAUmxArray_tag@@XZ 000000018001e11c     autolibshared_sfun:c3_autolibshared.obj
 0002:00005124       $unwind$?sf_c3_autolibshared_jit_fallback_info@@YAPEAUmxArray_tag@@XZ 000000018001e124     autolibshared_sfun:c3_autolibshared.obj
 0002:00005134       $unwind$?sf_c3_autolibshared_updateBuildInfo_args_info@@YAPEAUmxArray_tag@@XZ 000000018001e134     autolibshared_sfun:c3_autolibshared.obj
 0002:0000513c       $unwind$?sf_get_sim_state_info_c3_autolibshared@@YAPEBUmxArray_tag@@XZ 000000018001e13c     autolibshared_sfun:c3_autolibshared.obj
 0002:00005144       $unwind$?sf_opaque_initialize_c3_autolibshared@@YAXPEAX@Z 000000018001e144     autolibshared_sfun:c3_autolibshared.obj
 0002:0000514c       $unwind$?sf_opaque_enable_c3_autolibshared@@YAXPEAX@Z 000000018001e14c     autolibshared_sfun:c3_autolibshared.obj
 0002:00005154       $unwind$?sf_opaque_disable_c3_autolibshared@@YAXPEAX@Z 000000018001e154     autolibshared_sfun:c3_autolibshared.obj
 0002:0000515c       $unwind$?sf_opaque_gateway_c3_autolibshared@@YAXPEAX@Z 000000018001e15c     autolibshared_sfun:c3_autolibshared.obj
 0002:00005164       $unwind$?sf_opaque_get_sim_state_c3_autolibshared@@YAPEBUmxArray_tag@@PEAUSimStruct_tag@@@Z 000000018001e164     autolibshared_sfun:c3_autolibshared.obj
 0002:0000516c       $unwind$?sf_opaque_set_sim_state_c3_autolibshared@@YAXPEAUSimStruct_tag@@PEBUmxArray_tag@@@Z 000000018001e16c     autolibshared_sfun:c3_autolibshared.obj
 0002:00005174       $unwind$?sf_opaque_cleanup_runtime_resources_c3_autolibshared@@YAXPEAX@Z 000000018001e174     autolibshared_sfun:c3_autolibshared.obj
 0002:0000517c       $unwind$?sf_opaque_mdl_start_c3_autolibshared@@YAXPEAX@Z 000000018001e17c     autolibshared_sfun:c3_autolibshared.obj
 0002:00005184       $unwind$?sf_opaque_mdl_terminate_c3_autolibshared@@YAXPEAX@Z 000000018001e184     autolibshared_sfun:c3_autolibshared.obj
 0002:0000518c       $unwind$?mdlProcessParameters_c3_autolibshared@@YAXPEAUSimStruct_tag@@@Z 000000018001e18c     autolibshared_sfun:c3_autolibshared.obj
 0002:00005194       $unwind$?sf_c3_autolibshared_get_post_codegen_info@@YAPEBDXZ 000000018001e194     autolibshared_sfun:c3_autolibshared.obj
 0002:000051a4       $unwind$?mdlSetWorkWidths_c3_autolibshared@@YAXPEAUSimStruct_tag@@@Z 000000018001e1a4     autolibshared_sfun:c3_autolibshared.obj
 0002:000051ac       $unwind$?mdlRTW_c3_autolibshared@@YAXPEAUSimStruct_tag@@@Z 000000018001e1ac     autolibshared_sfun:c3_autolibshared.obj
 0002:000051b4       $unwind$?mdlSetupRuntimeResources_c3_autolibshared@@YAXPEAUSimStruct_tag@@@Z 000000018001e1b4     autolibshared_sfun:c3_autolibshared.obj
 0002:000051bc       $unwind$__report_securityfailure 000000018001e1bc     MSVCRT:gs_report.obj
 0002:000051c4       $unwind$__report_securityfailureEx 000000018001e1c4     MSVCRT:gs_report.obj
 0002:000051cc       $unwind$__report_rangecheckfailure 000000018001e1cc     MSVCRT:gs_report.obj
 0002:000051d4       $unwind$__report_gsfailure 000000018001e1d4     MSVCRT:gs_report.obj
 0002:000051dc       $unwind$capture_current_context 000000018001e1dc     MSVCRT:gs_report.obj
 0002:000051e8       $unwind$capture_previous_context 000000018001e1e8     MSVCRT:gs_report.obj
 0002:000051f4       $unwind$__raise_securityfailure 000000018001e1f4     MSVCRT:gs_report.obj
 0002:000051fc       $unwind$__GSHandlerCheckCommon 000000018001e1fc     MSVCRT:gshandler.obj
 0002:00005204       $unwind$__GSHandlerCheck   000000018001e204     MSVCRT:gshandler.obj
 0002:00005210       $xdatasym                  000000018001e210     MSVCRT:amdsecgs.obj
 0002:00005214       $unwind$?dllmain_crt_process_attach@@YAHQEAUHINSTANCE__@@QEAX@Z 000000018001e214     MSVCRT:dll_dllmain.obj
 0002:00005250       $unwind$?fin$0@?0??dllmain_crt_process_attach@@YAHQEAUHINSTANCE__@@QEAX@Z@4HA 000000018001e250     MSVCRT:dll_dllmain.obj
 0002:00005258       $unwind$?dllmain_crt_process_detach@@YAH_N@Z 000000018001e258     MSVCRT:dll_dllmain.obj
 0002:000052ac       $unwind$?fin$0@?0??dllmain_crt_process_detach@@YAH_N@Z@4HA 000000018001e2ac     MSVCRT:dll_dllmain.obj
 0002:000052b4       $unwind$?fin$1@?0??dllmain_crt_process_detach@@YAH_N@Z@4HA 000000018001e2b4     MSVCRT:dll_dllmain.obj
 0002:000052bc       $unwind$?dllmain_crt_dispatch@@YAHQEAUHINSTANCE__@@KQEAX@Z 000000018001e2bc     MSVCRT:dll_dllmain.obj
 0002:000052c4       $unwind$?dllmain_dispatch@@YAHQEAUHINSTANCE__@@KQEAX@Z 000000018001e2c4     MSVCRT:dll_dllmain.obj
 0002:000052ec       $unwind$?filt$0@?0??dllmain_dispatch@@YAHQEAUHINSTANCE__@@KQEAX@Z@4HA 000000018001e2ec     MSVCRT:dll_dllmain.obj
 0002:000052f4       $unwind$_DllMainCRTStartup 000000018001e2f4     MSVCRT:dll_dllmain.obj
 0002:00005304       $unwind$__security_init_cookie 000000018001e304     MSVCRT:gs_support.obj
 0002:00005310       $unwind$__get_entropy      000000018001e310     MSVCRT:gs_support.obj
 0002:00005318       $unwind$DllMain            000000018001e318     MSVCRT:dll_dllmain_stub.obj
 0002:00005320       $unwind$__scrt_initialize_default_local_stdio_options 000000018001e320     MSVCRT:default_local_stdio_options.obj
 0002:00005328       $unwind$atexit             000000018001e328     MSVCRT:utility.obj
 0002:00005330       $unwind$_onexit            000000018001e330     MSVCRT:utility.obj
 0002:00005338       $unwind$__scrt_is_nonwritable_in_current_image 000000018001e338     MSVCRT:utility.obj
 0002:00005358       $unwind$__scrt_is_nonwritable_in_current_image$filt$0 000000018001e358     MSVCRT:utility.obj
 0002:00005360       $unwind$__scrt_acquire_startup_lock 000000018001e360     MSVCRT:utility.obj
 0002:00005368       $unwind$__scrt_release_startup_lock 000000018001e368     MSVCRT:utility.obj
 0002:00005370       $unwind$__scrt_initialize_crt 000000018001e370     MSVCRT:utility.obj
 0002:00005378       $unwind$__scrt_uninitialize_crt 000000018001e378     MSVCRT:utility.obj
 0002:00005380       $unwind$__scrt_initialize_onexit_tables 000000018001e380     MSVCRT:utility.obj
 0002:00005388       $unwind$__scrt_dllmain_exception_filter 000000018001e388     MSVCRT:utility.obj
 0002:0000539c       $unwind$__scrt_dllmain_before_initialize_c 000000018001e39c     MSVCRT:utility.obj
 0002:000053a4       $unwind$__scrt_dllmain_after_initialize_c 000000018001e3a4     MSVCRT:utility.obj
 0002:000053ac       $unwind$__scrt_dllmain_uninitialize_c 000000018001e3ac     MSVCRT:utility.obj
 0002:000053b4       $unwind$__scrt_dllmain_uninitialize_critical 000000018001e3b4     MSVCRT:utility.obj
 0002:000053bc       $unwind$__scrt_dllmain_crt_thread_attach 000000018001e3bc     MSVCRT:utility.obj
 0002:000053c4       $unwind$__scrt_dllmain_crt_thread_detach 000000018001e3c4     MSVCRT:utility.obj
 0002:000053cc       $unwind$?configure_argv@__scrt_narrow_argv_policy@@SAHXZ 000000018001e3cc     MSVCRT:utility.obj
 0002:000053d4       $unwind$__scrt_get_show_window_mode 000000018001e3d4     MSVCRT:utility_desktop.obj
 0002:000053dc       $unwind$__scrt_is_managed_app 000000018001e3dc     MSVCRT:utility_desktop.obj
 0002:000053e4       $unwind$__scrt_fastfail    000000018001e3e4     MSVCRT:utility_desktop.obj
 0002:000053f4       $unwind$__scrt_unhandled_exception_filter 000000018001e3f4     MSVCRT:utility_desktop.obj
 0002:00005400       $unwind$_RTC_Initialize    000000018001e400     MSVCRT:initsect.obj
 0002:0000540c       $unwind$_RTC_Terminate     000000018001e40c     MSVCRT:initsect.obj
 0002:00005418       $unwind$__castguard_check_failure_os_handled_wrapper 000000018001e418     MSVCRT:guard_support.obj
 0002:00005420       $unwind$__castguard_check_failure_user_handled_wrapper 000000018001e420     MSVCRT:guard_support.obj
 0002:00005428       $unwind$__castguard_check_failure_os_handled 000000018001e428     MSVCRT:guard_support.obj
 0002:00005430       $unwind$__castguard_check_failure_user_handled 000000018001e430     MSVCRT:guard_support.obj
 0002:00005438       $unwind$__castguard_slow_path_check_os_handled 000000018001e438     MSVCRT:guard_support.obj
 0002:00005440       $unwind$__castguard_slow_path_check_user_handled 000000018001e440     MSVCRT:guard_support.obj
 0002:00005448       $unwind$__isa_available_init 000000018001e448     MSVCRT:cpu_disp.obj
 0002:00005458       $xdatasym                  000000018001e458     MSVCRT:guard_dispatch.obj
 0002:00005460       $xdatasym                  000000018001e460     MSVCRT:guard_xfg_dispatch.obj
 0002:00005470       .edata                     000000018001e470     Simulation_sfun.exp
 0002:00005498       rgpv                       000000018001e498     Simulation_sfun.exp
 0002:000054a0       rgszName                   000000018001e4a0     Simulation_sfun.exp
 0002:000054a8       rgwOrd                     000000018001e4a8     Simulation_sfun.exp
 0002:000054ac       szName                     000000018001e4ac     Simulation_sfun.exp
 0002:000054c3       $N00001                    000000018001e4c3     Simulation_sfun.exp
 0002:000054cf       $N00002                    000000018001e4cf     Simulation_sfun.exp
 0002:00005e92       .idata$6                   000000018001ee92     sf_runtime:sf_runtime.dll
 0002:0000600c       .idata$6                   000000018001f00c     libmx:libmx.dll
 0002:000060a0       .idata$6                   000000018001f0a0     libmex:libmex.dll
 0002:000060c2       .idata$6                   000000018001f0c2     libut:libut.dll
 0002:00006160       .idata$6                   000000018001f160     libmwmathutil:libmwmathutil.dll
 0002:00006194       .idata$6                   000000018001f194     libemlrt:libemlrt.dll
 0002:000062a2       .idata$6                   000000018001f2a2     libcovrt:libcovrt.dll
 0002:0000643c       .idata$6                   000000018001f43c     kernel32:KERNEL32.dll
 0002:000064ca       .idata$6                   000000018001f4ca     vcruntime:VCRUNTIME140.dll
 0002:00006618       .idata$6                   000000018001f618     ucrt:api-ms-win-crt-string-l1-1-0.dll
 0002:0000663a       .idata$6                   000000018001f63a     ucrt:api-ms-win-crt-stdio-l1-1-0.dll
 0002:0000665a       .idata$6                   000000018001f65a     ucrt:api-ms-win-crt-heap-l1-1-0.dll
 0002:0000667a       .idata$6                   000000018001f67a     ucrt:api-ms-win-crt-runtime-l1-1-0.dll
 0003:00000008       ?_sfcnName@@3PADA          0000000180020008     Simulation_sfun_registry.obj
 0003:00000028       ?c3_emlrtMCI@@3UemlrtRTEInfo@@A 0000000180020028     autolibshared_sfun:c3_autolibshared.obj
 0003:00000040       ?c3_b_emlrtMCI@@3UemlrtRTEInfo@@A 0000000180020040     autolibshared_sfun:c3_autolibshared.obj
 0003:00000058       ?c3_emlrtRSI@@3UemlrtRSInfo@@A 0000000180020058     autolibshared_sfun:c3_autolibshared.obj
 0003:00000070       ?c3_b_emlrtRSI@@3UemlrtRSInfo@@A 0000000180020070     autolibshared_sfun:c3_autolibshared.obj
 0003:00000088       ?c3_c_emlrtRSI@@3UemlrtRSInfo@@A 0000000180020088     autolibshared_sfun:c3_autolibshared.obj
 0003:000000a0       ?c3_d_emlrtRSI@@3UemlrtRSInfo@@A 00000001800200a0     autolibshared_sfun:c3_autolibshared.obj
 0003:000000b8       ?c3_e_emlrtRSI@@3UemlrtRSInfo@@A 00000001800200b8     autolibshared_sfun:c3_autolibshared.obj
 0003:000000d0       ?c3_emlrtECI@@3UemlrtECInfo@@A 00000001800200d0     autolibshared_sfun:c3_autolibshared.obj
 0003:000000f0       ?c3_b_emlrtECI@@3UemlrtECInfo@@A 00000001800200f0     autolibshared_sfun:c3_autolibshared.obj
 0003:00000110       ?c3_cv@@3PADA              0000000180020110     autolibshared_sfun:c3_autolibshared.obj
 0003:00000130       ?c3_cv2@?1??sf_gateway_c3_autolibshared@@YAXPEAUSFc3_autolibsharedInstanceStruct@@@Z@4PADA 0000000180020130     autolibshared_sfun:c3_autolibshared.obj
 0003:00000150       ?c3_b_cv@?1??sf_gateway_c3_autolibshared@@YAXPEAUSFc3_autolibsharedInstanceStruct@@@Z@4PADA 0000000180020150     autolibshared_sfun:c3_autolibshared.obj
 0003:00000154       ?c3_cv1@?1??sf_gateway_c3_autolibshared@@YAXPEAUSFc3_autolibsharedInstanceStruct@@@Z@4PADA 0000000180020154     autolibshared_sfun:c3_autolibshared.obj
 0003:00000158       ?c3_b_cv@?1??c3_automlvehdynftiresat@@YAXPEAUSFc3_autolibsharedInstanceStruct@@PEBUemlrtStack@@NNNPEAN2@Z@4PADA 0000000180020158     autolibshared_sfun:c3_autolibshared.obj
 0003:00000200       ?sRtwOptimizationInfoStruct@@3PEAUmxArray_tag@@EA 0000000180020200     Simulation_sfun.obj
 0003:00000208       ?sOptimizationInfoFlags@@3USfOptimizationInfoFlagsTag@@A 0000000180020208     Simulation_sfun.obj
 0003:00000218       ?sfGlobalMdlStartCallCounts@@3IA 0000000180020218     Simulation_sfun_registry.obj
 0003:0000021c       ?warningGuard@?1??ssGetRootSS@@9@4_NA 000000018002021c     Simulation_sfun_registry.obj
 0003:0000021d       ?warningGuard@?1??ssGetParentSS@@9@4_NA 000000018002021d     Simulation_sfun_registry.obj
 0003:00000220       ?sRtwOptimizationInfoStruct@@3PEAUmxArray_tag@@EA 0000000180020220     autolibshared_sfun:autolibshared_sfun.obj
 0003:00000228       ?sOptimizationInfoFlags@@3USfOptimizationInfoFlagsTag@@A 0000000180020228     autolibshared_sfun:autolibshared_sfun.obj
 0003:00000230       ?_sfTime_@@3NA             0000000180020230     autolibshared_sfun:c3_autolibshared.obj
 0003:00000240       ?newstr@?1??sf_c3_autolibshared_get_post_codegen_info@@YAPEBDXZ@4PADA 0000000180020240     autolibshared_sfun:c3_autolibshared.obj
 0003:000008a0       GS_ExceptionRecord         00000001800208a0     MSVCRT:gs_report.obj
 0003:00000940       GS_ContextRecord           0000000180020940     MSVCRT:gs_report.obj
 0003:00000e10       ?__proc_attached@@3HA      0000000180020e10     MSVCRT:dll_dllmain.obj
 0003:00000e48       ?is_initialized_as_dll@@3_NA 0000000180020e48     MSVCRT:utility.obj
 0003:00000e49       ?module_local_atexit_table_initialized@@3_NA 0000000180020e49     MSVCRT:utility.obj
 0003:00000e50       ?module_local_atexit_table@@3U_onexit_table_t@@A 0000000180020e50     MSVCRT:utility.obj
 0003:00000e68       ?module_local_at_quick_exit_table@@3U_onexit_table_t@@A 0000000180020e68     MSVCRT:utility.obj
