 Simulation_sfun

 Timestamp is 65f538c2 (Sat Mar 16 06:14:26 2024)

 Preferred load address is 0000000180000000

 Start         Length     Name                   Class
 0001:00000000 0001b940H .text$mn                CODE
 0001:0001b940 00000036H .text$mn$00             CODE
 0001:0001b976 00000092H .text$x                 CODE
 0002:00000000 000004b0H .idata$5                DATA
 0002:000004b0 00000038H .00cfg                  DATA
 0002:000004e8 00000008H .CRT$XCA                DATA
 0002:000004f0 00000008H .CRT$XCZ                DATA
 0002:000004f8 00000008H .CRT$XIA                DATA
 0002:00000500 00000008H .CRT$XIZ                DATA
 0002:00000508 00000008H .CRT$XPA                DATA
 0002:00000510 00000008H .CRT$XPZ                DATA
 0002:00000518 00000008H .CRT$XTA                DATA
 0002:00000520 00000010H .CRT$XTZ                DATA
 0002:00000528 00000000H .gehcont$y              DATA
 0002:00000528 00000000H .gfids$y                DATA
 0002:00000530 00005250H .rdata                  DATA
 0002:00005780 00000080H .rdata$CastGuardVftablesA DATA
 0002:00005800 00000080H .rdata$CastGuardVftablesC DATA
 0002:00005880 00000200H .rdata$voltmd           DATA
 0002:00005a80 00000278H .rdata$zzzdbg           DATA
 0002:00005cf8 00000008H .rtc$IAA                DATA
 0002:00005d00 00000008H .rtc$IZZ                DATA
 0002:00005d08 00000008H .rtc$TAA                DATA
 0002:00005d10 00000008H .rtc$TZZ                DATA
 0002:00005d18 00000e38H .xdata                  DATA
 0002:00006b50 0000007cH .edata                  DATA
 0002:00006bcc 00000104H .idata$2                DATA
 0002:00006cd0 00000018H .idata$3                DATA
 0002:00006ce8 000004b0H .idata$4                DATA
 0002:00007198 00000ce8H .idata$6                DATA
 0003:00000000 00000240H .data                   DATA
 0003:00000240 00001820H .bss                    DATA
 0004:00000000 000011a0H .pdata                  DATA

  Address         Publics by Value              Rva+Base               Lib:Object

 0000:00000000       __AbsoluteZero             0000000000000000     <absolute>
 0000:00000000       ___safe_se_handler_count   0000000000000000     <absolute>
 0000:00000000       ___safe_se_handler_table   0000000000000000     <absolute>
 0000:00000000       __arm64x_extra_rfe_table   0000000000000000     <absolute>
 0000:00000000       __arm64x_extra_rfe_table_size 0000000000000000     <absolute>
 0000:00000000       __arm64x_native_entrypoint 0000000000000000     <absolute>
 0000:00000000       __arm64x_redirection_metadata 0000000000000000     <absolute>
 0000:00000000       __arm64x_redirection_metadata_count 0000000000000000     <absolute>
 0000:00000000       __dynamic_value_reloc_table 0000000000000000     <absolute>
 0000:00000000       __enclave_config           0000000000000000     <absolute>
 0000:00000000       __guard_check_icall_a64n_fptr 0000000000000000     <absolute>
 0000:00000000       __guard_eh_cont_count      0000000000000000     <absolute>
 0000:00000000       __guard_eh_cont_table      0000000000000000     <absolute>
 0000:00000000       __guard_fids_count         0000000000000000     <absolute>
 0000:00000000       __guard_fids_table         0000000000000000     <absolute>
 0000:00000000       __guard_iat_count          0000000000000000     <absolute>
 0000:00000000       __guard_iat_table          0000000000000000     <absolute>
 0000:00000000       __guard_longjmp_count      0000000000000000     <absolute>
 0000:00000000       __guard_longjmp_table      0000000000000000     <absolute>
 0000:00000000       __hybrid_auxiliary_delayload_iat 0000000000000000     <absolute>
 0000:00000000       __hybrid_auxiliary_delayload_iat_copy 0000000000000000     <absolute>
 0000:00000000       __hybrid_auxiliary_iat     0000000000000000     <absolute>
 0000:00000000       __hybrid_auxiliary_iat_copy 0000000000000000     <absolute>
 0000:00000000       __hybrid_code_map          0000000000000000     <absolute>
 0000:00000000       __hybrid_code_map_count    0000000000000000     <absolute>
 0000:00000000       __hybrid_image_info_bitfield 0000000000000000     <absolute>
 0000:00000000       __x64_code_ranges_to_entry_points 0000000000000000     <absolute>
 0000:00000000       __x64_code_ranges_to_entry_points_count 0000000000000000     <absolute>
 0000:00000100       __guard_flags              0000000000000100     <absolute>
 0000:00000000       __ImageBase                0000000180000000     <linker-defined>
 0001:00000000       ?Simulation_initializer@@YAXXZ 0000000180001000 f   Simulation_sfun.obj
 0001:00000010       ?Simulation_terminator@@YAXXZ 0000000180001010 f   Simulation_sfun.obj
 0001:00000020       ?load_Simulation_optimization_info@@YAPEAUmxArray_tag@@EEE@Z 0000000180001020 f   Simulation_sfun.obj
 0001:000000d0       ?unload_Simulation_optimization_info@@YAXXZ 00000001800010d0 f   Simulation_sfun.obj
 0001:00000100       ?sf_Simulation_method_dispatcher@@YAIPEAUSimStruct_tag@@IPEBDHPEAX@Z 0000000180001100 f   Simulation_sfun.obj
 0001:00000170       ?sf_Simulation_process_check_sum_call@@YAIHQEAPEAUmxArray_tag@@HQEAPEBU1@@Z 0000000180001170 f   Simulation_sfun.obj
 0001:00000680       ?sf_Simulation_get_eml_resolved_functions_info@@YAIHQEAPEAUmxArray_tag@@HQEAPEBU1@@Z 0000000180001680 f   Simulation_sfun.obj
 0001:000008c0       ?sf_Simulation_third_party_uses_info@@YAIHQEAPEAUmxArray_tag@@HQEAPEBU1@@Z 00000001800018c0 f   Simulation_sfun.obj
 0001:00000ac0       ?sf_Simulation_jit_fallback_info@@YAIHQEAPEAUmxArray_tag@@HQEAPEBU1@@Z 0000000180001ac0 f   Simulation_sfun.obj
 0001:00000cc0       ?sf_Simulation_get_post_codegen_info@@YAIHQEAPEAUmxArray_tag@@HQEAPEBU1@@Z 0000000180001cc0 f   Simulation_sfun.obj
 0001:00000ee0       ?sf_Simulation_updateBuildInfo_args_info@@YAIHQEAPEAUmxArray_tag@@HQEAPEBU1@@Z 0000000180001ee0 f   Simulation_sfun.obj
 0001:000010e0       ?Simulation_register_exported_symbols@@YAXPEAUSimStruct_tag@@@Z 00000001800020e0 f   Simulation_sfun.obj
 0001:000010f0       ?sf_c2_Simulation_get_eml_resolved_functions_info@@YAPEBUmxArray_tag@@XZ 00000001800020f0 f   c2_Simulation.obj
 0001:00001170       ?sf_c2_Simulation_get_check_sum@@YAXQEAPEAUmxArray_tag@@@Z 0000000180002170 f   c2_Simulation.obj
 0001:00001240       ?c2_Simulation_method_dispatcher@@YAXPEAUSimStruct_tag@@HPEAX@Z 0000000180002240 f   c2_Simulation.obj
 0001:000027e0       ?sf_c2_Simulation_third_party_uses_info@@YAPEAUmxArray_tag@@XZ 00000001800037e0 f   c2_Simulation.obj
 0001:00002810       ?sf_c2_Simulation_jit_fallback_info@@YAPEAUmxArray_tag@@XZ 0000000180003810 f   c2_Simulation.obj
 0001:000029a0       ?sf_c2_Simulation_updateBuildInfo_args_info@@YAPEAUmxArray_tag@@XZ 00000001800039a0 f   c2_Simulation.obj
 0001:00002cd0       ?sf_c2_Simulation_get_post_codegen_info@@YAPEBDXZ 0000000180003cd0 f   c2_Simulation.obj
 0001:000031c0       ??2@YAPEAX_KPEAX@Z         00000001800041c0 f i c2_Simulation.obj
 0001:000031d0       ?sf_c4_Simulation_get_eml_resolved_functions_info@@YAPEBUmxArray_tag@@XZ 00000001800041d0 f   c4_Simulation.obj
 0001:00003250       ?sf_c4_Simulation_get_check_sum@@YAXQEAPEAUmxArray_tag@@@Z 0000000180004250 f   c4_Simulation.obj
 0001:00003320       ?c4_Simulation_method_dispatcher@@YAXPEAUSimStruct_tag@@HPEAX@Z 0000000180004320 f   c4_Simulation.obj
 0001:00004120       ?sf_c4_Simulation_third_party_uses_info@@YAPEAUmxArray_tag@@XZ 0000000180005120 f   c4_Simulation.obj
 0001:00004150       ?sf_c4_Simulation_jit_fallback_info@@YAPEAUmxArray_tag@@XZ 0000000180005150 f   c4_Simulation.obj
 0001:000042e0       ?sf_c4_Simulation_updateBuildInfo_args_info@@YAPEAUmxArray_tag@@XZ 00000001800052e0 f   c4_Simulation.obj
 0001:00004610       ?sf_c4_Simulation_get_post_codegen_info@@YAPEBDXZ 0000000180005610 f   c4_Simulation.obj
 0001:00004b00       mexFunction                0000000180005b00 f   Simulation_sfun_registry.obj
 0001:00007470       _ssSetInputPortDirectFeedThroughFcn 0000000180008470 f   Simulation_sfun_registry.obj
 0001:000075f0       _ssSetRWorkValueFcn        00000001800085f0 f   Simulation_sfun_registry.obj
 0001:00007670       _ssGetRWorkValueFcn        0000000180008670 f   Simulation_sfun_registry.obj
 0001:000076e0       _ssSetIWorkValueFcn        00000001800086e0 f   Simulation_sfun_registry.obj
 0001:00007760       _ssGetIWorkValueFcn        0000000180008760 f   Simulation_sfun_registry.obj
 0001:000077d0       _ssSetPWorkValueFcn        00000001800087d0 f   Simulation_sfun_registry.obj
 0001:00007850       _ssGetPWorkValueFcn        0000000180008850 f   Simulation_sfun_registry.obj
 0001:000078c0       _ssGetInputPortSignalFcn   00000001800088c0 f   Simulation_sfun_registry.obj
 0001:00007c70       _ssGetInputPortBufferDstPortFcn 0000000180008c70 f   Simulation_sfun_registry.obj
 0001:00007cf0       _ssGetInputPortSignalPtrsFcn 0000000180008cf0 f   Simulation_sfun_registry.obj
 0001:000080a0       ssGetParameterTuningCompliance 00000001800090a0 f   Simulation_sfun_registry.obj
 0001:00008110       _ssReadInputStringFcn      0000000180009110 f   Simulation_sfun_registry.obj
 0001:00008180       ssGetDTypeIdFromMxArray    0000000180009180 f   Simulation_sfun_registry.obj
 0001:000082a0       ssWriteRTWMx2dMatParam     00000001800092a0 f   Simulation_sfun_registry.obj
 0001:00008330       ssWriteRTWMxVectParam      0000000180009330 f   Simulation_sfun_registry.obj
 0001:000083b0       ssWriteRTWParameters       00000001800093b0 f   Simulation_sfun_registry.obj
 0001:00008eb0       ssWriteRTWParamSettings    0000000180009eb0 f   Simulation_sfun_registry.obj
 0001:00009bf0       ssWriteRTWStr              000000018000abf0 f   Simulation_sfun_registry.obj
 0001:00009c50       ssWriteRTWWorkVect         000000018000ac50 f   Simulation_sfun_registry.obj
 0001:0000a260       ssWarning                  000000018000b260 f   Simulation_sfun_registry.obj
 0001:0000a3a0       ssGetRootSS                000000018000b3a0 f   Simulation_sfun_registry.obj
 0001:0000a460       ssGetParentSS              000000018000b460 f   Simulation_sfun_registry.obj
 0001:0000a520       ssWriteRTWNameValuePair    000000018000b520 f   Simulation_sfun_registry.obj
 0001:0000aca0       _ssSetInputPortMatrixDimensions 000000018000bca0 f   Simulation_sfun_registry.obj
 0001:0000adf0       _ssSetOutputPortMatrixDimensions 000000018000bdf0 f   Simulation_sfun_registry.obj
 0001:0000af40       _ssSetInputPortVectorDimension 000000018000bf40 f   Simulation_sfun_registry.obj
 0001:0000aff0       _ssSetOutputPortVectorDimension 000000018000bff0 f   Simulation_sfun_registry.obj
 0001:0000b0a0       ssIsRunTimeParamTunable    000000018000c0a0 f   Simulation_sfun_registry.obj
 0001:0000b110       ssGetSFuncBlockHandle      000000018000c110 f   Simulation_sfun_registry.obj
 0001:0000b180       _ssGetCallSystemNumFcnCallDestinations 000000018000c180 f   Simulation_sfun_registry.obj
 0001:0000b1f0       _ssGetCurrentInputPortWidth 000000018000c1f0 f   Simulation_sfun_registry.obj
 0001:0000b330       _ssGetCurrentOutputPortWidth 000000018000c330 f   Simulation_sfun_registry.obj
 0001:0000b470       ssGetIsZeroCrossControlDisabled 000000018000c470 f   Simulation_sfun_registry.obj
 0001:0000b4e0       ssSetIsInputPortUsedForContZcSignal 000000018000c4e0 f   Simulation_sfun_registry.obj
 0001:0000b550       ssSetZcSignalIsZcElementDisc 000000018000c550 f   Simulation_sfun_registry.obj
 0001:0000b600       ssSetZcSignalName          000000018000c600 f   Simulation_sfun_registry.obj
 0001:0000b670       ssSetZcSignalWidth         000000018000c670 f   Simulation_sfun_registry.obj
 0001:0000b6e0       ssSetZcSignalZcEventType   000000018000c6e0 f   Simulation_sfun_registry.obj
 0001:0000b750       ssSetZcSignalType          000000018000c750 f   Simulation_sfun_registry.obj
 0001:0000b7c0       ssSetZcSignalZcTol         000000018000c7c0 f   Simulation_sfun_registry.obj
 0001:0000b830       ssSetZcSignalNeedsEventNotification 000000018000c830 f   Simulation_sfun_registry.obj
 0001:0000b8a0       ssCreateAndAddZcSignalInfo 000000018000c8a0 f   Simulation_sfun_registry.obj
 0001:0000b910       ssCloneAndAddZcSignalInfo  000000018000c910 f   Simulation_sfun_registry.obj
 0001:0000b980       ssGetNumZcSignals          000000018000c980 f   Simulation_sfun_registry.obj
 0001:0000b9f0       ssGetZcSignalVector        000000018000c9f0 f   Simulation_sfun_registry.obj
 0001:0000ba60       ssGetZcSignalName          000000018000ca60 f   Simulation_sfun_registry.obj
 0001:0000bad0       ssGetZcSignalWidth         000000018000cad0 f   Simulation_sfun_registry.obj
 0001:0000bb40       ssGetZcSignalZcEventType   000000018000cb40 f   Simulation_sfun_registry.obj
 0001:0000bbb0       ssGetZcSignalZcEvents      000000018000cbb0 f   Simulation_sfun_registry.obj
 0001:0000bc20       ssGetZcSignalType          000000018000cc20 f   Simulation_sfun_registry.obj
 0001:0000bc90       ssGetZcSignalZcTol         000000018000cc90 f   Simulation_sfun_registry.obj
 0001:0000bd10       ssGetZcSignalNeedsEventNotification 000000018000cd10 f   Simulation_sfun_registry.obj
 0001:0000bd80       ssGetZcSignalIsZcElementDisc 000000018000cd80 f   Simulation_sfun_registry.obj
 0001:0000be20       ssGetIsInputPortElementContinuous 000000018000ce20 f   Simulation_sfun_registry.obj
 0001:0000bec0       _ssGetAbsTol               000000018000cec0 f   Simulation_sfun_registry.obj
 0001:0000bf30       _ssSetStateAbsTol          000000018000cf30 f   Simulation_sfun_registry.obj
 0001:0000c010       _ssSetInputPortReusableFcn 000000018000d010 f   Simulation_sfun_registry.obj
 0001:0000c120       _ssSetOutputPortReusableFcn 000000018000d120 f   Simulation_sfun_registry.obj
 0001:0000c230       _ssSetSymbolicDimsSupport  000000018000d230 f   Simulation_sfun_registry.obj
 0001:0000c2a0       _ssRegisterSymbolicDimsExpr 000000018000d2a0 f   Simulation_sfun_registry.obj
 0001:0000c320       _ssRegisterSymbolicDimsMATLABExpr 000000018000d320 f   Simulation_sfun_registry.obj
 0001:0000c3b0       _ssRegisterSymbolicDims    000000018000d3b0 f   Simulation_sfun_registry.obj
 0001:0000c450       _ssRegisterSymbolicDimsString 000000018000d450 f   Simulation_sfun_registry.obj
 0001:0000c4d0       _ssRegisterSymbolicDimsIntValue 000000018000d4d0 f   Simulation_sfun_registry.obj
 0001:0000c540       _ssRegisterSymbolicEqualRelation 000000018000d540 f   Simulation_sfun_registry.obj
 0001:0000c5b0       _ssRegisterSymbolicEqualValue 000000018000d5b0 f   Simulation_sfun_registry.obj
 0001:0000c620       _ssAmendLeadingSymbolicDims 000000018000d620 f   Simulation_sfun_registry.obj
 0001:0000c6a0       _ssAmendTrailingSymbolicDims 000000018000d6a0 f   Simulation_sfun_registry.obj
 0001:0000c720       _ssRegisterSymbolicDimsPlus 000000018000d720 f   Simulation_sfun_registry.obj
 0001:0000c7a0       _ssRegisterSymbolicDimsMinus 000000018000d7a0 f   Simulation_sfun_registry.obj
 0001:0000c820       _ssRegisterSymbolicDimsMultiply 000000018000d820 f   Simulation_sfun_registry.obj
 0001:0000c8a0       _ssRegisterSymbolicDimsDivide 000000018000d8a0 f   Simulation_sfun_registry.obj
 0001:0000c920       _ssGetNumSymbolicDims      000000018000d920 f   Simulation_sfun_registry.obj
 0001:0000c990       _ssGetSymbolicDim          000000018000d990 f   Simulation_sfun_registry.obj
 0001:0000ca10       _ssSetInputPortSymbolicDimsId 000000018000da10 f   Simulation_sfun_registry.obj
 0001:0000ca80       _ssGetCompInputPortSymbolicDimsId 000000018000da80 f   Simulation_sfun_registry.obj
 0001:0000caf0       _ssSetCompInputPortSymbolicDimsId 000000018000daf0 f   Simulation_sfun_registry.obj
 0001:0000cb60       _ssSetOutputPortSymbolicDimsId 000000018000db60 f   Simulation_sfun_registry.obj
 0001:0000cbd0       _ssGetCompOutputPortSymbolicDimsId 000000018000dbd0 f   Simulation_sfun_registry.obj
 0001:0000cc40       _ssSetCompOutputPortSymbolicDimsId 000000018000dc40 f   Simulation_sfun_registry.obj
 0001:0000ccb0       _ssGetDWorkSymbolicDimsId  000000018000dcb0 f   Simulation_sfun_registry.obj
 0001:0000cd20       _ssSetDWorkSymbolicDimsId  000000018000dd20 f   Simulation_sfun_registry.obj
 0001:0000cd90       _ssGetCompDWorkSymbolicDimsId 000000018000dd90 f   Simulation_sfun_registry.obj
 0001:0000ce00       _ssSetCompDWorkSymbolicDimsId 000000018000de00 f   Simulation_sfun_registry.obj
 0001:0000ce70       _ssCreateSLCGStringBuffer  000000018000de70 f   Simulation_sfun_registry.obj
 0001:0000cee0       _ssAddToSLCGStringBuffer   000000018000dee0 f   Simulation_sfun_registry.obj
 0001:0000cf50       _ssGetPointerContainedData 000000018000df50 f   Simulation_sfun_registry.obj
 0001:0000cfe0       _ssGetPointerContainedDataWidth 000000018000dfe0 f   Simulation_sfun_registry.obj
 0001:0000d070       _ssRegisterDynamicArrayDataTypeFcn 000000018000e070 f   Simulation_sfun_registry.obj
 0001:0000d110       _ssGetDynamicArrayContainedDataCurrentWidthFcn 000000018000e110 f   Simulation_sfun_registry.obj
 0001:0000d1e0       _ssGetDynamicArrayContainedDataFcn 000000018000e1e0 f   Simulation_sfun_registry.obj
 0001:0000d2b0       _ssGetInputPortDynamicArrayDataFcn 000000018000e2b0 f   Simulation_sfun_registry.obj
 0001:0000d370       _ssGetOutputPortDynamicArrayDataFcn 000000018000e370 f   Simulation_sfun_registry.obj
 0001:0000d430       _ssGetInputPortDynamicArrayContainedDataFcn 000000018000e430 f   Simulation_sfun_registry.obj
 0001:0000d4f0       _ssGetOutputPortDynamicArrayContainedDataFcn 000000018000e4f0 f   Simulation_sfun_registry.obj
 0001:0000d5b0       _ssGetDynamicArrayDWorkContainedDataFcn 000000018000e5b0 f   Simulation_sfun_registry.obj
 0001:0000d670       ?sf_process_check_sum_call@@YAIHQEAPEAUmxArray_tag@@HQEAPEBU1@@Z 000000018000e670 f   Simulation_sfun_registry.obj
 0001:0000d6e0       ?sf_process_get_third_party_uses_info_call@@YAIHQEAPEAUmxArray_tag@@HQEAPEBU1@@Z 000000018000e6e0 f   Simulation_sfun_registry.obj
 0001:0000d9d0       ?sf_process_get_jit_fallback_info_call@@YAIHQEAPEAUmxArray_tag@@HQEAPEBU1@@Z 000000018000e9d0 f   Simulation_sfun_registry.obj
 0001:0000dcc0       ?sf_process_get_post_codegen_info_call@@YAIHQEAPEAUmxArray_tag@@HQEAPEBU1@@Z 000000018000ecc0 f   Simulation_sfun_registry.obj
 0001:0000dfb0       ?sf_process_get_updateBuildInfo_args_info_call@@YAIHQEAPEAUmxArray_tag@@HQEAPEBU1@@Z 000000018000efb0 f   Simulation_sfun_registry.obj
 0001:0000e2a0       ?sf_process_get_eml_resolved_functions_info_call@@YAIHQEAPEAUmxArray_tag@@HQEAPEBU1@@Z 000000018000f2a0 f   Simulation_sfun_registry.obj
 0001:0000e590       ?sf_mex_unlock_call@@YAIHQEAPEAUmxArray_tag@@HQEAPEBU1@@Z 000000018000f590 f   Simulation_sfun_registry.obj
 0001:0000e7b0       ?sf_machine_global_initializer_called@@YAIXZ 000000018000f7b0 f   Simulation_sfun_registry.obj
 0001:0000e7e0       sf_machine_global_method_dispatcher 000000018000f7e0 f   Simulation_sfun_registry.obj
 0001:0000e880       sf_machine_global_terminator 000000018000f880 f   Simulation_sfun_registry.obj
 0001:0000e8c0       ?sf_register_machine_exported_symbols@@YAXPEAUSimStruct_tag@@@Z 000000018000f8c0 f   Simulation_sfun_registry.obj
 0001:0000e8f0       callCustomFcn              000000018000f8f0 f   Simulation_sfun_registry.obj
 0001:0000e900       sf_machine_global_initializer 000000018000f900 f   Simulation_sfun_registry.obj
 0001:0000e970       ?mdlGetSimState@@YAPEAUmxArray_tag@@PEAUSimStruct_tag@@@Z 000000018000f970 f   Simulation_sfun_registry.obj
 0001:0000e9b0       ?mdlSetSimState@@YAXPEAUSimStruct_tag@@PEBUmxArray_tag@@@Z 000000018000f9b0 f   Simulation_sfun_registry.obj
 0001:0000f320       ?ProcessMexSfunctionEveryCall@@YAIHQEAPEAUmxArray_tag@@HQEAPEBU1@@Z 0000000180010320 f   Simulation_sfun_registry.obj
 0001:000104e0       __local_stdio_printf_options 00000001800114e0 f i Simulation_sfun_registry.obj
 0001:000104f0       snprintf                   00000001800114f0 f i Simulation_sfun_registry.obj
 0001:00010550       vsnprintf                  0000000180011550 f i Simulation_sfun_registry.obj
 0001:000105d0       mexfilerequiredapiversion  00000001800115d0 f   c_mexapi_version.obj
 0001:00010600       ?getBitfieldFromFloat@@YAIM@Z 0000000180011600 f   half_type.obj
 0001:00010630       ?getFloatFromBitfield@@YAMI@Z 0000000180011630 f   half_type.obj
 0001:00010660       ??0real16_T@@QEAA@M@Z      0000000180011660 f   half_type.obj
 0001:000108b0       ??0real16_T@@QEAA@N@Z      00000001800118b0 f   half_type.obj
 0001:00010ba0       ??Breal16_T@@QEBAMXZ       0000000180011ba0 f   half_type.obj
 0001:00010d30       ??Breal16_T@@QEBANXZ       0000000180011d30 f   half_type.obj
 0001:00010d60       ??Hreal16_T@@QEBA?AV0@V0@@Z 0000000180011d60 f   half_type.obj
 0001:00010dc0       ??Greal16_T@@QEBA?AV0@V0@@Z 0000000180011dc0 f   half_type.obj
 0001:00010e20       ??Dreal16_T@@QEBA?AV0@V0@@Z 0000000180011e20 f   half_type.obj
 0001:00010e80       ??Kreal16_T@@QEBA?AV0@V0@@Z 0000000180011e80 f   half_type.obj
 0001:00010ee0       ??Hreal16_T@@QEBA?AV0@XZ   0000000180011ee0 f   half_type.obj
 0001:00010f10       ??Greal16_T@@QEBA?AV0@XZ   0000000180011f10 f   half_type.obj
 0001:00010f50       ??Ereal16_T@@QEAAAEAV0@XZ  0000000180011f50 f   half_type.obj
 0001:00010fa0       ??Ereal16_T@@QEAA?AV0@H@Z  0000000180011fa0 f   half_type.obj
 0001:00011010       ??Freal16_T@@QEAAAEAV0@XZ  0000000180012010 f   half_type.obj
 0001:00011060       ??Freal16_T@@QEAA?AV0@H@Z  0000000180012060 f   half_type.obj
 0001:000110d0       ??8real16_T@@QEBAEV0@@Z    00000001800120d0 f   half_type.obj
 0001:00011130       ??9real16_T@@QEBAEV0@@Z    0000000180012130 f   half_type.obj
 0001:00011190       ??Preal16_T@@QEBAEV0@@Z    0000000180012190 f   half_type.obj
 0001:000111e0       ??Oreal16_T@@QEBAEV0@@Z    00000001800121e0 f   half_type.obj
 0001:00011230       ??Nreal16_T@@QEBAEV0@@Z    0000000180012230 f   half_type.obj
 0001:00011280       ??Mreal16_T@@QEBAEV0@@Z    0000000180012280 f   half_type.obj
 0001:000112d0       ??4real16_T@@QEAAAEAV0@AEBV0@@Z 00000001800122d0 f   half_type.obj
 0001:00011300       ??4real16_T@@QECAXAEDV0@@Z 0000000180012300 f   half_type.obj
 0001:00011330       ??4real16_T@@QECAXAEBV0@@Z 0000000180012330 f   half_type.obj
 0001:00011360       ??Yreal16_T@@QEAAAEAV0@V0@@Z 0000000180012360 f   half_type.obj
 0001:000113c0       ??Zreal16_T@@QEAAAEAV0@V0@@Z 00000001800123c0 f   half_type.obj
 0001:00011420       ??Xreal16_T@@QEAAAEAV0@V0@@Z 0000000180012420 f   half_type.obj
 0001:00011480       ??_0real16_T@@QEAAAEAV0@V0@@Z 0000000180012480 f   half_type.obj
 0001:000114e0       ?getBitfieldFromHalf@@YAGVreal16_T@@@Z 00000001800124e0 f   half_type.obj
 0001:00011500       ?getHalfFromBitfield@@YA?AVreal16_T@@G@Z 0000000180012500 f   half_type.obj
 0001:00011540       ?halfToFloat@@YAMVreal16_T@@@Z 0000000180012540 f   half_type.obj
 0001:00011560       ?halfToDouble@@YANVreal16_T@@@Z 0000000180012560 f   half_type.obj
 0001:00011580       ?floatToHalf@@YA?AVreal16_T@@M@Z 0000000180012580 f   half_type.obj
 0001:000115b0       ?doubleToHalf@@YA?AVreal16_T@@N@Z 00000001800125b0 f   half_type.obj
 0001:000115e0       ?getBitPattern@real16_T@@QEBAGXZ 00000001800125e0 f i half_type.obj
 0001:000115f0       ?setBitPattern@real16_T@@QEAAXG@Z 00000001800125f0 f i half_type.obj
 0001:00011610       ?autolibshared_initializer@@YAXXZ 0000000180012610 f   autolibshared_sfun:autolibshared_sfun.obj
 0001:00011620       ?autolibshared_terminator@@YAXXZ 0000000180012620 f   autolibshared_sfun:autolibshared_sfun.obj
 0001:00011630       ?load_autolibshared_optimization_info@@YAPEAUmxArray_tag@@EEE@Z 0000000180012630 f   autolibshared_sfun:autolibshared_sfun.obj
 0001:000116e0       ?unload_autolibshared_optimization_info@@YAXXZ 00000001800126e0 f   autolibshared_sfun:autolibshared_sfun.obj
 0001:00011710       ?sf_autolibshared_method_dispatcher@@YAIPEAUSimStruct_tag@@IPEBDHPEAX@Z 0000000180012710 f   autolibshared_sfun:autolibshared_sfun.obj
 0001:00011760       ?sf_autolibshared_process_check_sum_call@@YAIHQEAPEAUmxArray_tag@@HQEAPEBU1@@Z 0000000180012760 f   autolibshared_sfun:autolibshared_sfun.obj
 0001:00011b60       ?sf_autolibshared_get_eml_resolved_functions_info@@YAIHQEAPEAUmxArray_tag@@HQEAPEBU1@@Z 0000000180012b60 f   autolibshared_sfun:autolibshared_sfun.obj
 0001:00011d40       ?sf_autolibshared_third_party_uses_info@@YAIHQEAPEAUmxArray_tag@@HQEAPEBU1@@Z 0000000180012d40 f   autolibshared_sfun:autolibshared_sfun.obj
 0001:00011f10       ?sf_autolibshared_jit_fallback_info@@YAIHQEAPEAUmxArray_tag@@HQEAPEBU1@@Z 0000000180012f10 f   autolibshared_sfun:autolibshared_sfun.obj
 0001:000120e0       ?sf_autolibshared_get_post_codegen_info@@YAIHQEAPEAUmxArray_tag@@HQEAPEBU1@@Z 00000001800130e0 f   autolibshared_sfun:autolibshared_sfun.obj
 0001:000122c0       ?sf_autolibshared_updateBuildInfo_args_info@@YAIHQEAPEAUmxArray_tag@@HQEAPEBU1@@Z 00000001800132c0 f   autolibshared_sfun:autolibshared_sfun.obj
 0001:00012490       ?autolibshared_register_exported_symbols@@YAXPEAUSimStruct_tag@@@Z 0000000180013490 f   autolibshared_sfun:autolibshared_sfun.obj
 0001:000124a0       ?sf_c3_autolibshared_get_eml_resolved_functions_info@@YAPEBUmxArray_tag@@XZ 00000001800134a0 f   autolibshared_sfun:c3_autolibshared.obj
 0001:00012520       ?sf_c3_autolibshared_get_check_sum@@YAXQEAPEAUmxArray_tag@@@Z 0000000180013520 f   autolibshared_sfun:c3_autolibshared.obj
 0001:000125f0       ?c3_autolibshared_method_dispatcher@@YAXPEAUSimStruct_tag@@HPEAX@Z 00000001800135f0 f   autolibshared_sfun:c3_autolibshared.obj
 0001:00019740       ?sf_c3_autolibshared_third_party_uses_info@@YAPEAUmxArray_tag@@XZ 000000018001a740 f   autolibshared_sfun:c3_autolibshared.obj
 0001:00019770       ?sf_c3_autolibshared_jit_fallback_info@@YAPEAUmxArray_tag@@XZ 000000018001a770 f   autolibshared_sfun:c3_autolibshared.obj
 0001:00019900       ?sf_c3_autolibshared_updateBuildInfo_args_info@@YAPEAUmxArray_tag@@XZ 000000018001a900 f   autolibshared_sfun:c3_autolibshared.obj
 0001:00019c30       ?sf_c3_autolibshared_get_post_codegen_info@@YAPEBDXZ 000000018001ac30 f   autolibshared_sfun:c3_autolibshared.obj
 0001:0001a15b       sf_load_rtw_optimization_info 000000018001b15b f   sf_runtime:sf_runtime.dll
 0001:0001a161       sf_mex_decode              000000018001b161 f   sf_runtime:sf_runtime.dll
 0001:0001a167       sf_init_ChartRunTimeInfo   000000018001b167 f   sf_runtime:sf_runtime.dll
 0001:0001a16d       sf_free_ChartRunTimeInfo   000000018001b16d f   sf_runtime:sf_runtime.dll
 0001:0001a173       sf_reset_warnings_ChartRunTimeInfo 000000018001b173 f   sf_runtime:sf_runtime.dll
 0001:0001a179       sfrtGetEmlrtCtx            000000018001b179 f   sf_runtime:sf_runtime.dll
 0001:0001a17f       sfrtGetCovrtInstance       000000018001b17f f   sf_runtime:sf_runtime.dll
 0001:0001a185       sf_get_chart_instance_ptr  000000018001b185 f   sf_runtime:sf_runtime.dll
 0001:0001a18b       sfSetAnimationVectors      000000018001b18b f   sf_runtime:sf_runtime.dll
 0001:0001a191       sim_mode_is_rtw_gen        000000018001b191 f   sf_runtime:sf_runtime.dll
 0001:0001a197       sim_mode_is_external       000000018001b197 f   sf_runtime:sf_runtime.dll
 0001:0001a19d       sf_clear_rtw_identifier    000000018001b19d f   sf_runtime:sf_runtime.dll
 0001:0001a1a3       sf_get_time                000000018001b1a3 f   sf_runtime:sf_runtime.dll
 0001:0001a1a9       sf_is_first_init_cond      000000018001b1a9 f   sf_runtime:sf_runtime.dll
 0001:0001a1af       sfDoAnimationWrapper       000000018001b1af f   sf_runtime:sf_runtime.dll
 0001:0001a1b5       setDataBrowseFcn           000000018001b1b5 f   sf_runtime:sf_runtime.dll
 0001:0001a1bb       sf_set_work_widths         000000018001b1bb f   sf_runtime:sf_runtime.dll
 0001:0001a1c1       mdlProcessParamsCommon     000000018001b1c1 f   sf_runtime:sf_runtime.dll
 0001:0001a1c7       sfListenerCacheSimStruct   000000018001b1c7 f   sf_runtime:sf_runtime.dll
 0001:0001a1cd       sfListenerLightTerminate   000000018001b1cd f   sf_runtime:sf_runtime.dll
 0001:0001a1d3       sfListenerInitializeRuntimeVars 000000018001b1d3 f   sf_runtime:sf_runtime.dll
 0001:0001a1d9       sf_mex_error_message       000000018001b1d9 f   sf_runtime:sf_runtime.dll
 0001:0001a1df       sf_mex_create              000000018001b1df f   sf_runtime:sf_runtime.dll
 0001:0001a1e5       sf_mex_createcellmatrix    000000018001b1e5 f   sf_runtime:sf_runtime.dll
 0001:0001a1eb       sf_mex_setcell             000000018001b1eb f   sf_runtime:sf_runtime.dll
 0001:0001a1f1       sf_mex_getcell             000000018001b1f1 f   sf_runtime:sf_runtime.dll
 0001:0001a1f7       sf_mex_assign              000000018001b1f7 f   sf_runtime:sf_runtime.dll
 0001:0001a1fd       sf_mex_dup                 000000018001b1fd f   sf_runtime:sf_runtime.dll
 0001:0001a203       sf_mex_destroy             000000018001b203 f   sf_runtime:sf_runtime.dll
 0001:0001a209       sf_mex_import              000000018001b209 f   sf_runtime:sf_runtime.dll
 0001:0001a20f       ssGetInputPortSignal_wrapper 000000018001b20f f   sf_runtime:sf_runtime.dll
 0001:0001a215       ssGetOutputPortSignal_wrapper 000000018001b215 f   sf_runtime:sf_runtime.dll
 0001:0001a21b       sf_get_ChartInfoStruct_CodeGen 000000018001b21b f   sf_runtime:sf_runtime.dll
 0001:0001a221       sf_get_hasSeparateUpdateOutputs 000000018001b221 f   sf_runtime:sf_runtime.dll
 0001:0001a227       callMdlMethodAndReportError 000000018001b227 f   sf_runtime:sf_runtime.dll
 0001:0001a22d       call_sf_machine_global_method_dispatcher 000000018001b22d f   sf_runtime:sf_runtime.dll
 0001:0001a233       getRuntimeInstanceInfoAsVoid 000000018001b233 f   sf_runtime:sf_runtime.dll
 0001:0001a239       sf_mex_error_direct_call   000000018001b239 f   sf_runtime:sf_runtime.dll
 0001:0001a23f       sf_clear_error_manager_info 000000018001b23f f   sf_runtime:sf_runtime.dll
 0001:0001a245       sf_mex_get_sfun_param      000000018001b245 f   sf_runtime:sf_runtime.dll
 0001:0001a24b       sf_mex_call                000000018001b24b f   sf_runtime:sf_runtime.dll
 0001:0001a251       sf_mex_import_named        000000018001b251 f   sf_runtime:sf_runtime.dll
 0001:0001a257       mxIsChar_800               000000018001b257 f   libmx:libmx.dll
 0001:0001a25d       mxGetScalar_800            000000018001b25d f   libmx:libmx.dll
 0001:0001a263       mxGetPr_800                000000018001b263 f   libmx:libmx.dll
 0001:0001a269       mxDestroyArray_800         000000018001b269 f   libmx:libmx.dll
 0001:0001a26f       mxCreateDoubleMatrix_800   000000018001b26f f   libmx:libmx.dll
 0001:0001a275       mxGetString_800            000000018001b275 f   libmx:libmx.dll
 0001:0001a27b       mxDuplicateArray_800       000000018001b27b f   libmx:libmx.dll
 0001:0001a281       mxSetField_800             000000018001b281 f   libmx:libmx.dll
 0001:0001a287       mxCreateString_800         000000018001b287 f   libmx:libmx.dll
 0001:0001a28d       mxCreateCellMatrix_800     000000018001b28d f   libmx:libmx.dll
 0001:0001a293       mxCreateStructMatrix_800   000000018001b293 f   libmx:libmx.dll
 0001:0001a299       mxCalloc_800               000000018001b299 f   libmx:libmx.dll
 0001:0001a29f       mxGetM_800                 000000018001b29f f   libmx:libmx.dll
 0001:0001a2a5       mxGetClassID_800           000000018001b2a5 f   libmx:libmx.dll
 0001:0001a2ab       mxIsNumeric_800            000000018001b2ab f   libmx:libmx.dll
 0001:0001a2b1       mxIsComplex_800            000000018001b2b1 f   libmx:libmx.dll
 0001:0001a2b7       mxGetN_800                 000000018001b2b7 f   libmx:libmx.dll
 0001:0001a2bd       mxCreateDoubleScalar_800   000000018001b2bd f   libmx:libmx.dll
 0001:0001a2c3       mexMakeArrayPersistent_800 000000018001b2c3 f   libmex:libmex.dll
 0001:0001a2c9       mexErrMsgTxt_800           000000018001b2c9 f   libmex:libmex.dll
 0001:0001a2cf       mexWarnMsgTxt_800          000000018001b2cf f   libmex:libmex.dll
 0001:0001a2d5       mexCallMATLAB_800          000000018001b2d5 f   libmex:libmex.dll
 0001:0001a2db       mexLock_800                000000018001b2db f   libmex:libmex.dll
 0001:0001a2e1       mexUnlock_800              000000018001b2e1 f   libmex:libmex.dll
 0001:0001a2e7       mexIsLocked_800            000000018001b2e7 f   libmex:libmex.dll
 0001:0001a2ed       utMalloc                   000000018001b2ed f   libut:libut.dll
 0001:0001a2f3       utFree                     000000018001b2f3 f   libut:libut.dll
 0001:0001a2f9       muDoubleScalarAbs          000000018001b2f9 f   libmwmathutil:libmwmathutil.dll
 0001:0001a2ff       muDoubleScalarMax          000000018001b2ff f   libmwmathutil:libmwmathutil.dll
 0001:0001a305       muDoubleScalarSqrt         000000018001b305 f   libmwmathutil:libmwmathutil.dll
 0001:0001a30b       muDoubleScalarFloor        000000018001b30b f   libmwmathutil:libmwmathutil.dll
 0001:0001a311       muDoubleScalarIsNaN        000000018001b311 f   libmwmathutil:libmwmathutil.dll
 0001:0001a317       muDoubleScalarCos          000000018001b317 f   libmwmathutil:libmwmathutil.dll
 0001:0001a31d       muDoubleScalarAtan2        000000018001b31d f   libmwmathutil:libmwmathutil.dll
 0001:0001a323       muDoubleScalarSin          000000018001b323 f   libmwmathutil:libmwmathutil.dll
 0001:0001a329       muDoubleScalarTanh         000000018001b329 f   libmwmathutil:libmwmathutil.dll
 0001:0001a32f       emlrtDynamicBoundsCheckR2012b 000000018001b32f f   libemlrt:libemlrt.dll
 0001:0001a335       emlrtIntegerCheckR2012b    000000018001b335 f   libemlrt:libemlrt.dll
 0001:0001a33b       emlrtSubAssignSizeCheck1dR2017a 000000018001b33b f   libemlrt:libemlrt.dll
 0001:0001a341       covrtCreateStateflowInstanceData 000000018001b341 f   libcovrt:libcovrt.dll
 0001:0001a347       covrtDeleteStateflowInstanceData 000000018001b347 f   libcovrt:libcovrt.dll
 0001:0001a34d       covrtTransInitFcn          000000018001b34d f   libcovrt:libcovrt.dll
 0001:0001a353       covrtStateInitFcn          000000018001b353 f   libcovrt:libcovrt.dll
 0001:0001a359       covrtChartInitFcn          000000018001b359 f   libcovrt:libcovrt.dll
 0001:0001a35f       covrtRelationalopUpdateFcn 000000018001b35f f   libcovrt:libcovrt.dll
 0001:0001a365       covrtSigUpdateFcn          000000018001b365 f   libcovrt:libcovrt.dll
 0001:0001a36b       covrtEmlInitFcn            000000018001b36b f   libcovrt:libcovrt.dll
 0001:0001a371       covrtEmlFcnInitFcn         000000018001b371 f   libcovrt:libcovrt.dll
 0001:0001a377       covrtEmlIfInitFcn          000000018001b377 f   libcovrt:libcovrt.dll
 0001:0001a37d       covrtEmlRelationalInitFcn  000000018001b37d f   libcovrt:libcovrt.dll
 0001:0001a383       covrtEmlFcnEval            000000018001b383 f   libcovrt:libcovrt.dll
 0001:0001a389       covrtEmlIfEval             000000018001b389 f   libcovrt:libcovrt.dll
 0001:0001a38f       covrtEmlSwitchInitFcn      000000018001b38f f   libcovrt:libcovrt.dll
 0001:0001a395       covrtEmlSwitchEval         000000018001b395 f   libcovrt:libcovrt.dll
 0001:0001a39c       __raise_securityfailure    000000018001b39c f   MSVCRT:gs_report.obj
 0001:0001a3d0       __report_gsfailure         000000018001b3d0 f   MSVCRT:gs_report.obj
 0001:0001a4a4       __report_rangecheckfailure 000000018001b4a4 f   MSVCRT:gs_report.obj
 0001:0001a4b8       __report_securityfailure   000000018001b4b8 f   MSVCRT:gs_report.obj
 0001:0001a554       __report_securityfailureEx 000000018001b554 f   MSVCRT:gs_report.obj
 0001:0001a748       __GSHandlerCheck           000000018001b748 f   MSVCRT:gshandler.obj
 0001:0001a768       __GSHandlerCheckCommon     000000018001b768 f   MSVCRT:gshandler.obj
 0001:0001a7e0       __security_check_cookie    000000018001b7e0 f   MSVCRT:amdsecgs.obj
 0001:0001ab38       _CRT_INIT                  000000018001bb38 f   MSVCRT:dll_dllmain.obj
 0001:0001ab40       _DllMainCRTStartup         000000018001bb40 f   MSVCRT:dll_dllmain.obj
 0001:0001abec       __security_init_cookie     000000018001bbec f   MSVCRT:gs_support.obj
 0001:0001ac98       DllMain                    000000018001bc98 f   MSVCRT:dll_dllmain_stub.obj
 0001:0001acbc       ?__scrt_initialize_type_info@@YAXXZ 000000018001bcbc f   MSVCRT:tncleanup.obj
 0001:0001accc       ?__scrt_uninitialize_type_info@@YAXXZ 000000018001bccc f   MSVCRT:tncleanup.obj
 0001:0001acd8       __local_stdio_scanf_options 000000018001bcd8 f i MSVCRT:default_local_stdio_options.obj
 0001:0001ace0       __scrt_initialize_default_local_stdio_options 000000018001bce0 f   MSVCRT:default_local_stdio_options.obj
 0001:0001acfc       ?configure_argv@__scrt_narrow_argv_policy@@SAHXZ 000000018001bcfc f i MSVCRT:utility.obj
 0001:0001ad5c       ?initialize_environment@__scrt_narrow_environment_policy@@SAHXZ 000000018001bd5c f i MSVCRT:utility.obj
 0001:0001ad94       NtCurrentTeb               000000018001bd94 f i MSVCRT:utility.obj
 0001:0001ada0       __scrt_acquire_startup_lock 000000018001bda0 f   MSVCRT:utility.obj
 0001:0001addc       __scrt_dllmain_after_initialize_c 000000018001bddc f   MSVCRT:utility.obj
 0001:0001ae10       __scrt_dllmain_before_initialize_c 000000018001be10 f   MSVCRT:utility.obj
 0001:0001ae28       __scrt_dllmain_crt_thread_attach 000000018001be28 f   MSVCRT:utility.obj
 0001:0001ae50       __scrt_dllmain_crt_thread_detach 000000018001be50 f   MSVCRT:utility.obj
 0001:0001ae68       __scrt_dllmain_exception_filter 000000018001be68 f   MSVCRT:utility.obj
 0001:0001aec8       __scrt_dllmain_uninitialize_c 000000018001bec8 f   MSVCRT:utility.obj
 0001:0001aef8       __scrt_dllmain_uninitialize_critical 000000018001bef8 f   MSVCRT:utility.obj
 0001:0001af0c       __scrt_initialize_crt      000000018001bf0c f   MSVCRT:utility.obj
 0001:0001af48       __scrt_initialize_onexit_tables 000000018001bf48 f   MSVCRT:utility.obj
 0001:0001afd4       __scrt_is_nonwritable_in_current_image 000000018001bfd4 f   MSVCRT:utility.obj
 0001:0001b06c       __scrt_release_startup_lock 000000018001c06c f   MSVCRT:utility.obj
 0001:0001b090       __scrt_uninitialize_crt    000000018001c090 f   MSVCRT:utility.obj
 0001:0001b0bc       _onexit                    000000018001c0bc f   MSVCRT:utility.obj
 0001:0001b0f8       at_quick_exit              000000018001c0f8 f   MSVCRT:utility.obj
 0001:0001b118       atexit                     000000018001c118 f   MSVCRT:utility.obj
 0001:0001b130       __scrt_get_dyn_tls_init_callback 000000018001c130 f   MSVCRT:dyn_tls_init.obj
 0001:0001b138       __crt_debugger_hook        000000018001c138 f   MSVCRT:utility_desktop.obj
 0001:0001b140       __scrt_fastfail            000000018001c140 f   MSVCRT:utility_desktop.obj
 0001:0001b288       __scrt_get_show_window_mode 000000018001c288 f   MSVCRT:utility_desktop.obj
 0001:0001b2c4       __scrt_initialize_mta      000000018001c2c4 f   MSVCRT:utility_desktop.obj
 0001:0001b2cc       __scrt_initialize_winrt    000000018001c2cc f   MSVCRT:utility_desktop.obj
 0001:0001b2d0       __scrt_is_managed_app      000000018001c2d0 f   MSVCRT:utility_desktop.obj
 0001:0001b324       __scrt_set_unhandled_exception_filter 000000018001c324 f   MSVCRT:utility_desktop.obj
 0001:0001b334       __scrt_exe_initialize_mta  000000018001c334 f   MSVCRT:utility_desktop.obj
 0001:0001b334       __scrt_stub_for_initialize_mta 000000018001c334 f   MSVCRT:utility_desktop.obj
 0001:0001b338       __scrt_unhandled_exception_filter 000000018001c338 f   MSVCRT:utility_desktop.obj
 0001:0001b394       _RTC_Initialize            000000018001c394 f   MSVCRT:initsect.obj
 0001:0001b3d0       _RTC_Terminate             000000018001c3d0 f   MSVCRT:initsect.obj
 0001:0001b40c       _guard_check_icall_nop     000000018001c40c f i MSVCRT:guard_support.obj
 0001:0001b410       ReadNoFence64              000000018001c410 f i MSVCRT:guard_support.obj
 0001:0001b414       ReadPointerNoFence         000000018001c414 f i MSVCRT:guard_support.obj
 0001:0001b418       __castguard_check_failure_debugbreak 000000018001c418 f i MSVCRT:guard_support.obj
 0001:0001b434       __castguard_check_failure_fastfail 000000018001c434 f i MSVCRT:guard_support.obj
 0001:0001b458       __castguard_check_failure_nop 000000018001c458 f i MSVCRT:guard_support.obj
 0001:0001b45c       __castguard_check_failure_os_handled 000000018001c45c f i MSVCRT:guard_support.obj
 0001:0001b4a8       __castguard_check_failure_user_handled 000000018001c4a8 f i MSVCRT:guard_support.obj
 0001:0001b51c       __castguard_set_user_handler 000000018001c51c f i MSVCRT:guard_support.obj
 0001:0001b528       __castguard_slow_path_check_debugbreak 000000018001c528 f i MSVCRT:guard_support.obj
 0001:0001b55c       __castguard_slow_path_check_fastfail 000000018001c55c f i MSVCRT:guard_support.obj
 0001:0001b598       __castguard_slow_path_check_nop 000000018001c598 f i MSVCRT:guard_support.obj
 0001:0001b59c       __castguard_slow_path_check_os_handled 000000018001c59c f i MSVCRT:guard_support.obj
 0001:0001b5e8       __castguard_slow_path_check_user_handled 000000018001c5e8 f i MSVCRT:guard_support.obj
 0001:0001b654       _guard_icall_checks_enforced 000000018001c654 f i MSVCRT:guard_support.obj
 0001:0001b66c       _guard_rf_checks_enforced  000000018001c66c f i MSVCRT:guard_support.obj
 0001:0001b670       __isa_available_init       000000018001c670 f   MSVCRT:cpu_disp.obj
 0001:0001b81c       _get_startup_argv_mode     000000018001c81c f   MSVCRT:argv_mode.obj
 0001:0001b824       __scrt_is_ucrt_dll_in_use  000000018001c824 f   MSVCRT:ucrt_detection.obj
 0001:0001b830       RtlCaptureContext          000000018001c830 f   kernel32:KERNEL32.dll
 0001:0001b836       RtlLookupFunctionEntry     000000018001c836 f   kernel32:KERNEL32.dll
 0001:0001b83c       RtlVirtualUnwind           000000018001c83c f   kernel32:KERNEL32.dll
 0001:0001b842       UnhandledExceptionFilter   000000018001c842 f   kernel32:KERNEL32.dll
 0001:0001b848       SetUnhandledExceptionFilter 000000018001c848 f   kernel32:KERNEL32.dll
 0001:0001b84e       GetCurrentProcess          000000018001c84e f   kernel32:KERNEL32.dll
 0001:0001b854       TerminateProcess           000000018001c854 f   kernel32:KERNEL32.dll
 0001:0001b85a       IsProcessorFeaturePresent  000000018001c85a f   kernel32:KERNEL32.dll
 0001:0001b860       QueryPerformanceCounter    000000018001c860 f   kernel32:KERNEL32.dll
 0001:0001b866       GetCurrentProcessId        000000018001c866 f   kernel32:KERNEL32.dll
 0001:0001b86c       GetCurrentThreadId         000000018001c86c f   kernel32:KERNEL32.dll
 0001:0001b872       GetSystemTimeAsFileTime    000000018001c872 f   kernel32:KERNEL32.dll
 0001:0001b878       DisableThreadLibraryCalls  000000018001c878 f   kernel32:KERNEL32.dll
 0001:0001b87e       InitializeSListHead        000000018001c87e f   kernel32:KERNEL32.dll
 0001:0001b884       IsDebuggerPresent          000000018001c884 f   kernel32:KERNEL32.dll
 0001:0001b88a       GetStartupInfoW            000000018001c88a f   kernel32:KERNEL32.dll
 0001:0001b890       GetModuleHandleW           000000018001c890 f   kernel32:KERNEL32.dll
 0001:0001b896       memset                     000000018001c896 f   vcruntime:VCRUNTIME140.dll
 0001:0001b89c       memcpy                     000000018001c89c f   vcruntime:VCRUNTIME140.dll
 0001:0001b8a2       __C_specific_handler       000000018001c8a2 f   vcruntime:VCRUNTIME140.dll
 0001:0001b8a8       __std_type_info_destroy_list 000000018001c8a8 f   vcruntime:VCRUNTIME140.dll
 0001:0001b8ae       __current_exception        000000018001c8ae f   vcruntime:VCRUNTIME140.dll
 0001:0001b8b4       __current_exception_context 000000018001c8b4 f   vcruntime:VCRUNTIME140.dll
 0001:0001b8ba       strcmp                     000000018001c8ba f   ucrt:api-ms-win-crt-string-l1-1-0.dll
 0001:0001b8c0       strcat                     000000018001c8c0 f   ucrt:api-ms-win-crt-string-l1-1-0.dll
 0001:0001b8c6       __stdio_common_vsprintf    000000018001c8c6 f   ucrt:api-ms-win-crt-stdio-l1-1-0.dll
 0001:0001b8cc       free                       000000018001c8cc f   ucrt:api-ms-win-crt-heap-l1-1-0.dll
 0001:0001b8d2       malloc                     000000018001c8d2 f   ucrt:api-ms-win-crt-heap-l1-1-0.dll
 0001:0001b8d8       strlen                     000000018001c8d8 f   ucrt:api-ms-win-crt-string-l1-1-0.dll
 0001:0001b8de       _initterm                  000000018001c8de f   ucrt:api-ms-win-crt-runtime-l1-1-0.dll
 0001:0001b8e4       _initterm_e                000000018001c8e4 f   ucrt:api-ms-win-crt-runtime-l1-1-0.dll
 0001:0001b8ea       _seh_filter_dll            000000018001c8ea f   ucrt:api-ms-win-crt-runtime-l1-1-0.dll
 0001:0001b8f0       _configure_narrow_argv     000000018001c8f0 f   ucrt:api-ms-win-crt-runtime-l1-1-0.dll
 0001:0001b8f6       _initialize_narrow_environment 000000018001c8f6 f   ucrt:api-ms-win-crt-runtime-l1-1-0.dll
 0001:0001b8fc       _initialize_onexit_table   000000018001c8fc f   ucrt:api-ms-win-crt-runtime-l1-1-0.dll
 0001:0001b902       _register_onexit_function  000000018001c902 f   ucrt:api-ms-win-crt-runtime-l1-1-0.dll
 0001:0001b908       _execute_onexit_table      000000018001c908 f   ucrt:api-ms-win-crt-runtime-l1-1-0.dll
 0001:0001b90e       _crt_atexit                000000018001c90e f   ucrt:api-ms-win-crt-runtime-l1-1-0.dll
 0001:0001b914       _crt_at_quick_exit         000000018001c914 f   ucrt:api-ms-win-crt-runtime-l1-1-0.dll
 0001:0001b91a       _cexit                     000000018001c91a f   ucrt:api-ms-win-crt-runtime-l1-1-0.dll
 0001:0001b920       terminate                  000000018001c920 f   ucrt:api-ms-win-crt-runtime-l1-1-0.dll
 0001:0001b928       __acrt_initialize          000000018001c928 f   MSVCRT:ucrt_stubs.obj
 0001:0001b928       __scrt_stub_for_acrt_initialize 000000018001c928 f   MSVCRT:ucrt_stubs.obj
 0001:0001b928       __vcrt_initialize          000000018001c928 f   MSVCRT:ucrt_stubs.obj
 0001:0001b92c       __acrt_thread_attach       000000018001c92c f   MSVCRT:ucrt_stubs.obj
 0001:0001b92c       __scrt_stub_for_acrt_thread_attach 000000018001c92c f   MSVCRT:ucrt_stubs.obj
 0001:0001b92c       __vcrt_thread_attach       000000018001c92c f   MSVCRT:ucrt_stubs.obj
 0001:0001b930       __acrt_thread_detach       000000018001c930 f   MSVCRT:ucrt_stubs.obj
 0001:0001b930       __scrt_stub_for_acrt_thread_detach 000000018001c930 f   MSVCRT:ucrt_stubs.obj
 0001:0001b930       __vcrt_thread_detach       000000018001c930 f   MSVCRT:ucrt_stubs.obj
 0001:0001b934       __acrt_uninitialize        000000018001c934 f   MSVCRT:ucrt_stubs.obj
 0001:0001b934       __scrt_stub_for_acrt_uninitialize 000000018001c934 f   MSVCRT:ucrt_stubs.obj
 0001:0001b934       __vcrt_uninitialize        000000018001c934 f   MSVCRT:ucrt_stubs.obj
 0001:0001b938       __acrt_uninitialize_critical 000000018001c938 f   MSVCRT:ucrt_stubs.obj
 0001:0001b938       __scrt_stub_for_acrt_uninitialize_critical 000000018001c938 f   MSVCRT:ucrt_stubs.obj
 0001:0001b938       __vcrt_uninitialize_critical 000000018001c938 f   MSVCRT:ucrt_stubs.obj
 0001:0001b93c       __scrt_stub_for_is_c_termination_complete 000000018001c93c f   MSVCRT:ucrt_stubs.obj
 0001:0001b93c       _is_c_termination_complete 000000018001c93c f   MSVCRT:ucrt_stubs.obj
 0001:0001b950       _guard_dispatch_icall_nop  000000018001c950 f   MSVCRT:guard_dispatch.obj
 0001:0001b970       _guard_xfg_dispatch_icall_nop 000000018001c970 f   MSVCRT:guard_xfg_dispatch.obj
 0002:00000000       __imp_SetUnhandledExceptionFilter 000000018001d000     kernel32:KERNEL32.dll
 0002:00000008       __imp_IsProcessorFeaturePresent 000000018001d008     kernel32:KERNEL32.dll
 0002:00000010       __imp_RtlCaptureContext    000000018001d010     kernel32:KERNEL32.dll
 0002:00000018       __imp_RtlLookupFunctionEntry 000000018001d018     kernel32:KERNEL32.dll
 0002:00000020       __imp_QueryPerformanceCounter 000000018001d020     kernel32:KERNEL32.dll
 0002:00000028       __imp_GetCurrentProcessId  000000018001d028     kernel32:KERNEL32.dll
 0002:00000030       __imp_GetCurrentThreadId   000000018001d030     kernel32:KERNEL32.dll
 0002:00000038       __imp_GetSystemTimeAsFileTime 000000018001d038     kernel32:KERNEL32.dll
 0002:00000040       __imp_DisableThreadLibraryCalls 000000018001d040     kernel32:KERNEL32.dll
 0002:00000048       __imp_InitializeSListHead  000000018001d048     kernel32:KERNEL32.dll
 0002:00000050       __imp_IsDebuggerPresent    000000018001d050     kernel32:KERNEL32.dll
 0002:00000058       __imp_GetStartupInfoW      000000018001d058     kernel32:KERNEL32.dll
 0002:00000060       __imp_GetModuleHandleW     000000018001d060     kernel32:KERNEL32.dll
 0002:00000068       __imp_GetCurrentProcess    000000018001d068     kernel32:KERNEL32.dll
 0002:00000070       __imp_TerminateProcess     000000018001d070     kernel32:KERNEL32.dll
 0002:00000078       __imp_UnhandledExceptionFilter 000000018001d078     kernel32:KERNEL32.dll
 0002:00000080       __imp_RtlVirtualUnwind     000000018001d080     kernel32:KERNEL32.dll
 0002:00000088       \177KERNEL32_NULL_THUNK_DATA 000000018001d088     kernel32:KERNEL32.dll
 0002:00000090       __imp___std_type_info_destroy_list 000000018001d090     vcruntime:VCRUNTIME140.dll
 0002:00000098       __imp___current_exception  000000018001d098     vcruntime:VCRUNTIME140.dll
 0002:000000a0       __imp_memset               000000018001d0a0     vcruntime:VCRUNTIME140.dll
 0002:000000a8       __imp_memcpy               000000018001d0a8     vcruntime:VCRUNTIME140.dll
 0002:000000b0       __imp___C_specific_handler 000000018001d0b0     vcruntime:VCRUNTIME140.dll
 0002:000000b8       __imp___current_exception_context 000000018001d0b8     vcruntime:VCRUNTIME140.dll
 0002:000000c0       \177VCRUNTIME140_NULL_THUNK_DATA 000000018001d0c0     vcruntime:VCRUNTIME140.dll
 0002:000000c8       __imp_free                 000000018001d0c8     ucrt:api-ms-win-crt-heap-l1-1-0.dll
 0002:000000d0       __imp_malloc               000000018001d0d0     ucrt:api-ms-win-crt-heap-l1-1-0.dll
 0002:000000d8       \177api-ms-win-crt-heap-l1-1-0_NULL_THUNK_DATA 000000018001d0d8     ucrt:api-ms-win-crt-heap-l1-1-0.dll
 0002:000000e0       __imp__initterm_e          000000018001d0e0     ucrt:api-ms-win-crt-runtime-l1-1-0.dll
 0002:000000e8       __imp__initterm            000000018001d0e8     ucrt:api-ms-win-crt-runtime-l1-1-0.dll
 0002:000000f0       __imp__configure_narrow_argv 000000018001d0f0     ucrt:api-ms-win-crt-runtime-l1-1-0.dll
 0002:000000f8       __imp__initialize_narrow_environment 000000018001d0f8     ucrt:api-ms-win-crt-runtime-l1-1-0.dll
 0002:00000100       __imp__initialize_onexit_table 000000018001d100     ucrt:api-ms-win-crt-runtime-l1-1-0.dll
 0002:00000108       __imp__register_onexit_function 000000018001d108     ucrt:api-ms-win-crt-runtime-l1-1-0.dll
 0002:00000110       __imp__execute_onexit_table 000000018001d110     ucrt:api-ms-win-crt-runtime-l1-1-0.dll
 0002:00000118       __imp__crt_atexit          000000018001d118     ucrt:api-ms-win-crt-runtime-l1-1-0.dll
 0002:00000120       __imp__crt_at_quick_exit   000000018001d120     ucrt:api-ms-win-crt-runtime-l1-1-0.dll
 0002:00000128       __imp__cexit               000000018001d128     ucrt:api-ms-win-crt-runtime-l1-1-0.dll
 0002:00000130       __imp_terminate            000000018001d130     ucrt:api-ms-win-crt-runtime-l1-1-0.dll
 0002:00000138       __imp__seh_filter_dll      000000018001d138     ucrt:api-ms-win-crt-runtime-l1-1-0.dll
 0002:00000140       \177api-ms-win-crt-runtime-l1-1-0_NULL_THUNK_DATA 000000018001d140     ucrt:api-ms-win-crt-runtime-l1-1-0.dll
 0002:00000148       __imp___stdio_common_vsprintf 000000018001d148     ucrt:api-ms-win-crt-stdio-l1-1-0.dll
 0002:00000150       \177api-ms-win-crt-stdio-l1-1-0_NULL_THUNK_DATA 000000018001d150     ucrt:api-ms-win-crt-stdio-l1-1-0.dll
 0002:00000158       __imp_strlen               000000018001d158     ucrt:api-ms-win-crt-string-l1-1-0.dll
 0002:00000160       __imp_strcat               000000018001d160     ucrt:api-ms-win-crt-string-l1-1-0.dll
 0002:00000168       __imp_strcmp               000000018001d168     ucrt:api-ms-win-crt-string-l1-1-0.dll
 0002:00000170       \177api-ms-win-crt-string-l1-1-0_NULL_THUNK_DATA 000000018001d170     ucrt:api-ms-win-crt-string-l1-1-0.dll
 0002:00000178       __imp_covrtDeleteStateflowInstanceData 000000018001d178     libcovrt:libcovrt.dll
 0002:00000180       __imp_covrtEmlSwitchEval   000000018001d180     libcovrt:libcovrt.dll
 0002:00000188       __imp_covrtEmlSwitchInitFcn 000000018001d188     libcovrt:libcovrt.dll
 0002:00000190       __imp_covrtEmlIfEval       000000018001d190     libcovrt:libcovrt.dll
 0002:00000198       __imp_covrtEmlFcnEval      000000018001d198     libcovrt:libcovrt.dll
 0002:000001a0       __imp_covrtEmlRelationalInitFcn 000000018001d1a0     libcovrt:libcovrt.dll
 0002:000001a8       __imp_covrtEmlIfInitFcn    000000018001d1a8     libcovrt:libcovrt.dll
 0002:000001b0       __imp_covrtEmlFcnInitFcn   000000018001d1b0     libcovrt:libcovrt.dll
 0002:000001b8       __imp_covrtEmlInitFcn      000000018001d1b8     libcovrt:libcovrt.dll
 0002:000001c0       __imp_covrtSigUpdateFcn    000000018001d1c0     libcovrt:libcovrt.dll
 0002:000001c8       __imp_covrtRelationalopUpdateFcn 000000018001d1c8     libcovrt:libcovrt.dll
 0002:000001d0       __imp_covrtChartInitFcn    000000018001d1d0     libcovrt:libcovrt.dll
 0002:000001d8       __imp_covrtStateInitFcn    000000018001d1d8     libcovrt:libcovrt.dll
 0002:000001e0       __imp_covrtTransInitFcn    000000018001d1e0     libcovrt:libcovrt.dll
 0002:000001e8       __imp_covrtCreateStateflowInstanceData 000000018001d1e8     libcovrt:libcovrt.dll
 0002:000001f0       \177libcovrt_NULL_THUNK_DATA 000000018001d1f0     libcovrt:libcovrt.dll
 0002:000001f8       __imp_emlrtSubAssignSizeCheck1dR2017a 000000018001d1f8     libemlrt:libemlrt.dll
 0002:00000200       __imp_emlrtIntegerCheckR2012b 000000018001d200     libemlrt:libemlrt.dll
 0002:00000208       __imp_emlrtDynamicBoundsCheckR2012b 000000018001d208     libemlrt:libemlrt.dll
 0002:00000210       \177libemlrt_NULL_THUNK_DATA 000000018001d210     libemlrt:libemlrt.dll
 0002:00000218       __imp_mexIsLocked_800      000000018001d218     libmex:libmex.dll
 0002:00000220       __imp_mexErrMsgTxt_800     000000018001d220     libmex:libmex.dll
 0002:00000228       __imp_mexCallMATLAB_800    000000018001d228     libmex:libmex.dll
 0002:00000230       __imp_mexUnlock_800        000000018001d230     libmex:libmex.dll
 0002:00000238       __imp_mexLock_800          000000018001d238     libmex:libmex.dll
 0002:00000240       __imp_mexWarnMsgTxt_800    000000018001d240     libmex:libmex.dll
 0002:00000248       __imp_mexMakeArrayPersistent_800 000000018001d248     libmex:libmex.dll
 0002:00000250       \177libmex_NULL_THUNK_DATA 000000018001d250     libmex:libmex.dll
 0002:00000258       __imp_muDoubleScalarAbs    000000018001d258     libmwmathutil:libmwmathutil.dll
 0002:00000260       __imp_muDoubleScalarFloor  000000018001d260     libmwmathutil:libmwmathutil.dll
 0002:00000268       __imp_muDoubleScalarIsNaN  000000018001d268     libmwmathutil:libmwmathutil.dll
 0002:00000270       __imp_muDoubleScalarCos    000000018001d270     libmwmathutil:libmwmathutil.dll
 0002:00000278       __imp_muDoubleScalarAtan2  000000018001d278     libmwmathutil:libmwmathutil.dll
 0002:00000280       __imp_muDoubleScalarSin    000000018001d280     libmwmathutil:libmwmathutil.dll
 0002:00000288       __imp_muDoubleScalarTanh   000000018001d288     libmwmathutil:libmwmathutil.dll
 0002:00000290       __imp_muDoubleScalarMax    000000018001d290     libmwmathutil:libmwmathutil.dll
 0002:00000298       __imp_muDoubleScalarSqrt   000000018001d298     libmwmathutil:libmwmathutil.dll
 0002:000002a0       \177libmwmathutil_NULL_THUNK_DATA 000000018001d2a0     libmwmathutil:libmwmathutil.dll
 0002:000002a8       __imp_mxGetScalar_800      000000018001d2a8     libmx:libmx.dll
 0002:000002b0       __imp_mxGetPr_800          000000018001d2b0     libmx:libmx.dll
 0002:000002b8       __imp_mxDestroyArray_800   000000018001d2b8     libmx:libmx.dll
 0002:000002c0       __imp_mxCreateDoubleMatrix_800 000000018001d2c0     libmx:libmx.dll
 0002:000002c8       __imp_mxCreateDoubleScalar_800 000000018001d2c8     libmx:libmx.dll
 0002:000002d0       __imp_mxGetN_800           000000018001d2d0     libmx:libmx.dll
 0002:000002d8       __imp_mxIsComplex_800      000000018001d2d8     libmx:libmx.dll
 0002:000002e0       __imp_mxIsNumeric_800      000000018001d2e0     libmx:libmx.dll
 0002:000002e8       __imp_mxGetClassID_800     000000018001d2e8     libmx:libmx.dll
 0002:000002f0       __imp_mxGetM_800           000000018001d2f0     libmx:libmx.dll
 0002:000002f8       __imp_mxCalloc_800         000000018001d2f8     libmx:libmx.dll
 0002:00000300       __imp_mxCreateStructMatrix_800 000000018001d300     libmx:libmx.dll
 0002:00000308       __imp_mxCreateCellMatrix_800 000000018001d308     libmx:libmx.dll
 0002:00000310       __imp_mxCreateString_800   000000018001d310     libmx:libmx.dll
 0002:00000318       __imp_mxSetField_800       000000018001d318     libmx:libmx.dll
 0002:00000320       __imp_mxDuplicateArray_800 000000018001d320     libmx:libmx.dll
 0002:00000328       __imp_mxGetString_800      000000018001d328     libmx:libmx.dll
 0002:00000330       __imp_mxIsChar_800         000000018001d330     libmx:libmx.dll
 0002:00000338       \177libmx_NULL_THUNK_DATA  000000018001d338     libmx:libmx.dll
 0002:00000340       __imp_utFree               000000018001d340     libut:libut.dll
 0002:00000348       __imp_utMalloc             000000018001d348     libut:libut.dll
 0002:00000350       \177libut_NULL_THUNK_DATA  000000018001d350     libut:libut.dll
 0002:00000358       __imp_sf_mex_decode        000000018001d358     sf_runtime:sf_runtime.dll
 0002:00000360       __imp_sf_mex_import_named  000000018001d360     sf_runtime:sf_runtime.dll
 0002:00000368       __imp_sf_mex_call          000000018001d368     sf_runtime:sf_runtime.dll
 0002:00000370       __imp_sf_mex_get_sfun_param 000000018001d370     sf_runtime:sf_runtime.dll
 0002:00000378       __imp_sf_clear_error_manager_info 000000018001d378     sf_runtime:sf_runtime.dll
 0002:00000380       __imp_sf_mex_error_direct_call 000000018001d380     sf_runtime:sf_runtime.dll
 0002:00000388       __imp_getRuntimeInstanceInfoAsVoid 000000018001d388     sf_runtime:sf_runtime.dll
 0002:00000390       __imp_call_sf_machine_global_method_dispatcher 000000018001d390     sf_runtime:sf_runtime.dll
 0002:00000398       __imp_callMdlMethodAndReportError 000000018001d398     sf_runtime:sf_runtime.dll
 0002:000003a0       __imp_sf_get_hasSeparateUpdateOutputs 000000018001d3a0     sf_runtime:sf_runtime.dll
 0002:000003a8       __imp_sf_get_ChartInfoStruct_CodeGen 000000018001d3a8     sf_runtime:sf_runtime.dll
 0002:000003b0       __imp_ssGetOutputPortSignal_wrapper 000000018001d3b0     sf_runtime:sf_runtime.dll
 0002:000003b8       __imp_ssGetInputPortSignal_wrapper 000000018001d3b8     sf_runtime:sf_runtime.dll
 0002:000003c0       __imp_sf_mex_import        000000018001d3c0     sf_runtime:sf_runtime.dll
 0002:000003c8       __imp_sf_mex_destroy       000000018001d3c8     sf_runtime:sf_runtime.dll
 0002:000003d0       __imp_sf_mex_dup           000000018001d3d0     sf_runtime:sf_runtime.dll
 0002:000003d8       __imp_sf_mex_assign        000000018001d3d8     sf_runtime:sf_runtime.dll
 0002:000003e0       __imp_sf_mex_getcell       000000018001d3e0     sf_runtime:sf_runtime.dll
 0002:000003e8       __imp_sf_mex_setcell       000000018001d3e8     sf_runtime:sf_runtime.dll
 0002:000003f0       __imp_sf_mex_createcellmatrix 000000018001d3f0     sf_runtime:sf_runtime.dll
 0002:000003f8       __imp_sf_mex_create        000000018001d3f8     sf_runtime:sf_runtime.dll
 0002:00000400       __imp_sf_mex_error_message 000000018001d400     sf_runtime:sf_runtime.dll
 0002:00000408       __imp_sfListenerInitializeRuntimeVars 000000018001d408     sf_runtime:sf_runtime.dll
 0002:00000410       __imp_sfListenerLightTerminate 000000018001d410     sf_runtime:sf_runtime.dll
 0002:00000418       __imp_sfListenerCacheSimStruct 000000018001d418     sf_runtime:sf_runtime.dll
 0002:00000420       __imp_mdlProcessParamsCommon 000000018001d420     sf_runtime:sf_runtime.dll
 0002:00000428       __imp_sf_set_work_widths   000000018001d428     sf_runtime:sf_runtime.dll
 0002:00000430       __imp_setDataBrowseFcn     000000018001d430     sf_runtime:sf_runtime.dll
 0002:00000438       __imp_sfDoAnimationWrapper 000000018001d438     sf_runtime:sf_runtime.dll
 0002:00000440       __imp_sf_is_first_init_cond 000000018001d440     sf_runtime:sf_runtime.dll
 0002:00000448       __imp_sf_get_time          000000018001d448     sf_runtime:sf_runtime.dll
 0002:00000450       __imp_sf_clear_rtw_identifier 000000018001d450     sf_runtime:sf_runtime.dll
 0002:00000458       __imp_sim_mode_is_external 000000018001d458     sf_runtime:sf_runtime.dll
 0002:00000460       __imp_sim_mode_is_rtw_gen  000000018001d460     sf_runtime:sf_runtime.dll
 0002:00000468       __imp_sfSetAnimationVectors 000000018001d468     sf_runtime:sf_runtime.dll
 0002:00000470       __imp_sf_get_chart_instance_ptr 000000018001d470     sf_runtime:sf_runtime.dll
 0002:00000478       __imp_sfrtGetCovrtInstance 000000018001d478     sf_runtime:sf_runtime.dll
 0002:00000480       __imp_sfrtGetEmlrtCtx      000000018001d480     sf_runtime:sf_runtime.dll
 0002:00000488       __imp_sf_reset_warnings_ChartRunTimeInfo 000000018001d488     sf_runtime:sf_runtime.dll
 0002:00000490       __imp_sf_free_ChartRunTimeInfo 000000018001d490     sf_runtime:sf_runtime.dll
 0002:00000498       __imp_sf_init_ChartRunTimeInfo 000000018001d498     sf_runtime:sf_runtime.dll
 0002:000004a0       __imp_sf_load_rtw_optimization_info 000000018001d4a0     sf_runtime:sf_runtime.dll
 0002:000004a8       \177sf_runtime_NULL_THUNK_DATA 000000018001d4a8     sf_runtime:sf_runtime.dll
 0002:000004b0       __guard_check_icall_fptr   000000018001d4b0     MSVCRT:guard_support.obj
 0002:000004b8       __guard_xfg_check_icall_fptr 000000018001d4b8     MSVCRT:guard_support.obj
 0002:000004c0       __guard_dispatch_icall_fptr 000000018001d4c0     MSVCRT:guard_support.obj
 0002:000004c8       __guard_xfg_dispatch_icall_fptr 000000018001d4c8     MSVCRT:guard_support.obj
 0002:000004d0       __guard_xfg_table_dispatch_icall_fptr 000000018001d4d0     MSVCRT:guard_support.obj
 0002:000004d8       __castguard_check_failure_os_handled_fptr 000000018001d4d8     MSVCRT:guard_support.obj
 0002:000004e0       __guard_memcpy_fptr        000000018001d4e0     vcruntime:softmemtag.obj
 0002:000004e8       __xc_a                     000000018001d4e8     MSVCRT:initializers.obj
 0002:000004f0       __xc_z                     000000018001d4f0     MSVCRT:initializers.obj
 0002:000004f8       __xi_a                     000000018001d4f8     MSVCRT:initializers.obj
 0002:00000500       __xi_z                     000000018001d500     MSVCRT:initializers.obj
 0002:00000508       __xp_a                     000000018001d508     MSVCRT:initializers.obj
 0002:00000510       __xp_z                     000000018001d510     MSVCRT:initializers.obj
 0002:00000518       __xt_a                     000000018001d518     MSVCRT:initializers.obj
 0002:00000520       __xt_z                     000000018001d520     MSVCRT:initializers.obj
 0002:00000708       __real@4193c12338000000    000000018001d708     Simulation_sfun.obj
 0002:00000710       __real@4199be0704000000    000000018001d710     Simulation_sfun.obj
 0002:00000718       __real@41c121c304000000    000000018001d718     Simulation_sfun.obj
 0002:00000720       __real@41cc4a4daa000000    000000018001d720     Simulation_sfun.obj
 0002:00000728       __real@41d08aa809000000    000000018001d728     Simulation_sfun.obj
 0002:00000730       __real@41d694f6edc00000    000000018001d730     Simulation_sfun.obj
 0002:00000738       __real@41dd21f954000000    000000018001d738     Simulation_sfun.obj
 0002:00000740       __real@41e08abd1a000000    000000018001d740     Simulation_sfun.obj
 0002:00000748       __real@41e4ae0189600000    000000018001d748     Simulation_sfun.obj
 0002:00000750       __real@41e58cae0ca00000    000000018001d750     Simulation_sfun.obj
 0002:00000758       __real@41e9d9916a400000    000000018001d758     Simulation_sfun.obj
 0002:00000760       __real@41ebc5c1b4000000    000000018001d760     Simulation_sfun.obj
 0002:000010d0       __real@0000000000000000    000000018001e0d0     c2_Simulation.obj
 0002:000010d8       __real@1cc0000000000000    000000018001e0d8     c2_Simulation.obj
 0002:000010e0       __real@3ff0000000000000    000000018001e0e0     c2_Simulation.obj
 0002:000010e8       __real@4008000000000000    000000018001e0e8     c2_Simulation.obj
 0002:000010f0       __real@4191e0a2f4000000    000000018001e0f0     c2_Simulation.obj
 0002:000010f8       __real@41e159ae89000000    000000018001e0f8     c2_Simulation.obj
 0002:00001100       __real@41e49ded0f800000    000000018001e100     c2_Simulation.obj
 0002:00001108       __real@41e4f69b28c00000    000000018001e108     c2_Simulation.obj
 0002:00001a30       __real@41d2658ebac00000    000000018001ea30     c4_Simulation.obj
 0002:00001a38       __real@41dc070494c00000    000000018001ea38     c4_Simulation.obj
 0002:00001a40       __real@41e2532c6da00000    000000018001ea40     c4_Simulation.obj
 0002:00001a48       __real@41e3a17966600000    000000018001ea48     c4_Simulation.obj
 0002:00004130       __real@4010000000000000    0000000180021130     Simulation_sfun_registry.obj
 0002:00004138       __real@41602cbca0000000    0000000180021138     Simulation_sfun_registry.obj
 0002:00004140       __real@bff0000000000000    0000000180021140     Simulation_sfun_registry.obj
 0002:00004148       __real@3f800000            0000000180021148     half_type.obj
 0002:000042b0       __real@41c72d19ef800000    00000001800212b0     autolibshared_sfun:autolibshared_sfun.obj
 0002:000042b8       __real@41dc3d88e7400000    00000001800212b8     autolibshared_sfun:autolibshared_sfun.obj
 0002:000042c0       __real@41e02236c3400000    00000001800212c0     autolibshared_sfun:autolibshared_sfun.obj
 0002:000042c8       __real@41e3188fefa00000    00000001800212c8     autolibshared_sfun:autolibshared_sfun.obj
 0002:00005590       __real@4000000000000000    0000000180022590     autolibshared_sfun:c3_autolibshared.obj
 0002:00005598       __real@41a32f6c96000000    0000000180022598     autolibshared_sfun:c3_autolibshared.obj
 0002:000055a0       __real@41d3a5f471400000    00000001800225a0     autolibshared_sfun:c3_autolibshared.obj
 0002:000055a8       __real@41e2261e53600000    00000001800225a8     autolibshared_sfun:c3_autolibshared.obj
 0002:000055b0       __real@41efa783ccc00000    00000001800225b0     autolibshared_sfun:c3_autolibshared.obj
 0002:000055c0       __xmm@80000000000000008000000000000000 00000001800225c0     autolibshared_sfun:c3_autolibshared.obj
 0002:000055e0       _pDefaultRawDllMain        00000001800225e0     MSVCRT:dll_dllmain.obj
 0002:000055e0       _pRawDllMain               00000001800225e0     MSVCRT:dll_dllmain.obj
 0002:000055f0       __xmm@ffffffffffffffffffffffffffffffff 00000001800225f0     MSVCRT:utility.obj
 0002:00005600       _load_config_used          0000000180022600     MSVCRT:loadcfg.obj
 0002:00005780       __CastGuardVftablesStart   0000000180022780     MSVCRT:guard_support.obj
 0002:00005800       __CastGuardVftablesEnd     0000000180022800     MSVCRT:guard_support.obj
 0002:00005880       __volatile_metadata        0000000180022880     <linker-defined>
 0002:00005cf8       __rtc_iaa                  0000000180022cf8     MSVCRT:initsect.obj
 0002:00005d00       __rtc_izz                  0000000180022d00     MSVCRT:initsect.obj
 0002:00005d08       __rtc_taa                  0000000180022d08     MSVCRT:initsect.obj
 0002:00005d10       __rtc_tzz                  0000000180022d10     MSVCRT:initsect.obj
 0002:00006bcc       __IMPORT_DESCRIPTOR_sf_runtime 0000000180023bcc     sf_runtime:sf_runtime.dll
 0002:00006be0       __IMPORT_DESCRIPTOR_libmx  0000000180023be0     libmx:libmx.dll
 0002:00006bf4       __IMPORT_DESCRIPTOR_libmex 0000000180023bf4     libmex:libmex.dll
 0002:00006c08       __IMPORT_DESCRIPTOR_libut  0000000180023c08     libut:libut.dll
 0002:00006c1c       __IMPORT_DESCRIPTOR_libmwmathutil 0000000180023c1c     libmwmathutil:libmwmathutil.dll
 0002:00006c30       __IMPORT_DESCRIPTOR_libemlrt 0000000180023c30     libemlrt:libemlrt.dll
 0002:00006c44       __IMPORT_DESCRIPTOR_libcovrt 0000000180023c44     libcovrt:libcovrt.dll
 0002:00006c58       __IMPORT_DESCRIPTOR_KERNEL32 0000000180023c58     kernel32:KERNEL32.dll
 0002:00006c6c       __IMPORT_DESCRIPTOR_VCRUNTIME140 0000000180023c6c     vcruntime:VCRUNTIME140.dll
 0002:00006c80       __IMPORT_DESCRIPTOR_api-ms-win-crt-string-l1-1-0 0000000180023c80     ucrt:api-ms-win-crt-string-l1-1-0.dll
 0002:00006c94       __IMPORT_DESCRIPTOR_api-ms-win-crt-stdio-l1-1-0 0000000180023c94     ucrt:api-ms-win-crt-stdio-l1-1-0.dll
 0002:00006ca8       __IMPORT_DESCRIPTOR_api-ms-win-crt-heap-l1-1-0 0000000180023ca8     ucrt:api-ms-win-crt-heap-l1-1-0.dll
 0002:00006cbc       __IMPORT_DESCRIPTOR_api-ms-win-crt-runtime-l1-1-0 0000000180023cbc     ucrt:api-ms-win-crt-runtime-l1-1-0.dll
 0002:00006cd0       __NULL_IMPORT_DESCRIPTOR   0000000180023cd0     sf_runtime:sf_runtime.dll
 0003:00000050       DYNAMIC_DIMENSION          0000000180025050     Simulation_sfun_registry.obj
 0003:000001c0       __security_cookie          00000001800251c0     MSVCRT:gs_cookie.obj
 0003:00000200       __security_cookie_complement 0000000180025200     MSVCRT:gs_cookie.obj
 0003:00000208       _fltused                   0000000180025208     MSVCRT:fltused.obj
 0003:0000020c       __scrt_native_dllmain_reason 000000018002520c     MSVCRT:utility.obj
 0003:00000210       __isa_available            0000000180025210     MSVCRT:cpu_disp.obj
 0003:00000214       __isa_enabled              0000000180025214     MSVCRT:cpu_disp.obj
 0003:00000218       __memset_fast_string_threshold 0000000180025218     MSVCRT:cpu_disp.obj
 0003:00000220       __memset_nt_threshold      0000000180025220     MSVCRT:cpu_disp.obj
 0003:00000230       __scrt_ucrt_dll_is_in_use  0000000180025230     MSVCRT:ucrt_stubs.obj
 0003:00000dd8       ?_OptionsStorage@?1??__local_stdio_printf_options@@9@4_KA 0000000180025dd8     Simulation_sfun_registry.obj
 0003:000019e0       ?__type_info_root_node@@3U__type_info_node@@A 00000001800269e0     MSVCRT:tncleanup.obj
 0003:000019f0       ?_OptionsStorage@?1??__local_stdio_scanf_options@@9@4_KA 00000001800269f0     MSVCRT:default_local_stdio_options.obj
 0003:000019f8       __scrt_current_native_startup_state 00000001800269f8     MSVCRT:utility.obj
 0003:00001a00       __scrt_native_startup_lock 0000000180026a00     MSVCRT:utility.obj
 0003:00001a40       __scrt_debugger_hook_flag  0000000180026a40     MSVCRT:utility_desktop.obj
 0003:00001a48       __castguard_check_failure_user_handled_fptr 0000000180026a48     MSVCRT:guard_support.obj
 0003:00001a50       __favor                    0000000180026a50     MSVCRT:cpu_disp.obj
 0003:00001a58       __dyn_tls_init_callback    0000000180026a58     <common>

 entry point at        0001:0001ab40

 Static symbols

 0000:00000000       .debug$S                   0000000180000000     Simulation_sfun.exp
 0000:00000000       _volmd                     0000000180000000     Simulation_sfun.obj
 0000:00000000       _volmd                     0000000180000000     Simulation_sfun_registry.obj
 0000:00000000       _volmd                     0000000180000000     c2_Simulation.obj
 0000:00000000       _volmd                     0000000180000000     c4_Simulation.obj
 0000:00000000       .debug$S                   0000000180000000     ucrt:api-ms-win-crt-heap-l1-1-0.dll
 0000:00000000       .debug$S                   0000000180000000     ucrt:api-ms-win-crt-heap-l1-1-0.dll
 0000:00000000       .debug$S                   0000000180000000     ucrt:api-ms-win-crt-runtime-l1-1-0.dll
 0000:00000000       .debug$S                   0000000180000000     ucrt:api-ms-win-crt-runtime-l1-1-0.dll
 0000:00000000       .debug$S                   0000000180000000     ucrt:api-ms-win-crt-runtime-l1-1-0.dll
 0000:00000000       .debug$S                   0000000180000000     ucrt:api-ms-win-crt-runtime-l1-1-0.dll
 0000:00000000       .debug$S                   0000000180000000     ucrt:api-ms-win-crt-runtime-l1-1-0.dll
 0000:00000000       .debug$S                   0000000180000000     ucrt:api-ms-win-crt-runtime-l1-1-0.dll
 0000:00000000       .debug$S                   0000000180000000     ucrt:api-ms-win-crt-runtime-l1-1-0.dll
 0000:00000000       .debug$S                   0000000180000000     ucrt:api-ms-win-crt-runtime-l1-1-0.dll
 0000:00000000       .debug$S                   0000000180000000     ucrt:api-ms-win-crt-runtime-l1-1-0.dll
 0000:00000000       .debug$S                   0000000180000000     ucrt:api-ms-win-crt-runtime-l1-1-0.dll
 0000:00000000       .debug$S                   0000000180000000     ucrt:api-ms-win-crt-runtime-l1-1-0.dll
 0000:00000000       .debug$S                   0000000180000000     ucrt:api-ms-win-crt-runtime-l1-1-0.dll
 0000:00000000       .debug$S                   0000000180000000     ucrt:api-ms-win-crt-stdio-l1-1-0.dll
 0000:00000000       .debug$S                   0000000180000000     ucrt:api-ms-win-crt-string-l1-1-0.dll
 0000:00000000       .debug$S                   0000000180000000     ucrt:api-ms-win-crt-string-l1-1-0.dll
 0000:00000000       .debug$S                   0000000180000000     ucrt:api-ms-win-crt-string-l1-1-0.dll
 0000:00000000       .debug$S                   0000000180000000     kernel32:KERNEL32.dll
 0000:00000000       .debug$S                   0000000180000000     kernel32:KERNEL32.dll
 0000:00000000       .debug$S                   0000000180000000     kernel32:KERNEL32.dll
 0000:00000000       .debug$S                   0000000180000000     kernel32:KERNEL32.dll
 0000:00000000       .debug$S                   0000000180000000     kernel32:KERNEL32.dll
 0000:00000000       .debug$S                   0000000180000000     kernel32:KERNEL32.dll
 0000:00000000       .debug$S                   0000000180000000     kernel32:KERNEL32.dll
 0000:00000000       .debug$S                   0000000180000000     kernel32:KERNEL32.dll
 0000:00000000       .debug$S                   0000000180000000     kernel32:KERNEL32.dll
 0000:00000000       .debug$S                   0000000180000000     kernel32:KERNEL32.dll
 0000:00000000       .debug$S                   0000000180000000     kernel32:KERNEL32.dll
 0000:00000000       .debug$S                   0000000180000000     kernel32:KERNEL32.dll
 0000:00000000       .debug$S                   0000000180000000     kernel32:KERNEL32.dll
 0000:00000000       .debug$S                   0000000180000000     kernel32:KERNEL32.dll
 0000:00000000       .debug$S                   0000000180000000     kernel32:KERNEL32.dll
 0000:00000000       .debug$S                   0000000180000000     kernel32:KERNEL32.dll
 0000:00000000       .debug$S                   0000000180000000     kernel32:KERNEL32.dll
 0000:00000000       .debug$S                   0000000180000000     libcovrt:libcovrt.dll
 0000:00000000       .debug$S                   0000000180000000     libcovrt:libcovrt.dll
 0000:00000000       .debug$S                   0000000180000000     libcovrt:libcovrt.dll
 0000:00000000       .debug$S                   0000000180000000     libcovrt:libcovrt.dll
 0000:00000000       .debug$S                   0000000180000000     libcovrt:libcovrt.dll
 0000:00000000       .debug$S                   0000000180000000     libcovrt:libcovrt.dll
 0000:00000000       .debug$S                   0000000180000000     libcovrt:libcovrt.dll
 0000:00000000       .debug$S                   0000000180000000     libcovrt:libcovrt.dll
 0000:00000000       .debug$S                   0000000180000000     libcovrt:libcovrt.dll
 0000:00000000       .debug$S                   0000000180000000     libcovrt:libcovrt.dll
 0000:00000000       .debug$S                   0000000180000000     libcovrt:libcovrt.dll
 0000:00000000       .debug$S                   0000000180000000     libcovrt:libcovrt.dll
 0000:00000000       .debug$S                   0000000180000000     libcovrt:libcovrt.dll
 0000:00000000       .debug$S                   0000000180000000     libcovrt:libcovrt.dll
 0000:00000000       .debug$S                   0000000180000000     libcovrt:libcovrt.dll
 0000:00000000       .debug$S                   0000000180000000     libemlrt:libemlrt.dll
 0000:00000000       .debug$S                   0000000180000000     libemlrt:libemlrt.dll
 0000:00000000       .debug$S                   0000000180000000     libemlrt:libemlrt.dll
 0000:00000000       .debug$S                   0000000180000000     libmex:libmex.dll
 0000:00000000       .debug$S                   0000000180000000     libmex:libmex.dll
 0000:00000000       .debug$S                   0000000180000000     libmex:libmex.dll
 0000:00000000       .debug$S                   0000000180000000     libmex:libmex.dll
 0000:00000000       .debug$S                   0000000180000000     libmex:libmex.dll
 0000:00000000       .debug$S                   0000000180000000     libmex:libmex.dll
 0000:00000000       .debug$S                   0000000180000000     libmex:libmex.dll
 0000:00000000       .debug$S                   0000000180000000     libmwmathutil:libmwmathutil.dll
 0000:00000000       .debug$S                   0000000180000000     libmwmathutil:libmwmathutil.dll
 0000:00000000       .debug$S                   0000000180000000     libmwmathutil:libmwmathutil.dll
 0000:00000000       .debug$S                   0000000180000000     libmwmathutil:libmwmathutil.dll
 0000:00000000       .debug$S                   0000000180000000     libmwmathutil:libmwmathutil.dll
 0000:00000000       .debug$S                   0000000180000000     libmwmathutil:libmwmathutil.dll
 0000:00000000       .debug$S                   0000000180000000     libmwmathutil:libmwmathutil.dll
 0000:00000000       .debug$S                   0000000180000000     libmwmathutil:libmwmathutil.dll
 0000:00000000       .debug$S                   0000000180000000     libmwmathutil:libmwmathutil.dll
 0000:00000000       .debug$S                   0000000180000000     libmx:libmx.dll
 0000:00000000       .debug$S                   0000000180000000     libmx:libmx.dll
 0000:00000000       .debug$S                   0000000180000000     libmx:libmx.dll
 0000:00000000       .debug$S                   0000000180000000     libmx:libmx.dll
 0000:00000000       .debug$S                   0000000180000000     libmx:libmx.dll
 0000:00000000       .debug$S                   0000000180000000     libmx:libmx.dll
 0000:00000000       .debug$S                   0000000180000000     libmx:libmx.dll
 0000:00000000       .debug$S                   0000000180000000     libmx:libmx.dll
 0000:00000000       .debug$S                   0000000180000000     libmx:libmx.dll
 0000:00000000       .debug$S                   0000000180000000     libmx:libmx.dll
 0000:00000000       .debug$S                   0000000180000000     libmx:libmx.dll
 0000:00000000       .debug$S                   0000000180000000     libmx:libmx.dll
 0000:00000000       .debug$S                   0000000180000000     libmx:libmx.dll
 0000:00000000       .debug$S                   0000000180000000     libmx:libmx.dll
 0000:00000000       .debug$S                   0000000180000000     libmx:libmx.dll
 0000:00000000       .debug$S                   0000000180000000     libmx:libmx.dll
 0000:00000000       .debug$S                   0000000180000000     libmx:libmx.dll
 0000:00000000       .debug$S                   0000000180000000     libmx:libmx.dll
 0000:00000000       .debug$S                   0000000180000000     libut:libut.dll
[...]
 0002:000066ec       $unwind$?sf_autolibshared_updateBuildInfo_args_info@@YAIHQEAPEAUmxArray_tag@@HQEAPEBU1@@Z 00000001800236ec     autolibshared_sfun:autolibshared_sfun.obj
 0002:000066fc       $unwind$?sf_c3_autolibshared_get_eml_resolved_functions_info@@YAPEBUmxArray_tag@@XZ 00000001800236fc     autolibshared_sfun:c3_autolibshared.obj
 0002:00006704       $unwind$?sf_c3_autolibshared_get_check_sum@@YAXQEAPEAUmxArray_tag@@@Z 0000000180023704     autolibshared_sfun:c3_autolibshared.obj
 0002:0000670c       $unwind$?c3_autolibshared_method_dispatcher@@YAXPEAUSimStruct_tag@@HPEAX@Z 000000018002370c     autolibshared_sfun:c3_autolibshared.obj
 0002:00006714       $unwind$?initialize_c3_autolibshared@@YAXPEAUSFc3_autolibsharedInstanceStruct@@@Z 0000000180023714     autolibshared_sfun:c3_autolibshared.obj
 0002:0000671c       $unwind$?initialize_params_c3_autolibshared@@YAXPEAUSFc3_autolibsharedInstanceStruct@@@Z 000000018002371c     autolibshared_sfun:c3_autolibshared.obj
 0002:00006724       $unwind$?mdl_start_c3_autolibshared@@YAXPEAUSFc3_autolibsharedInstanceStruct@@@Z 0000000180023724     autolibshared_sfun:c3_autolibshared.obj
 0002:0000672c       $unwind$?mdl_setup_runtime_resources_c3_autolibshared@@YAXPEAUSFc3_autolibsharedInstanceStruct@@@Z 000000018002372c     autolibshared_sfun:c3_autolibshared.obj
 0002:00006734       $unwind$?mdl_cleanup_runtime_resources_c3_autolibshared@@YAXPEAUSFc3_autolibsharedInstanceStruct@@@Z 0000000180023734     autolibshared_sfun:c3_autolibshared.obj
 0002:0000673c       $unwind$?enable_c3_autolibshared@@YAXPEAUSFc3_autolibsharedInstanceStruct@@@Z 000000018002373c     autolibshared_sfun:c3_autolibshared.obj
 0002:00006744       $unwind$?disable_c3_autolibshared@@YAXPEAUSFc3_autolibsharedInstanceStruct@@@Z 0000000180023744     autolibshared_sfun:c3_autolibshared.obj
 0002:0000674c       $unwind$?sf_gateway_c3_autolibshared@@YAXPEAUSFc3_autolibsharedInstanceStruct@@@Z 000000018002374c     autolibshared_sfun:c3_autolibshared.obj
 0002:00006754       $unwind$?c3_do_animation_call_c3_autolibshared@@YAXPEAUSFc3_autolibsharedInstanceStruct@@@Z 0000000180023754     autolibshared_sfun:c3_autolibshared.obj
 0002:0000675c       $unwind$?get_sim_state_c3_autolibshared@@YAPEBUmxArray_tag@@PEAUSFc3_autolibsharedInstanceStruct@@@Z 000000018002375c     autolibshared_sfun:c3_autolibshared.obj
 0002:00006764       $unwind$?set_sim_state_c3_autolibshared@@YAXPEAUSFc3_autolibsharedInstanceStruct@@PEBUmxArray_tag@@@Z 0000000180023764     autolibshared_sfun:c3_autolibshared.obj
 0002:00006774       $unwind$?c3_function_handle_parenReference@@YANPEAUSFc3_autolibsharedInstanceStruct@@N@Z 0000000180023774     autolibshared_sfun:c3_autolibshared.obj
 0002:0000677c       $unwind$?c3_automlvehdynftiresat@@YAXPEAUSFc3_autolibsharedInstanceStruct@@PEBUemlrtStack@@NNNPEAN2@Z 000000018002377c     autolibshared_sfun:c3_autolibshared.obj
 0002:00006784       $unwind$?c3_emlrt_marshallIn@@YAXPEAUSFc3_autolibsharedInstanceStruct@@PEBUmxArray_tag@@PEBDQEAN@Z 0000000180023784     autolibshared_sfun:c3_autolibshared.obj
 0002:0000678c       $unwind$?c3_b_emlrt_marshallIn@@YAXPEAUSFc3_autolibsharedInstanceStruct@@PEBUmxArray_tag@@PEBUemlrtMsgIdentifier@@QEAN@Z 000000018002378c     autolibshared_sfun:c3_autolibshared.obj
 0002:0000679c       $unwind$?c3_c_emlrt_marshallIn@@YAXPEAUSFc3_autolibsharedInstanceStruct@@PEBUmxArray_tag@@PEBDQEAN@Z 000000018002379c     autolibshared_sfun:c3_autolibshared.obj
 0002:000067a4       $unwind$?c3_d_emlrt_marshallIn@@YAXPEAUSFc3_autolibsharedInstanceStruct@@PEBUmxArray_tag@@PEBUemlrtMsgIdentifier@@QEAN@Z 00000001800237a4     autolibshared_sfun:c3_autolibshared.obj
 0002:000067b4       $unwind$?c3_e_emlrt_marshallIn@@YAXPEAUSFc3_autolibsharedInstanceStruct@@PEBUmxArray_tag@@PEBDQEAN@Z 00000001800237b4     autolibshared_sfun:c3_autolibshared.obj
 0002:000067bc       $unwind$?c3_f_emlrt_marshallIn@@YAXPEAUSFc3_autolibsharedInstanceStruct@@PEBUmxArray_tag@@PEBUemlrtMsgIdentifier@@QEAN@Z 00000001800237bc     autolibshared_sfun:c3_autolibshared.obj
 0002:000067cc       $unwind$?c3_g_emlrt_marshallIn@@YANPEAUSFc3_autolibsharedInstanceStruct@@PEBUmxArray_tag@@PEBD@Z 00000001800237cc     autolibshared_sfun:c3_autolibshared.obj
 0002:000067d4       $unwind$?c3_h_emlrt_marshallIn@@YANPEAUSFc3_autolibsharedInstanceStruct@@PEBUmxArray_tag@@PEBUemlrtMsgIdentifier@@@Z 00000001800237d4     autolibshared_sfun:c3_autolibshared.obj
 0002:000067dc       $unwind$?c3_i_emlrt_marshallIn@@YAEPEAUSFc3_autolibsharedInstanceStruct@@PEBUmxArray_tag@@PEBD@Z 00000001800237dc     autolibshared_sfun:c3_autolibshared.obj
 0002:000067e4       $unwind$?c3_j_emlrt_marshallIn@@YAEPEAUSFc3_autolibsharedInstanceStruct@@PEBUmxArray_tag@@PEBUemlrtMsgIdentifier@@@Z 00000001800237e4     autolibshared_sfun:c3_autolibshared.obj
 0002:000067ec       $unwind$?c3_chart_data_browse_helper@@YAXPEAUSFc3_autolibsharedInstanceStruct@@HPEAPEBUmxArray_tag@@PEAE@Z 00000001800237ec     autolibshared_sfun:c3_autolibshared.obj
 0002:000067f4       $unwind$?c3_b_automlsatfunc@@YAXPEAUSFc3_autolibsharedInstanceStruct@@QEAN@Z 00000001800237f4     autolibshared_sfun:c3_autolibshared.obj
 0002:000067fc       $unwind$?init_simulink_io_address@@YAXPEAUSFc3_autolibsharedInstanceStruct@@@Z 00000001800237fc     autolibshared_sfun:c3_autolibshared.obj
 0002:00006804       $unwind$?sf_c3_autolibshared_third_party_uses_info@@YAPEAUmxArray_tag@@XZ 0000000180023804     autolibshared_sfun:c3_autolibshared.obj
 0002:0000680c       $unwind$?sf_c3_autolibshared_jit_fallback_info@@YAPEAUmxArray_tag@@XZ 000000018002380c     autolibshared_sfun:c3_autolibshared.obj
 0002:0000681c       $unwind$?sf_c3_autolibshared_updateBuildInfo_args_info@@YAPEAUmxArray_tag@@XZ 000000018002381c     autolibshared_sfun:c3_autolibshared.obj
 0002:00006824       $unwind$?sf_get_sim_state_info_c3_autolibshared@@YAPEBUmxArray_tag@@XZ 0000000180023824     autolibshared_sfun:c3_autolibshared.obj
 0002:0000682c       $unwind$?sf_opaque_initialize_c3_autolibshared@@YAXPEAX@Z 000000018002382c     autolibshared_sfun:c3_autolibshared.obj
 0002:00006834       $unwind$?sf_opaque_enable_c3_autolibshared@@YAXPEAX@Z 0000000180023834     autolibshared_sfun:c3_autolibshared.obj
 0002:0000683c       $unwind$?sf_opaque_disable_c3_autolibshared@@YAXPEAX@Z 000000018002383c     autolibshared_sfun:c3_autolibshared.obj
 0002:00006844       $unwind$?sf_opaque_gateway_c3_autolibshared@@YAXPEAX@Z 0000000180023844     autolibshared_sfun:c3_autolibshared.obj
 0002:0000684c       $unwind$?sf_opaque_get_sim_state_c3_autolibshared@@YAPEBUmxArray_tag@@PEAUSimStruct_tag@@@Z 000000018002384c     autolibshared_sfun:c3_autolibshared.obj
 0002:00006854       $unwind$?sf_opaque_set_sim_state_c3_autolibshared@@YAXPEAUSimStruct_tag@@PEBUmxArray_tag@@@Z 0000000180023854     autolibshared_sfun:c3_autolibshared.obj
 0002:0000685c       $unwind$?sf_opaque_cleanup_runtime_resources_c3_autolibshared@@YAXPEAX@Z 000000018002385c     autolibshared_sfun:c3_autolibshared.obj
 0002:00006864       $unwind$?sf_opaque_mdl_start_c3_autolibshared@@YAXPEAX@Z 0000000180023864     autolibshared_sfun:c3_autolibshared.obj
 0002:0000686c       $unwind$?sf_opaque_mdl_terminate_c3_autolibshared@@YAXPEAX@Z 000000018002386c     autolibshared_sfun:c3_autolibshared.obj
 0002:00006874       $unwind$?mdlProcessParameters_c3_autolibshared@@YAXPEAUSimStruct_tag@@@Z 0000000180023874     autolibshared_sfun:c3_autolibshared.obj
 0002:0000687c       $unwind$?sf_c3_autolibshared_get_post_codegen_info@@YAPEBDXZ 000000018002387c     autolibshared_sfun:c3_autolibshared.obj
 0002:0000688c       $unwind$?mdlSetWorkWidths_c3_autolibshared@@YAXPEAUSimStruct_tag@@@Z 000000018002388c     autolibshared_sfun:c3_autolibshared.obj
 0002:00006894       $unwind$?mdlRTW_c3_autolibshared@@YAXPEAUSimStruct_tag@@@Z 0000000180023894     autolibshared_sfun:c3_autolibshared.obj
 0002:0000689c       $unwind$?mdlSetupRuntimeResources_c3_autolibshared@@YAXPEAUSimStruct_tag@@@Z 000000018002389c     autolibshared_sfun:c3_autolibshared.obj
 0002:000068a4       $unwind$__report_securityfailure 00000001800238a4     MSVCRT:gs_report.obj
 0002:000068ac       $unwind$__report_securityfailureEx 00000001800238ac     MSVCRT:gs_report.obj
 0002:000068b4       $unwind$__report_rangecheckfailure 00000001800238b4     MSVCRT:gs_report.obj
 0002:000068bc       $unwind$__report_gsfailure 00000001800238bc     MSVCRT:gs_report.obj
 0002:000068c4       $unwind$capture_current_context 00000001800238c4     MSVCRT:gs_report.obj
 0002:000068d0       $unwind$capture_previous_context 00000001800238d0     MSVCRT:gs_report.obj
 0002:000068dc       $unwind$__raise_securityfailure 00000001800238dc     MSVCRT:gs_report.obj
 0002:000068e4       $unwind$__GSHandlerCheckCommon 00000001800238e4     MSVCRT:gshandler.obj
 0002:000068ec       $unwind$__GSHandlerCheck   00000001800238ec     MSVCRT:gshandler.obj
 0002:000068f8       $xdatasym                  00000001800238f8     MSVCRT:amdsecgs.obj
 0002:000068fc       $unwind$?dllmain_crt_process_attach@@YAHQEAUHINSTANCE__@@QEAX@Z 00000001800238fc     MSVCRT:dll_dllmain.obj
 0002:00006938       $unwind$?fin$0@?0??dllmain_crt_process_attach@@YAHQEAUHINSTANCE__@@QEAX@Z@4HA 0000000180023938     MSVCRT:dll_dllmain.obj
 0002:00006940       $unwind$?dllmain_crt_process_detach@@YAH_N@Z 0000000180023940     MSVCRT:dll_dllmain.obj
 0002:00006994       $unwind$?fin$0@?0??dllmain_crt_process_detach@@YAH_N@Z@4HA 0000000180023994     MSVCRT:dll_dllmain.obj
 0002:0000699c       $unwind$?fin$1@?0??dllmain_crt_process_detach@@YAH_N@Z@4HA 000000018002399c     MSVCRT:dll_dllmain.obj
 0002:000069a4       $unwind$?dllmain_crt_dispatch@@YAHQEAUHINSTANCE__@@KQEAX@Z 00000001800239a4     MSVCRT:dll_dllmain.obj
 0002:000069ac       $unwind$?dllmain_dispatch@@YAHQEAUHINSTANCE__@@KQEAX@Z 00000001800239ac     MSVCRT:dll_dllmain.obj
 0002:000069d4       $unwind$?filt$0@?0??dllmain_dispatch@@YAHQEAUHINSTANCE__@@KQEAX@Z@4HA 00000001800239d4     MSVCRT:dll_dllmain.obj
 0002:000069dc       $unwind$_DllMainCRTStartup 00000001800239dc     MSVCRT:dll_dllmain.obj
 0002:000069ec       $unwind$__security_init_cookie 00000001800239ec     MSVCRT:gs_support.obj
 0002:000069f8       $unwind$__get_entropy      00000001800239f8     MSVCRT:gs_support.obj
 0002:00006a00       $unwind$DllMain            0000000180023a00     MSVCRT:dll_dllmain_stub.obj
 0002:00006a08       $unwind$__scrt_initialize_default_local_stdio_options 0000000180023a08     MSVCRT:default_local_stdio_options.obj
 0002:00006a10       $unwind$atexit             0000000180023a10     MSVCRT:utility.obj
 0002:00006a18       $unwind$_onexit            0000000180023a18     MSVCRT:utility.obj
 0002:00006a20       $unwind$__scrt_is_nonwritable_in_current_image 0000000180023a20     MSVCRT:utility.obj
 0002:00006a40       $unwind$__scrt_is_nonwritable_in_current_image$filt$0 0000000180023a40     MSVCRT:utility.obj
 0002:00006a48       $unwind$__scrt_acquire_startup_lock 0000000180023a48     MSVCRT:utility.obj
 0002:00006a50       $unwind$__scrt_release_startup_lock 0000000180023a50     MSVCRT:utility.obj
 0002:00006a58       $unwind$__scrt_initialize_crt 0000000180023a58     MSVCRT:utility.obj
 0002:00006a60       $unwind$__scrt_uninitialize_crt 0000000180023a60     MSVCRT:utility.obj
 0002:00006a68       $unwind$__scrt_initialize_onexit_tables 0000000180023a68     MSVCRT:utility.obj
 0002:00006a70       $unwind$__scrt_dllmain_exception_filter 0000000180023a70     MSVCRT:utility.obj
 0002:00006a84       $unwind$__scrt_dllmain_before_initialize_c 0000000180023a84     MSVCRT:utility.obj
 0002:00006a8c       $unwind$__scrt_dllmain_after_initialize_c 0000000180023a8c     MSVCRT:utility.obj
 0002:00006a94       $unwind$__scrt_dllmain_uninitialize_c 0000000180023a94     MSVCRT:utility.obj
 0002:00006a9c       $unwind$__scrt_dllmain_uninitialize_critical 0000000180023a9c     MSVCRT:utility.obj
 0002:00006aa4       $unwind$__scrt_dllmain_crt_thread_attach 0000000180023aa4     MSVCRT:utility.obj
 0002:00006aac       $unwind$__scrt_dllmain_crt_thread_detach 0000000180023aac     MSVCRT:utility.obj
 0002:00006ab4       $unwind$?configure_argv@__scrt_narrow_argv_policy@@SAHXZ 0000000180023ab4     MSVCRT:utility.obj
 0002:00006abc       $unwind$__scrt_get_show_window_mode 0000000180023abc     MSVCRT:utility_desktop.obj
 0002:00006ac4       $unwind$__scrt_is_managed_app 0000000180023ac4     MSVCRT:utility_desktop.obj
 0002:00006acc       $unwind$__scrt_fastfail    0000000180023acc     MSVCRT:utility_desktop.obj
 0002:00006adc       $unwind$__scrt_unhandled_exception_filter 0000000180023adc     MSVCRT:utility_desktop.obj
 0002:00006ae8       $unwind$_RTC_Initialize    0000000180023ae8     MSVCRT:initsect.obj
 0002:00006af4       $unwind$_RTC_Terminate     0000000180023af4     MSVCRT:initsect.obj
 0002:00006b00       $unwind$__castguard_check_failure_os_handled_wrapper 0000000180023b00     MSVCRT:guard_support.obj
 0002:00006b08       $unwind$__castguard_check_failure_user_handled_wrapper 0000000180023b08     MSVCRT:guard_support.obj
 0002:00006b10       $unwind$__castguard_check_failure_os_handled 0000000180023b10     MSVCRT:guard_support.obj
 0002:00006b18       $unwind$__castguard_check_failure_user_handled 0000000180023b18     MSVCRT:guard_support.obj
 0002:00006b20       $unwind$__castguard_slow_path_check_os_handled 0000000180023b20     MSVCRT:guard_support.obj
 0002:00006b28       $unwind$__castguard_slow_path_check_user_handled 0000000180023b28     MSVCRT:guard_support.obj
 0002:00006b30       $unwind$__isa_available_init 0000000180023b30     MSVCRT:cpu_disp.obj
 0002:00006b40       $xdatasym                  0000000180023b40     MSVCRT:guard_dispatch.obj
 0002:00006b48       $xdatasym                  0000000180023b48     MSVCRT:guard_xfg_dispatch.obj
 0002:00006b50       .edata                     0000000180023b50     Simulation_sfun.exp
 0002:00006b78       rgpv                       0000000180023b78     Simulation_sfun.exp
 0002:00006b80       rgszName                   0000000180023b80     Simulation_sfun.exp
 0002:00006b88       rgwOrd                     0000000180023b88     Simulation_sfun.exp
 0002:00006b8c       szName                     0000000180023b8c     Simulation_sfun.exp
 0002:00006ba3       $N00001                    0000000180023ba3     Simulation_sfun.exp
 0002:00006baf       $N00002                    0000000180023baf     Simulation_sfun.exp
 0002:000075b2       .idata$6                   00000001800245b2     sf_runtime:sf_runtime.dll
 0002:0000772c       .idata$6                   000000018002472c     libmx:libmx.dll
 0002:000077c0       .idata$6                   00000001800247c0     libmex:libmex.dll
 0002:000077e2       .idata$6                   00000001800247e2     libut:libut.dll
 0002:000078aa       .idata$6                   00000001800248aa     libmwmathutil:libmwmathutil.dll
 0002:00007918       .idata$6                   0000000180024918     libemlrt:libemlrt.dll
 0002:00007a86       .idata$6                   0000000180024a86     libcovrt:libcovrt.dll
 0002:00007c20       .idata$6                   0000000180024c20     kernel32:KERNEL32.dll
 0002:00007cae       .idata$6                   0000000180024cae     vcruntime:VCRUNTIME140.dll
 0002:00007dfc       .idata$6                   0000000180024dfc     ucrt:api-ms-win-crt-string-l1-1-0.dll
 0002:00007e1e       .idata$6                   0000000180024e1e     ucrt:api-ms-win-crt-stdio-l1-1-0.dll
 0002:00007e3e       .idata$6                   0000000180024e3e     ucrt:api-ms-win-crt-heap-l1-1-0.dll
 0002:00007e5e       .idata$6                   0000000180024e5e     ucrt:api-ms-win-crt-runtime-l1-1-0.dll
 0003:00000000       ?c4_emlrtBCI@@3UemlrtBCInfo@@A 0000000180025000     c4_Simulation.obj
 0003:00000030       ?c4_emlrtDCI@@3UemlrtDCInfo@@A 0000000180025030     c4_Simulation.obj
 0003:00000058       ?_sfcnName@@3PADA          0000000180025058     Simulation_sfun_registry.obj
 0003:00000078       ?c3_emlrtMCI@@3UemlrtRTEInfo@@A 0000000180025078     autolibshared_sfun:c3_autolibshared.obj
 0003:00000090       ?c3_b_emlrtMCI@@3UemlrtRTEInfo@@A 0000000180025090     autolibshared_sfun:c3_autolibshared.obj
 0003:000000a8       ?c3_emlrtRSI@@3UemlrtRSInfo@@A 00000001800250a8     autolibshared_sfun:c3_autolibshared.obj
 0003:000000c0       ?c3_b_emlrtRSI@@3UemlrtRSInfo@@A 00000001800250c0     autolibshared_sfun:c3_autolibshared.obj
 0003:000000d8       ?c3_c_emlrtRSI@@3UemlrtRSInfo@@A 00000001800250d8     autolibshared_sfun:c3_autolibshared.obj
 0003:000000f0       ?c3_d_emlrtRSI@@3UemlrtRSInfo@@A 00000001800250f0     autolibshared_sfun:c3_autolibshared.obj
 0003:00000108       ?c3_e_emlrtRSI@@3UemlrtRSInfo@@A 0000000180025108     autolibshared_sfun:c3_autolibshared.obj
 0003:00000120       ?c3_emlrtECI@@3UemlrtECInfo@@A 0000000180025120     autolibshared_sfun:c3_autolibshared.obj
 0003:00000140       ?c3_b_emlrtECI@@3UemlrtECInfo@@A 0000000180025140     autolibshared_sfun:c3_autolibshared.obj
 0003:00000160       ?c3_cv@@3PADA              0000000180025160     autolibshared_sfun:c3_autolibshared.obj
 0003:00000180       ?c3_cv2@?1??sf_gateway_c3_autolibshared@@YAXPEAUSFc3_autolibsharedInstanceStruct@@@Z@4PADA 0000000180025180     autolibshared_sfun:c3_autolibshared.obj
 0003:000001a0       ?c3_b_cv@?1??sf_gateway_c3_autolibshared@@YAXPEAUSFc3_autolibsharedInstanceStruct@@@Z@4PADA 00000001800251a0     autolibshared_sfun:c3_autolibshared.obj
 0003:000001a4       ?c3_cv1@?1??sf_gateway_c3_autolibshared@@YAXPEAUSFc3_autolibsharedInstanceStruct@@@Z@4PADA 00000001800251a4     autolibshared_sfun:c3_autolibshared.obj
 0003:000001a8       ?c3_b_cv@?1??c3_automlvehdynftiresat@@YAXPEAUSFc3_autolibsharedInstanceStruct@@PEBUemlrtStack@@NNNPEAN2@Z@4PADA 00000001800251a8     autolibshared_sfun:c3_autolibshared.obj
 0003:00000240       ?sRtwOptimizationInfoStruct@@3PEAUmxArray_tag@@EA 0000000180025240     Simulation_sfun.obj
 0003:00000248       ?sOptimizationInfoFlags@@3USfOptimizationInfoFlagsTag@@A 0000000180025248     Simulation_sfun.obj
 0003:00000250       ?_sfTime_@@3NA             0000000180025250     c2_Simulation.obj
 0003:00000260       ?newstr@?1??sf_c2_Simulation_get_post_codegen_info@@YAPEBDXZ@4PADA 0000000180025260     c2_Simulation.obj
 0003:00000820       ?_sfTime_@@3NA             0000000180025820     c4_Simulation.obj
 0003:00000830       ?newstr@?1??sf_c4_Simulation_get_post_codegen_info@@YAPEBDXZ@4PADA 0000000180025830     c4_Simulation.obj
 0003:00000de0       ?sfGlobalMdlStartCallCounts@@3IA 0000000180025de0     Simulation_sfun_registry.obj
 0003:00000de4       ?warningGuard@?1??ssGetRootSS@@9@4_NA 0000000180025de4     Simulation_sfun_registry.obj
 0003:00000de5       ?warningGuard@?1??ssGetParentSS@@9@4_NA 0000000180025de5     Simulation_sfun_registry.obj
 0003:00000de8       ?sRtwOptimizationInfoStruct@@3PEAUmxArray_tag@@EA 0000000180025de8     autolibshared_sfun:autolibshared_sfun.obj
 0003:00000df0       ?sOptimizationInfoFlags@@3USfOptimizationInfoFlagsTag@@A 0000000180025df0     autolibshared_sfun:autolibshared_sfun.obj
 0003:00000df8       ?_sfTime_@@3NA             0000000180025df8     autolibshared_sfun:c3_autolibshared.obj
 0003:00000e00       ?newstr@?1??sf_c3_autolibshared_get_post_codegen_info@@YAPEBDXZ@4PADA 0000000180025e00     autolibshared_sfun:c3_autolibshared.obj
 0003:00001460       GS_ExceptionRecord         0000000180026460     MSVCRT:gs_report.obj
 0003:00001500       GS_ContextRecord           0000000180026500     MSVCRT:gs_report.obj
 0003:000019d0       ?__proc_attached@@3HA      00000001800269d0     MSVCRT:dll_dllmain.obj
 0003:00001a08       ?is_initialized_as_dll@@3_NA 0000000180026a08     MSVCRT:utility.obj
 0003:00001a09       ?module_local_atexit_table_initialized@@3_NA 0000000180026a09     MSVCRT:utility.obj
 0003:00001a10       ?module_local_atexit_table@@3U_onexit_table_t@@A 0000000180026a10     MSVCRT:utility.obj
 0003:00001a28       ?module_local_at_quick_exit_table@@3U_onexit_table_t@@A 0000000180026a28     MSVCRT:utility.obj
