 Simulation_sfun

 Timestamp is 65f259ff (Thu Mar 14 01:59:27 2024)

 Preferred load address is 0000000180000000

 Start         Length     Name                   Class
 0001:00000000 000196e0H .text$mn                CODE
 0001:000196e0 00000036H .text$mn$00             CODE
 0001:00019716 00000092H .text$x                 CODE
 0002:00000000 00000488H .idata$5                DATA
 0002:00000488 00000038H .00cfg                  DATA
 0002:000004c0 00000008H .CRT$XCA                DATA
 0002:000004c8 00000008H .CRT$XCZ                DATA
 0002:000004d0 00000008H .CRT$XIA                DATA
 0002:000004d8 00000008H .CRT$XIZ                DATA
 0002:000004e0 00000008H .CRT$XPA                DATA
 0002:000004e8 00000008H .CRT$XPZ                DATA
 0002:000004f0 00000008H .CRT$XTA                DATA
 0002:000004f8 00000008H .CRT$XTZ                DATA
 0002:00000500 00000000H .gehcont$y              DATA
 0002:00000500 00000000H .gfids$y                DATA
 0002:00000500 00004880H .rdata                  DATA
 0002:00004d80 00000080H .rdata$CastGuardVftablesA DATA
 0002:00004e00 00000080H .rdata$CastGuardVftablesC DATA
 0002:00004e80 000001d8H .rdata$voltmd           DATA
 0002:00005058 00000278H .rdata$zzzdbg           DATA
 0002:000052d0 00000008H .rtc$IAA                DATA
 0002:000052d8 00000008H .rtc$IZZ                DATA
 0002:000052e0 00000008H .rtc$TAA                DATA
 0002:000052e8 00000008H .rtc$TZZ                DATA
 0002:000052f0 00000cf0H .xdata                  DATA
 0002:00005fe0 0000007cH .edata                  DATA
 0002:0000605c 00000104H .idata$2                DATA
 0002:00006160 00000018H .idata$3                DATA
 0002:00006178 00000488H .idata$4                DATA
 0002:00006600 00000c74H .idata$6                DATA
 0003:00000000 00000240H .data                   DATA
 0003:00000240 00001250H .bss                    DATA
 0004:00000000 00000fe4H .pdata                  DATA

  Address         Publics by Value              Rva+Base               Lib:Object

 0000:00000000       __AbsoluteZero             0000000000000000     <absolute>
 0000:00000000       ___safe_se_handler_count   0000000000000000     <absolute>
 0000:00000000       ___safe_se_handler_table   0000000000000000     <absolute>
 0000:00000000       __arm64x_extra_rfe_table   0000000000000000     <absolute>
 0000:00000000       __arm64x_extra_rfe_table_size 0000000000000000     <absolute>
 0000:00000000       __arm64x_native_entrypoint 0000000000000000     <absolute>
 0000:00000000       __arm64x_redirection_metadata 0000000000000000     <absolute>
 0000:00000000       __arm64x_redirection_metadata_count 0000000000000000     <absolute>
 0000:00000000       __dynamic_value_reloc_table 0000000000000000     <absolute>
 0000:00000000       __enclave_config           0000000000000000     <absolute>
 0000:00000000       __guard_check_icall_a64n_fptr 0000000000000000     <absolute>
 0000:00000000       __guard_eh_cont_count      0000000000000000     <absolute>
 0000:00000000       __guard_eh_cont_table      0000000000000000     <absolute>
 0000:00000000       __guard_fids_count         0000000000000000     <absolute>
 0000:00000000       __guard_fids_table         0000000000000000     <absolute>
 0000:00000000       __guard_iat_count          0000000000000000     <absolute>
 0000:00000000       __guard_iat_table          0000000000000000     <absolute>
 0000:00000000       __guard_longjmp_count      0000000000000000     <absolute>
 0000:00000000       __guard_longjmp_table      0000000000000000     <absolute>
 0000:00000000       __hybrid_auxiliary_delayload_iat 0000000000000000     <absolute>
 0000:00000000       __hybrid_auxiliary_delayload_iat_copy 0000000000000000     <absolute>
 0000:00000000       __hybrid_auxiliary_iat     0000000000000000     <absolute>
 0000:00000000       __hybrid_auxiliary_iat_copy 0000000000000000     <absolute>
 0000:00000000       __hybrid_code_map          0000000000000000     <absolute>
 0000:00000000       __hybrid_code_map_count    0000000000000000     <absolute>
 0000:00000000       __hybrid_image_info_bitfield 0000000000000000     <absolute>
 0000:00000000       __x64_code_ranges_to_entry_points 0000000000000000     <absolute>
 0000:00000000       __x64_code_ranges_to_entry_points_count 0000000000000000     <absolute>
 0000:00000100       __guard_flags              0000000000000100     <absolute>
 0000:00000000       __ImageBase                0000000180000000     <linker-defined>
 0001:00000000       ?Simulation_initializer@@YAXXZ 0000000180001000 f   Simulation_sfun.obj
 0001:00000010       ?Simulation_terminator@@YAXXZ 0000000180001010 f   Simulation_sfun.obj
 0001:00000020       ?load_Simulation_optimization_info@@YAPEAUmxArray_tag@@EEE@Z 0000000180001020 f   Simulation_sfun.obj
 0001:000000d0       ?unload_Simulation_optimization_info@@YAXXZ 00000001800010d0 f   Simulation_sfun.obj
 0001:00000100       ?sf_Simulation_method_dispatcher@@YAIPEAUSimStruct_tag@@IPEBDHPEAX@Z 0000000180001100 f   Simulation_sfun.obj
 0001:00000150       ?sf_Simulation_process_check_sum_call@@YAIHQEAPEAUmxArray_tag@@HQEAPEBU1@@Z 0000000180001150 f   Simulation_sfun.obj
 0001:00000640       ?sf_Simulation_get_eml_resolved_functions_info@@YAIHQEAPEAUmxArray_tag@@HQEAPEBU1@@Z 0000000180001640 f   Simulation_sfun.obj
 0001:00000820       ?sf_Simulation_third_party_uses_info@@YAIHQEAPEAUmxArray_tag@@HQEAPEBU1@@Z 0000000180001820 f   Simulation_sfun.obj
 0001:000009f0       ?sf_Simulation_jit_fallback_info@@YAIHQEAPEAUmxArray_tag@@HQEAPEBU1@@Z 00000001800019f0 f   Simulation_sfun.obj
 0001:00000bc0       ?sf_Simulation_get_post_codegen_info@@YAIHQEAPEAUmxArray_tag@@HQEAPEBU1@@Z 0000000180001bc0 f   Simulation_sfun.obj
 0001:00000da0       ?sf_Simulation_updateBuildInfo_args_info@@YAIHQEAPEAUmxArray_tag@@HQEAPEBU1@@Z 0000000180001da0 f   Simulation_sfun.obj
 0001:00000f70       ?Simulation_register_exported_symbols@@YAXPEAUSimStruct_tag@@@Z 0000000180001f70 f   Simulation_sfun.obj
 0001:00000f80       ?sf_c4_Simulation_get_eml_resolved_functions_info@@YAPEBUmxArray_tag@@XZ 0000000180001f80 f   c4_Simulation.obj
 0001:00001000       ?sf_c4_Simulation_get_check_sum@@YAXQEAPEAUmxArray_tag@@@Z 0000000180002000 f   c4_Simulation.obj
 0001:000010d0       ?c4_Simulation_method_dispatcher@@YAXPEAUSimStruct_tag@@HPEAX@Z 00000001800020d0 f   c4_Simulation.obj
 0001:00001ed0       ?sf_c4_Simulation_third_party_uses_info@@YAPEAUmxArray_tag@@XZ 0000000180002ed0 f   c4_Simulation.obj
 0001:00001f00       ?sf_c4_Simulation_jit_fallback_info@@YAPEAUmxArray_tag@@XZ 0000000180002f00 f   c4_Simulation.obj
 0001:00002090       ?sf_c4_Simulation_updateBuildInfo_args_info@@YAPEAUmxArray_tag@@XZ 0000000180003090 f   c4_Simulation.obj
 0001:000023c0       ?sf_c4_Simulation_get_post_codegen_info@@YAPEBDXZ 00000001800033c0 f   c4_Simulation.obj
 0001:000028b0       ??2@YAPEAX_KPEAX@Z         00000001800038b0 f i c4_Simulation.obj
 0001:000028c0       mexFunction                00000001800038c0 f   Simulation_sfun_registry.obj
 0001:00005230       _ssSetInputPortDirectFeedThroughFcn 0000000180006230 f   Simulation_sfun_registry.obj
 0001:000053b0       _ssSetRWorkValueFcn        00000001800063b0 f   Simulation_sfun_registry.obj
 0001:00005430       _ssGetRWorkValueFcn        0000000180006430 f   Simulation_sfun_registry.obj
 0001:000054a0       _ssSetIWorkValueFcn        00000001800064a0 f   Simulation_sfun_registry.obj
 0001:00005520       _ssGetIWorkValueFcn        0000000180006520 f   Simulation_sfun_registry.obj
 0001:00005590       _ssSetPWorkValueFcn        0000000180006590 f   Simulation_sfun_registry.obj
 0001:00005610       _ssGetPWorkValueFcn        0000000180006610 f   Simulation_sfun_registry.obj
 0001:00005680       _ssGetInputPortSignalFcn   0000000180006680 f   Simulation_sfun_registry.obj
 0001:00005a30       _ssGetInputPortBufferDstPortFcn 0000000180006a30 f   Simulation_sfun_registry.obj
 0001:00005ab0       _ssGetInputPortSignalPtrsFcn 0000000180006ab0 f   Simulation_sfun_registry.obj
 0001:00005e60       ssGetParameterTuningCompliance 0000000180006e60 f   Simulation_sfun_registry.obj
 0001:00005ed0       _ssReadInputStringFcn      0000000180006ed0 f   Simulation_sfun_registry.obj
 0001:00005f40       ssGetDTypeIdFromMxArray    0000000180006f40 f   Simulation_sfun_registry.obj
 0001:00006060       ssWriteRTWMx2dMatParam     0000000180007060 f   Simulation_sfun_registry.obj
 0001:000060f0       ssWriteRTWMxVectParam      00000001800070f0 f   Simulation_sfun_registry.obj
 0001:00006170       ssWriteRTWParameters       0000000180007170 f   Simulation_sfun_registry.obj
 0001:00006c70       ssWriteRTWParamSettings    0000000180007c70 f   Simulation_sfun_registry.obj
 0001:000079b0       ssWriteRTWStr              00000001800089b0 f   Simulation_sfun_registry.obj
 0001:00007a10       ssWriteRTWWorkVect         0000000180008a10 f   Simulation_sfun_registry.obj
 0001:00008020       ssWarning                  0000000180009020 f   Simulation_sfun_registry.obj
 0001:00008160       ssGetRootSS                0000000180009160 f   Simulation_sfun_registry.obj
 0001:00008220       ssGetParentSS              0000000180009220 f   Simulation_sfun_registry.obj
 0001:000082e0       ssWriteRTWNameValuePair    00000001800092e0 f   Simulation_sfun_registry.obj
 0001:00008a60       _ssSetInputPortMatrixDimensions 0000000180009a60 f   Simulation_sfun_registry.obj
 0001:00008bb0       _ssSetOutputPortMatrixDimensions 0000000180009bb0 f   Simulation_sfun_registry.obj
 0001:00008d00       _ssSetInputPortVectorDimension 0000000180009d00 f   Simulation_sfun_registry.obj
 0001:00008db0       _ssSetOutputPortVectorDimension 0000000180009db0 f   Simulation_sfun_registry.obj
 0001:00008e60       ssIsRunTimeParamTunable    0000000180009e60 f   Simulation_sfun_registry.obj
 0001:00008ed0       ssGetSFuncBlockHandle      0000000180009ed0 f   Simulation_sfun_registry.obj
 0001:00008f40       _ssGetCallSystemNumFcnCallDestinations 0000000180009f40 f   Simulation_sfun_registry.obj
 0001:00008fb0       _ssGetCurrentInputPortWidth 0000000180009fb0 f   Simulation_sfun_registry.obj
 0001:000090f0       _ssGetCurrentOutputPortWidth 000000018000a0f0 f   Simulation_sfun_registry.obj
 0001:00009230       ssGetIsZeroCrossControlDisabled 000000018000a230 f   Simulation_sfun_registry.obj
 0001:000092a0       ssSetIsInputPortUsedForContZcSignal 000000018000a2a0 f   Simulation_sfun_registry.obj
 0001:00009310       ssSetZcSignalIsZcElementDisc 000000018000a310 f   Simulation_sfun_registry.obj
 0001:000093c0       ssSetZcSignalName          000000018000a3c0 f   Simulation_sfun_registry.obj
 0001:00009430       ssSetZcSignalWidth         000000018000a430 f   Simulation_sfun_registry.obj
 0001:000094a0       ssSetZcSignalZcEventType   000000018000a4a0 f   Simulation_sfun_registry.obj
 0001:00009510       ssSetZcSignalType          000000018000a510 f   Simulation_sfun_registry.obj
 0001:00009580       ssSetZcSignalZcTol         000000018000a580 f   Simulation_sfun_registry.obj
 0001:000095f0       ssSetZcSignalNeedsEventNotification 000000018000a5f0 f   Simulation_sfun_registry.obj
 0001:00009660       ssCreateAndAddZcSignalInfo 000000018000a660 f   Simulation_sfun_registry.obj
 0001:000096d0       ssCloneAndAddZcSignalInfo  000000018000a6d0 f   Simulation_sfun_registry.obj
 0001:00009740       ssGetNumZcSignals          000000018000a740 f   Simulation_sfun_registry.obj
 0001:000097b0       ssGetZcSignalVector        000000018000a7b0 f   Simulation_sfun_registry.obj
 0001:00009820       ssGetZcSignalName          000000018000a820 f   Simulation_sfun_registry.obj
 0001:00009890       ssGetZcSignalWidth         000000018000a890 f   Simulation_sfun_registry.obj
 0001:00009900       ssGetZcSignalZcEventType   000000018000a900 f   Simulation_sfun_registry.obj
 0001:00009970       ssGetZcSignalZcEvents      000000018000a970 f   Simulation_sfun_registry.obj
 0001:000099e0       ssGetZcSignalType          000000018000a9e0 f   Simulation_sfun_registry.obj
 0001:00009a50       ssGetZcSignalZcTol         000000018000aa50 f   Simulation_sfun_registry.obj
 0001:00009ad0       ssGetZcSignalNeedsEventNotification 000000018000aad0 f   Simulation_sfun_registry.obj
 0001:00009b40       ssGetZcSignalIsZcElementDisc 000000018000ab40 f   Simulation_sfun_registry.obj
 0001:00009be0       ssGetIsInputPortElementContinuous 000000018000abe0 f   Simulation_sfun_registry.obj
 0001:00009c80       _ssGetAbsTol               000000018000ac80 f   Simulation_sfun_registry.obj
 0001:00009cf0       _ssSetStateAbsTol          000000018000acf0 f   Simulation_sfun_registry.obj
 0001:00009dd0       _ssSetInputPortReusableFcn 000000018000add0 f   Simulation_sfun_registry.obj
 0001:00009ee0       _ssSetOutputPortReusableFcn 000000018000aee0 f   Simulation_sfun_registry.obj
 0001:00009ff0       _ssSetSymbolicDimsSupport  000000018000aff0 f   Simulation_sfun_registry.obj
 0001:0000a060       _ssRegisterSymbolicDimsExpr 000000018000b060 f   Simulation_sfun_registry.obj
 0001:0000a0e0       _ssRegisterSymbolicDimsMATLABExpr 000000018000b0e0 f   Simulation_sfun_registry.obj
 0001:0000a170       _ssRegisterSymbolicDims    000000018000b170 f   Simulation_sfun_registry.obj
 0001:0000a210       _ssRegisterSymbolicDimsString 000000018000b210 f   Simulation_sfun_registry.obj
 0001:0000a290       _ssRegisterSymbolicDimsIntValue 000000018000b290 f   Simulation_sfun_registry.obj
 0001:0000a300       _ssRegisterSymbolicEqualRelation 000000018000b300 f   Simulation_sfun_registry.obj
 0001:0000a370       _ssRegisterSymbolicEqualValue 000000018000b370 f   Simulation_sfun_registry.obj
 0001:0000a3e0       _ssAmendLeadingSymbolicDims 000000018000b3e0 f   Simulation_sfun_registry.obj
 0001:0000a460       _ssAmendTrailingSymbolicDims 000000018000b460 f   Simulation_sfun_registry.obj
 0001:0000a4e0       _ssRegisterSymbolicDimsPlus 000000018000b4e0 f   Simulation_sfun_registry.obj
 0001:0000a560       _ssRegisterSymbolicDimsMinus 000000018000b560 f   Simulation_sfun_registry.obj
 0001:0000a5e0       _ssRegisterSymbolicDimsMultiply 000000018000b5e0 f   Simulation_sfun_registry.obj
 0001:0000a660       _ssRegisterSymbolicDimsDivide 000000018000b660 f   Simulation_sfun_registry.obj
 0001:0000a6e0       _ssGetNumSymbolicDims      000000018000b6e0 f   Simulation_sfun_registry.obj
 0001:0000a750       _ssGetSymbolicDim          000000018000b750 f   Simulation_sfun_registry.obj
 0001:0000a7d0       _ssSetInputPortSymbolicDimsId 000000018000b7d0 f   Simulation_sfun_registry.obj
 0001:0000a840       _ssGetCompInputPortSymbolicDimsId 000000018000b840 f   Simulation_sfun_registry.obj
 0001:0000a8b0       _ssSetCompInputPortSymbolicDimsId 000000018000b8b0 f   Simulation_sfun_registry.obj
 0001:0000a920       _ssSetOutputPortSymbolicDimsId 000000018000b920 f   Simulation_sfun_registry.obj
 0001:0000a990       _ssGetCompOutputPortSymbolicDimsId 000000018000b990 f   Simulation_sfun_registry.obj
 0001:0000aa00       _ssSetCompOutputPortSymbolicDimsId 000000018000ba00 f   Simulation_sfun_registry.obj
 0001:0000aa70       _ssGetDWorkSymbolicDimsId  000000018000ba70 f   Simulation_sfun_registry.obj
 0001:0000aae0       _ssSetDWorkSymbolicDimsId  000000018000bae0 f   Simulation_sfun_registry.obj
 0001:0000ab50       _ssGetCompDWorkSymbolicDimsId 000000018000bb50 f   Simulation_sfun_registry.obj
 0001:0000abc0       _ssSetCompDWorkSymbolicDimsId 000000018000bbc0 f   Simulation_sfun_registry.obj
 0001:0000ac30       _ssCreateSLCGStringBuffer  000000018000bc30 f   Simulation_sfun_registry.obj
 0001:0000aca0       _ssAddToSLCGStringBuffer   000000018000bca0 f   Simulation_sfun_registry.obj
 0001:0000ad10       _ssGetPointerContainedData 000000018000bd10 f   Simulation_sfun_registry.obj
 0001:0000ada0       _ssGetPointerContainedDataWidth 000000018000bda0 f   Simulation_sfun_registry.obj
 0001:0000ae30       _ssRegisterDynamicArrayDataTypeFcn 000000018000be30 f   Simulation_sfun_registry.obj
 0001:0000aed0       _ssGetDynamicArrayContainedDataCurrentWidthFcn 000000018000bed0 f   Simulation_sfun_registry.obj
 0001:0000afa0       _ssGetDynamicArrayContainedDataFcn 000000018000bfa0 f   Simulation_sfun_registry.obj
 0001:0000b070       _ssGetInputPortDynamicArrayDataFcn 000000018000c070 f   Simulation_sfun_registry.obj
 0001:0000b130       _ssGetOutputPortDynamicArrayDataFcn 000000018000c130 f   Simulation_sfun_registry.obj
 0001:0000b1f0       _ssGetInputPortDynamicArrayContainedDataFcn 000000018000c1f0 f   Simulation_sfun_registry.obj
 0001:0000b2b0       _ssGetOutputPortDynamicArrayContainedDataFcn 000000018000c2b0 f   Simulation_sfun_registry.obj
 0001:0000b370       _ssGetDynamicArrayDWorkContainedDataFcn 000000018000c370 f   Simulation_sfun_registry.obj
 0001:0000b430       ?sf_process_check_sum_call@@YAIHQEAPEAUmxArray_tag@@HQEAPEBU1@@Z 000000018000c430 f   Simulation_sfun_registry.obj
 0001:0000b4a0       ?sf_process_get_third_party_uses_info_call@@YAIHQEAPEAUmxArray_tag@@HQEAPEBU1@@Z 000000018000c4a0 f   Simulation_sfun_registry.obj
 0001:0000b790       ?sf_process_get_jit_fallback_info_call@@YAIHQEAPEAUmxArray_tag@@HQEAPEBU1@@Z 000000018000c790 f   Simulation_sfun_registry.obj
 0001:0000ba80       ?sf_process_get_post_codegen_info_call@@YAIHQEAPEAUmxArray_tag@@HQEAPEBU1@@Z 000000018000ca80 f   Simulation_sfun_registry.obj
 0001:0000bd70       ?sf_process_get_updateBuildInfo_args_info_call@@YAIHQEAPEAUmxArray_tag@@HQEAPEBU1@@Z 000000018000cd70 f   Simulation_sfun_registry.obj
 0001:0000c060       ?sf_process_get_eml_resolved_functions_info_call@@YAIHQEAPEAUmxArray_tag@@HQEAPEBU1@@Z 000000018000d060 f   Simulation_sfun_registry.obj
 0001:0000c350       ?sf_mex_unlock_call@@YAIHQEAPEAUmxArray_tag@@HQEAPEBU1@@Z 000000018000d350 f   Simulation_sfun_registry.obj
 0001:0000c570       ?sf_machine_global_initializer_called@@YAIXZ 000000018000d570 f   Simulation_sfun_registry.obj
 0001:0000c5a0       sf_machine_global_method_dispatcher 000000018000d5a0 f   Simulation_sfun_registry.obj
 0001:0000c640       sf_machine_global_terminator 000000018000d640 f   Simulation_sfun_registry.obj
 0001:0000c680       ?sf_register_machine_exported_symbols@@YAXPEAUSimStruct_tag@@@Z 000000018000d680 f   Simulation_sfun_registry.obj
 0001:0000c6b0       callCustomFcn              000000018000d6b0 f   Simulation_sfun_registry.obj
 0001:0000c6c0       sf_machine_global_initializer 000000018000d6c0 f   Simulation_sfun_registry.obj
 0001:0000c730       ?mdlGetSimState@@YAPEAUmxArray_tag@@PEAUSimStruct_tag@@@Z 000000018000d730 f   Simulation_sfun_registry.obj
 0001:0000c770       ?mdlSetSimState@@YAXPEAUSimStruct_tag@@PEBUmxArray_tag@@@Z 000000018000d770 f   Simulation_sfun_registry.obj
 0001:0000d0e0       ?ProcessMexSfunctionEveryCall@@YAIHQEAPEAUmxArray_tag@@HQEAPEBU1@@Z 000000018000e0e0 f   Simulation_sfun_registry.obj
 0001:0000e2a0       __local_stdio_printf_options 000000018000f2a0 f i Simulation_sfun_registry.obj
 0001:0000e2b0       snprintf                   000000018000f2b0 f i Simulation_sfun_registry.obj
 0001:0000e310       vsnprintf                  000000018000f310 f i Simulation_sfun_registry.obj
 0001:0000e390       mexfilerequiredapiversion  000000018000f390 f   c_mexapi_version.obj
 0001:0000e3c0       ?getBitfieldFromFloat@@YAIM@Z 000000018000f3c0 f   half_type.obj
 0001:0000e3f0       ?getFloatFromBitfield@@YAMI@Z 000000018000f3f0 f   half_type.obj
 0001:0000e420       ??0real16_T@@QEAA@M@Z      000000018000f420 f   half_type.obj
 0001:0000e670       ??0real16_T@@QEAA@N@Z      000000018000f670 f   half_type.obj
 0001:0000e960       ??Breal16_T@@QEBAMXZ       000000018000f960 f   half_type.obj
 0001:0000eaf0       ??Breal16_T@@QEBANXZ       000000018000faf0 f   half_type.obj
 0001:0000eb20       ??Hreal16_T@@QEBA?AV0@V0@@Z 000000018000fb20 f   half_type.obj
 0001:0000eb80       ??Greal16_T@@QEBA?AV0@V0@@Z 000000018000fb80 f   half_type.obj
 0001:0000ebe0       ??Dreal16_T@@QEBA?AV0@V0@@Z 000000018000fbe0 f   half_type.obj
 0001:0000ec40       ??Kreal16_T@@QEBA?AV0@V0@@Z 000000018000fc40 f   half_type.obj
 0001:0000eca0       ??Hreal16_T@@QEBA?AV0@XZ   000000018000fca0 f   half_type.obj
 0001:0000ecd0       ??Greal16_T@@QEBA?AV0@XZ   000000018000fcd0 f   half_type.obj
 0001:0000ed10       ??Ereal16_T@@QEAAAEAV0@XZ  000000018000fd10 f   half_type.obj
 0001:0000ed60       ??Ereal16_T@@QEAA?AV0@H@Z  000000018000fd60 f   half_type.obj
 0001:0000edd0       ??Freal16_T@@QEAAAEAV0@XZ  000000018000fdd0 f   half_type.obj
 0001:0000ee20       ??Freal16_T@@QEAA?AV0@H@Z  000000018000fe20 f   half_type.obj
 0001:0000ee90       ??8real16_T@@QEBAEV0@@Z    000000018000fe90 f   half_type.obj
 0001:0000eef0       ??9real16_T@@QEBAEV0@@Z    000000018000fef0 f   half_type.obj
 0001:0000ef50       ??Preal16_T@@QEBAEV0@@Z    000000018000ff50 f   half_type.obj
 0001:0000efa0       ??Oreal16_T@@QEBAEV0@@Z    000000018000ffa0 f   half_type.obj
 0001:0000eff0       ??Nreal16_T@@QEBAEV0@@Z    000000018000fff0 f   half_type.obj
 0001:0000f040       ??Mreal16_T@@QEBAEV0@@Z    0000000180010040 f   half_type.obj
 0001:0000f090       ??4real16_T@@QEAAAEAV0@AEBV0@@Z 0000000180010090 f   half_type.obj
 0001:0000f0c0       ??4real16_T@@QECAXAEDV0@@Z 00000001800100c0 f   half_type.obj
 0001:0000f0f0       ??4real16_T@@QECAXAEBV0@@Z 00000001800100f0 f   half_type.obj
 0001:0000f120       ??Yreal16_T@@QEAAAEAV0@V0@@Z 0000000180010120 f   half_type.obj
 0001:0000f180       ??Zreal16_T@@QEAAAEAV0@V0@@Z 0000000180010180 f   half_type.obj
 0001:0000f1e0       ??Xreal16_T@@QEAAAEAV0@V0@@Z 00000001800101e0 f   half_type.obj
 0001:0000f240       ??_0real16_T@@QEAAAEAV0@V0@@Z 0000000180010240 f   half_type.obj
 0001:0000f2a0       ?getBitfieldFromHalf@@YAGVreal16_T@@@Z 00000001800102a0 f   half_type.obj
 0001:0000f2c0       ?getHalfFromBitfield@@YA?AVreal16_T@@G@Z 00000001800102c0 f   half_type.obj
 0001:0000f300       ?halfToFloat@@YAMVreal16_T@@@Z 0000000180010300 f   half_type.obj
 0001:0000f320       ?halfToDouble@@YANVreal16_T@@@Z 0000000180010320 f   half_type.obj
 0001:0000f340       ?floatToHalf@@YA?AVreal16_T@@M@Z 0000000180010340 f   half_type.obj
 0001:0000f370       ?doubleToHalf@@YA?AVreal16_T@@N@Z 0000000180010370 f   half_type.obj
 0001:0000f3a0       ?getBitPattern@real16_T@@QEBAGXZ 00000001800103a0 f i half_type.obj
 0001:0000f3b0       ?setBitPattern@real16_T@@QEAAXG@Z 00000001800103b0 f i half_type.obj
 0001:0000f3d0       ?autolibshared_initializer@@YAXXZ 00000001800103d0 f   autolibshared_sfun:autolibshared_sfun.obj
 0001:0000f3e0       ?autolibshared_terminator@@YAXXZ 00000001800103e0 f   autolibshared_sfun:autolibshared_sfun.obj
 0001:0000f3f0       ?load_autolibshared_optimization_info@@YAPEAUmxArray_tag@@EEE@Z 00000001800103f0 f   autolibshared_sfun:autolibshared_sfun.obj
 0001:0000f4a0       ?unload_autolibshared_optimization_info@@YAXXZ 00000001800104a0 f   autolibshared_sfun:autolibshared_sfun.obj
 0001:0000f4d0       ?sf_autolibshared_method_dispatcher@@YAIPEAUSimStruct_tag@@IPEBDHPEAX@Z 00000001800104d0 f   autolibshared_sfun:autolibshared_sfun.obj
 0001:0000f520       ?sf_autolibshared_process_check_sum_call@@YAIHQEAPEAUmxArray_tag@@HQEAPEBU1@@Z 0000000180010520 f   autolibshared_sfun:autolibshared_sfun.obj
 0001:0000f920       ?sf_autolibshared_get_eml_resolved_functions_info@@YAIHQEAPEAUmxArray_tag@@HQEAPEBU1@@Z 0000000180010920 f   autolibshared_sfun:autolibshared_sfun.obj
 0001:0000fb00       ?sf_autolibshared_third_party_uses_info@@YAIHQEAPEAUmxArray_tag@@HQEAPEBU1@@Z 0000000180010b00 f   autolibshared_sfun:autolibshared_sfun.obj
 0001:0000fcd0       ?sf_autolibshared_jit_fallback_info@@YAIHQEAPEAUmxArray_tag@@HQEAPEBU1@@Z 0000000180010cd0 f   autolibshared_sfun:autolibshared_sfun.obj
 0001:0000fea0       ?sf_autolibshared_get_post_codegen_info@@YAIHQEAPEAUmxArray_tag@@HQEAPEBU1@@Z 0000000180010ea0 f   autolibshared_sfun:autolibshared_sfun.obj
 0001:00010080       ?sf_autolibshared_updateBuildInfo_args_info@@YAIHQEAPEAUmxArray_tag@@HQEAPEBU1@@Z 0000000180011080 f   autolibshared_sfun:autolibshared_sfun.obj
 0001:00010250       ?autolibshared_register_exported_symbols@@YAXPEAUSimStruct_tag@@@Z 0000000180011250 f   autolibshared_sfun:autolibshared_sfun.obj
 0001:00010260       ?sf_c3_autolibshared_get_eml_resolved_functions_info@@YAPEBUmxArray_tag@@XZ 0000000180011260 f   autolibshared_sfun:c3_autolibshared.obj
 0001:000102e0       ?sf_c3_autolibshared_get_check_sum@@YAXQEAPEAUmxArray_tag@@@Z 00000001800112e0 f   autolibshared_sfun:c3_autolibshared.obj
 0001:000103b0       ?c3_autolibshared_method_dispatcher@@YAXPEAUSimStruct_tag@@HPEAX@Z 00000001800113b0 f   autolibshared_sfun:c3_autolibshared.obj
 0001:00017500       ?sf_c3_autolibshared_third_party_uses_info@@YAPEAUmxArray_tag@@XZ 0000000180018500 f   autolibshared_sfun:c3_autolibshared.obj
 0001:00017530       ?sf_c3_autolibshared_jit_fallback_info@@YAPEAUmxArray_tag@@XZ 0000000180018530 f   autolibshared_sfun:c3_autolibshared.obj
 0001:000176c0       ?sf_c3_autolibshared_updateBuildInfo_args_info@@YAPEAUmxArray_tag@@XZ 00000001800186c0 f   autolibshared_sfun:c3_autolibshared.obj
 0001:000179f0       ?sf_c3_autolibshared_get_post_codegen_info@@YAPEBDXZ 00000001800189f0 f   autolibshared_sfun:c3_autolibshared.obj
 0001:00017f1b       sf_load_rtw_optimization_info 0000000180018f1b f   sf_runtime:sf_runtime.dll
 0001:00017f21       sf_mex_decode              0000000180018f21 f   sf_runtime:sf_runtime.dll
 0001:00017f27       sf_init_ChartRunTimeInfo   0000000180018f27 f   sf_runtime:sf_runtime.dll
 0001:00017f2d       sf_free_ChartRunTimeInfo   0000000180018f2d f   sf_runtime:sf_runtime.dll
 0001:00017f33       sf_reset_warnings_ChartRunTimeInfo 0000000180018f33 f   sf_runtime:sf_runtime.dll
 0001:00017f39       sfrtGetEmlrtCtx            0000000180018f39 f   sf_runtime:sf_runtime.dll
 0001:00017f3f       sfrtGetCovrtInstance       0000000180018f3f f   sf_runtime:sf_runtime.dll
 0001:00017f45       sf_get_chart_instance_ptr  0000000180018f45 f   sf_runtime:sf_runtime.dll
 0001:00017f4b       sfSetAnimationVectors      0000000180018f4b f   sf_runtime:sf_runtime.dll
 0001:00017f51       sim_mode_is_rtw_gen        0000000180018f51 f   sf_runtime:sf_runtime.dll
 0001:00017f57       sim_mode_is_external       0000000180018f57 f   sf_runtime:sf_runtime.dll
 0001:00017f5d       sf_clear_rtw_identifier    0000000180018f5d f   sf_runtime:sf_runtime.dll
 0001:00017f63       sf_get_time                0000000180018f63 f   sf_runtime:sf_runtime.dll
 0001:00017f69       sf_is_first_init_cond      0000000180018f69 f   sf_runtime:sf_runtime.dll
 0001:00017f6f       sfDoAnimationWrapper       0000000180018f6f f   sf_runtime:sf_runtime.dll
 0001:00017f75       setDataBrowseFcn           0000000180018f75 f   sf_runtime:sf_runtime.dll
 0001:00017f7b       sf_set_work_widths         0000000180018f7b f   sf_runtime:sf_runtime.dll
 0001:00017f81       mdlProcessParamsCommon     0000000180018f81 f   sf_runtime:sf_runtime.dll
 0001:00017f87       sfListenerCacheSimStruct   0000000180018f87 f   sf_runtime:sf_runtime.dll
 0001:00017f8d       sfListenerLightTerminate   0000000180018f8d f   sf_runtime:sf_runtime.dll
 0001:00017f93       sfListenerInitializeRuntimeVars 0000000180018f93 f   sf_runtime:sf_runtime.dll
 0001:00017f99       sf_mex_error_message       0000000180018f99 f   sf_runtime:sf_runtime.dll
 0001:00017f9f       sf_mex_create              0000000180018f9f f   sf_runtime:sf_runtime.dll
 0001:00017fa5       sf_mex_createcellmatrix    0000000180018fa5 f   sf_runtime:sf_runtime.dll
 0001:00017fab       sf_mex_setcell             0000000180018fab f   sf_runtime:sf_runtime.dll
 0001:00017fb1       sf_mex_getcell             0000000180018fb1 f   sf_runtime:sf_runtime.dll
 0001:00017fb7       sf_mex_assign              0000000180018fb7 f   sf_runtime:sf_runtime.dll
 0001:00017fbd       sf_mex_dup                 0000000180018fbd f   sf_runtime:sf_runtime.dll
 0001:00017fc3       sf_mex_destroy             0000000180018fc3 f   sf_runtime:sf_runtime.dll
 0001:00017fc9       sf_mex_import              0000000180018fc9 f   sf_runtime:sf_runtime.dll
 0001:00017fcf       ssGetInputPortSignal_wrapper 0000000180018fcf f   sf_runtime:sf_runtime.dll
 0001:00017fd5       ssGetOutputPortSignal_wrapper 0000000180018fd5 f   sf_runtime:sf_runtime.dll
 0001:00017fdb       sf_get_ChartInfoStruct_CodeGen 0000000180018fdb f   sf_runtime:sf_runtime.dll
 0001:00017fe1       sf_get_hasSeparateUpdateOutputs 0000000180018fe1 f   sf_runtime:sf_runtime.dll
 0001:00017fe7       callMdlMethodAndReportError 0000000180018fe7 f   sf_runtime:sf_runtime.dll
 0001:00017fed       call_sf_machine_global_method_dispatcher 0000000180018fed f   sf_runtime:sf_runtime.dll
 0001:00017ff3       getRuntimeInstanceInfoAsVoid 0000000180018ff3 f   sf_runtime:sf_runtime.dll
 0001:00017ff9       sf_mex_error_direct_call   0000000180018ff9 f   sf_runtime:sf_runtime.dll
 0001:00017fff       sf_clear_error_manager_info 0000000180018fff f   sf_runtime:sf_runtime.dll
 0001:00018005       sf_mex_get_sfun_param      0000000180019005 f   sf_runtime:sf_runtime.dll
 0001:0001800b       sf_mex_call                000000018001900b f   sf_runtime:sf_runtime.dll
 0001:00018011       sf_mex_import_named        0000000180019011 f   sf_runtime:sf_runtime.dll
 0001:00018017       mxIsChar_800               0000000180019017 f   libmx:libmx.dll
 0001:0001801d       mxGetScalar_800            000000018001901d f   libmx:libmx.dll
 0001:00018023       mxGetPr_800                0000000180019023 f   libmx:libmx.dll
 0001:00018029       mxDestroyArray_800         0000000180019029 f   libmx:libmx.dll
 0001:0001802f       mxCreateDoubleMatrix_800   000000018001902f f   libmx:libmx.dll
 0001:00018035       mxGetString_800            0000000180019035 f   libmx:libmx.dll
 0001:0001803b       mxDuplicateArray_800       000000018001903b f   libmx:libmx.dll
 0001:00018041       mxSetField_800             0000000180019041 f   libmx:libmx.dll
 0001:00018047       mxCreateString_800         0000000180019047 f   libmx:libmx.dll
 0001:0001804d       mxCreateCellMatrix_800     000000018001904d f   libmx:libmx.dll
 0001:00018053       mxCreateStructMatrix_800   0000000180019053 f   libmx:libmx.dll
 0001:00018059       mxCalloc_800               0000000180019059 f   libmx:libmx.dll
 0001:0001805f       mxGetM_800                 000000018001905f f   libmx:libmx.dll
 0001:00018065       mxGetClassID_800           0000000180019065 f   libmx:libmx.dll
 0001:0001806b       mxIsNumeric_800            000000018001906b f   libmx:libmx.dll
 0001:00018071       mxIsComplex_800            0000000180019071 f   libmx:libmx.dll
 0001:00018077       mxGetN_800                 0000000180019077 f   libmx:libmx.dll
 0001:0001807d       mxCreateDoubleScalar_800   000000018001907d f   libmx:libmx.dll
 0001:00018083       mexMakeArrayPersistent_800 0000000180019083 f   libmex:libmex.dll
 0001:00018089       mexErrMsgTxt_800           0000000180019089 f   libmex:libmex.dll
 0001:0001808f       mexWarnMsgTxt_800          000000018001908f f   libmex:libmex.dll
 0001:00018095       mexCallMATLAB_800          0000000180019095 f   libmex:libmex.dll
 0001:0001809b       mexLock_800                000000018001909b f   libmex:libmex.dll
 0001:000180a1       mexUnlock_800              00000001800190a1 f   libmex:libmex.dll
 0001:000180a7       mexIsLocked_800            00000001800190a7 f   libmex:libmex.dll
 0001:000180ad       utMalloc                   00000001800190ad f   libut:libut.dll
 0001:000180b3       utFree                     00000001800190b3 f   libut:libut.dll
 0001:000180b9       muDoubleScalarFloor        00000001800190b9 f   libmwmathutil:libmwmathutil.dll
 0001:000180bf       muDoubleScalarIsNaN        00000001800190bf f   libmwmathutil:libmwmathutil.dll
 0001:000180c5       muDoubleScalarAbs          00000001800190c5 f   libmwmathutil:libmwmathutil.dll
 0001:000180cb       muDoubleScalarCos          00000001800190cb f   libmwmathutil:libmwmathutil.dll
 0001:000180d1       muDoubleScalarAtan2        00000001800190d1 f   libmwmathutil:libmwmathutil.dll
 0001:000180d7       muDoubleScalarSin          00000001800190d7 f   libmwmathutil:libmwmathutil.dll
 0001:000180dd       muDoubleScalarSqrt         00000001800190dd f   libmwmathutil:libmwmathutil.dll
 0001:000180e3       muDoubleScalarTanh         00000001800190e3 f   libmwmathutil:libmwmathutil.dll
 0001:000180e9       emlrtDynamicBoundsCheckR2012b 00000001800190e9 f   libemlrt:libemlrt.dll
 0001:000180ef       emlrtIntegerCheckR2012b    00000001800190ef f   libemlrt:libemlrt.dll
 0001:000180f5       emlrtSubAssignSizeCheck1dR2017a 00000001800190f5 f   libemlrt:libemlrt.dll
 0001:000180fb       covrtCreateStateflowInstanceData 00000001800190fb f   libcovrt:libcovrt.dll
 0001:00018101       covrtDeleteStateflowInstanceData 0000000180019101 f   libcovrt:libcovrt.dll
 0001:00018107       covrtTransInitFcn          0000000180019107 f   libcovrt:libcovrt.dll
 0001:0001810d       covrtStateInitFcn          000000018001910d f   libcovrt:libcovrt.dll
 0001:00018113       covrtChartInitFcn          0000000180019113 f   libcovrt:libcovrt.dll
 0001:00018119       covrtSigUpdateFcn          0000000180019119 f   libcovrt:libcovrt.dll
 0001:0001811f       covrtEmlInitFcn            000000018001911f f   libcovrt:libcovrt.dll
 0001:00018125       covrtEmlFcnInitFcn         0000000180019125 f   libcovrt:libcovrt.dll
 0001:0001812b       covrtEmlFcnEval            000000018001912b f   libcovrt:libcovrt.dll
 0001:00018131       covrtEmlSwitchInitFcn      0000000180019131 f   libcovrt:libcovrt.dll
 0001:00018137       covrtEmlSwitchEval         0000000180019137 f   libcovrt:libcovrt.dll
 0001:00018140       __raise_securityfailure    0000000180019140 f   MSVCRT:gs_report.obj
 0001:00018174       __report_gsfailure         0000000180019174 f   MSVCRT:gs_report.obj
 0001:00018248       __report_rangecheckfailure 0000000180019248 f   MSVCRT:gs_report.obj
 0001:0001825c       __report_securityfailure   000000018001925c f   MSVCRT:gs_report.obj
 0001:000182f8       __report_securityfailureEx 00000001800192f8 f   MSVCRT:gs_report.obj
 0001:000184ec       __GSHandlerCheck           00000001800194ec f   MSVCRT:gshandler.obj
 0001:0001850c       __GSHandlerCheckCommon     000000018001950c f   MSVCRT:gshandler.obj
 0001:00018580       __security_check_cookie    0000000180019580 f   MSVCRT:amdsecgs.obj
 0001:000188d8       _CRT_INIT                  00000001800198d8 f   MSVCRT:dll_dllmain.obj
 0001:000188e0       _DllMainCRTStartup         00000001800198e0 f   MSVCRT:dll_dllmain.obj
 0001:0001898c       __security_init_cookie     000000018001998c f   MSVCRT:gs_support.obj
 0001:00018a38       DllMain                    0000000180019a38 f   MSVCRT:dll_dllmain_stub.obj
 0001:00018a5c       ?__scrt_initialize_type_info@@YAXXZ 0000000180019a5c f   MSVCRT:tncleanup.obj
 0001:00018a6c       ?__scrt_uninitialize_type_info@@YAXXZ 0000000180019a6c f   MSVCRT:tncleanup.obj
 0001:00018a78       __local_stdio_scanf_options 0000000180019a78 f i MSVCRT:default_local_stdio_options.obj
 0001:00018a80       __scrt_initialize_default_local_stdio_options 0000000180019a80 f   MSVCRT:default_local_stdio_options.obj
 0001:00018a9c       ?configure_argv@__scrt_narrow_argv_policy@@SAHXZ 0000000180019a9c f i MSVCRT:utility.obj
 0001:00018afc       ?initialize_environment@__scrt_narrow_environment_policy@@SAHXZ 0000000180019afc f i MSVCRT:utility.obj
 0001:00018b34       NtCurrentTeb               0000000180019b34 f i MSVCRT:utility.obj
 0001:00018b40       __scrt_acquire_startup_lock 0000000180019b40 f   MSVCRT:utility.obj
 0001:00018b7c       __scrt_dllmain_after_initialize_c 0000000180019b7c f   MSVCRT:utility.obj
 0001:00018bb0       __scrt_dllmain_before_initialize_c 0000000180019bb0 f   MSVCRT:utility.obj
 0001:00018bc8       __scrt_dllmain_crt_thread_attach 0000000180019bc8 f   MSVCRT:utility.obj
 0001:00018bf0       __scrt_dllmain_crt_thread_detach 0000000180019bf0 f   MSVCRT:utility.obj
 0001:00018c08       __scrt_dllmain_exception_filter 0000000180019c08 f   MSVCRT:utility.obj
 0001:00018c68       __scrt_dllmain_uninitialize_c 0000000180019c68 f   MSVCRT:utility.obj
 0001:00018c98       __scrt_dllmain_uninitialize_critical 0000000180019c98 f   MSVCRT:utility.obj
 0001:00018cac       __scrt_initialize_crt      0000000180019cac f   MSVCRT:utility.obj
 0001:00018ce8       __scrt_initialize_onexit_tables 0000000180019ce8 f   MSVCRT:utility.obj
 0001:00018d74       __scrt_is_nonwritable_in_current_image 0000000180019d74 f   MSVCRT:utility.obj
 0001:00018e0c       __scrt_release_startup_lock 0000000180019e0c f   MSVCRT:utility.obj
 0001:00018e30       __scrt_uninitialize_crt    0000000180019e30 f   MSVCRT:utility.obj
 0001:00018e5c       _onexit                    0000000180019e5c f   MSVCRT:utility.obj
 0001:00018e98       at_quick_exit              0000000180019e98 f   MSVCRT:utility.obj
 0001:00018eb8       atexit                     0000000180019eb8 f   MSVCRT:utility.obj
 0001:00018ed0       __scrt_get_dyn_tls_init_callback 0000000180019ed0 f   MSVCRT:dyn_tls_init.obj
 0001:00018ed8       __crt_debugger_hook        0000000180019ed8 f   MSVCRT:utility_desktop.obj
 0001:00018ee0       __scrt_fastfail            0000000180019ee0 f   MSVCRT:utility_desktop.obj
 0001:00019028       __scrt_get_show_window_mode 000000018001a028 f   MSVCRT:utility_desktop.obj
 0001:00019064       __scrt_initialize_mta      000000018001a064 f   MSVCRT:utility_desktop.obj
 0001:0001906c       __scrt_initialize_winrt    000000018001a06c f   MSVCRT:utility_desktop.obj
 0001:00019070       __scrt_is_managed_app      000000018001a070 f   MSVCRT:utility_desktop.obj
 0001:000190c4       __scrt_set_unhandled_exception_filter 000000018001a0c4 f   MSVCRT:utility_desktop.obj
 0001:000190d4       __scrt_exe_initialize_mta  000000018001a0d4 f   MSVCRT:utility_desktop.obj
 0001:000190d4       __scrt_stub_for_initialize_mta 000000018001a0d4 f   MSVCRT:utility_desktop.obj
 0001:000190d8       __scrt_unhandled_exception_filter 000000018001a0d8 f   MSVCRT:utility_desktop.obj
 0001:00019134       _RTC_Initialize            000000018001a134 f   MSVCRT:initsect.obj
 0001:00019170       _RTC_Terminate             000000018001a170 f   MSVCRT:initsect.obj
 0001:000191ac       _guard_check_icall_nop     000000018001a1ac f i MSVCRT:guard_support.obj
 0001:000191b0       ReadNoFence64              000000018001a1b0 f i MSVCRT:guard_support.obj
 0001:000191b4       ReadPointerNoFence         000000018001a1b4 f i MSVCRT:guard_support.obj
 0001:000191b8       __castguard_check_failure_debugbreak 000000018001a1b8 f i MSVCRT:guard_support.obj
 0001:000191d4       __castguard_check_failure_fastfail 000000018001a1d4 f i MSVCRT:guard_support.obj
 0001:000191f8       __castguard_check_failure_nop 000000018001a1f8 f i MSVCRT:guard_support.obj
 0001:000191fc       __castguard_check_failure_os_handled 000000018001a1fc f i MSVCRT:guard_support.obj
 0001:00019248       __castguard_check_failure_user_handled 000000018001a248 f i MSVCRT:guard_support.obj
 0001:000192bc       __castguard_set_user_handler 000000018001a2bc f i MSVCRT:guard_support.obj
 0001:000192c8       __castguard_slow_path_check_debugbreak 000000018001a2c8 f i MSVCRT:guard_support.obj
 0001:000192fc       __castguard_slow_path_check_fastfail 000000018001a2fc f i MSVCRT:guard_support.obj
 0001:00019338       __castguard_slow_path_check_nop 000000018001a338 f i MSVCRT:guard_support.obj
 0001:0001933c       __castguard_slow_path_check_os_handled 000000018001a33c f i MSVCRT:guard_support.obj
 0001:00019388       __castguard_slow_path_check_user_handled 000000018001a388 f i MSVCRT:guard_support.obj
 0001:000193f4       _guard_icall_checks_enforced 000000018001a3f4 f i MSVCRT:guard_support.obj
 0001:0001940c       _guard_rf_checks_enforced  000000018001a40c f i MSVCRT:guard_support.obj
 0001:00019410       __isa_available_init       000000018001a410 f   MSVCRT:cpu_disp.obj
 0001:000195bc       _get_startup_argv_mode     000000018001a5bc f   MSVCRT:argv_mode.obj
 0001:000195c4       __scrt_is_ucrt_dll_in_use  000000018001a5c4 f   MSVCRT:ucrt_detection.obj
 0001:000195d0       RtlCaptureContext          000000018001a5d0 f   kernel32:KERNEL32.dll
 0001:000195d6       RtlLookupFunctionEntry     000000018001a5d6 f   kernel32:KERNEL32.dll
 0001:000195dc       RtlVirtualUnwind           000000018001a5dc f   kernel32:KERNEL32.dll
 0001:000195e2       UnhandledExceptionFilter   000000018001a5e2 f   kernel32:KERNEL32.dll
 0001:000195e8       SetUnhandledExceptionFilter 000000018001a5e8 f   kernel32:KERNEL32.dll
 0001:000195ee       GetCurrentProcess          000000018001a5ee f   kernel32:KERNEL32.dll
 0001:000195f4       TerminateProcess           000000018001a5f4 f   kernel32:KERNEL32.dll
 0001:000195fa       IsProcessorFeaturePresent  000000018001a5fa f   kernel32:KERNEL32.dll
 0001:00019600       QueryPerformanceCounter    000000018001a600 f   kernel32:KERNEL32.dll
 0001:00019606       GetCurrentProcessId        000000018001a606 f   kernel32:KERNEL32.dll
 0001:0001960c       GetCurrentThreadId         000000018001a60c f   kernel32:KERNEL32.dll
 0001:00019612       GetSystemTimeAsFileTime    000000018001a612 f   kernel32:KERNEL32.dll
 0001:00019618       DisableThreadLibraryCalls  000000018001a618 f   kernel32:KERNEL32.dll
 0001:0001961e       InitializeSListHead        000000018001a61e f   kernel32:KERNEL32.dll
 0001:00019624       IsDebuggerPresent          000000018001a624 f   kernel32:KERNEL32.dll
 0001:0001962a       GetStartupInfoW            000000018001a62a f   kernel32:KERNEL32.dll
 0001:00019630       GetModuleHandleW           000000018001a630 f   kernel32:KERNEL32.dll
 0001:00019636       memset                     000000018001a636 f   vcruntime:VCRUNTIME140.dll
 0001:0001963c       memcpy                     000000018001a63c f   vcruntime:VCRUNTIME140.dll
 0001:00019642       __C_specific_handler       000000018001a642 f   vcruntime:VCRUNTIME140.dll
 0001:00019648       __std_type_info_destroy_list 000000018001a648 f   vcruntime:VCRUNTIME140.dll
 0001:0001964e       __current_exception        000000018001a64e f   vcruntime:VCRUNTIME140.dll
 0001:00019654       __current_exception_context 000000018001a654 f   vcruntime:VCRUNTIME140.dll
 0001:0001965a       strcmp                     000000018001a65a f   ucrt:api-ms-win-crt-string-l1-1-0.dll
 0001:00019660       strcat                     000000018001a660 f   ucrt:api-ms-win-crt-string-l1-1-0.dll
 0001:00019666       __stdio_common_vsprintf    000000018001a666 f   ucrt:api-ms-win-crt-stdio-l1-1-0.dll
 0001:0001966c       free                       000000018001a66c f   ucrt:api-ms-win-crt-heap-l1-1-0.dll
 0001:00019672       malloc                     000000018001a672 f   ucrt:api-ms-win-crt-heap-l1-1-0.dll
 0001:00019678       strlen                     000000018001a678 f   ucrt:api-ms-win-crt-string-l1-1-0.dll
 0001:0001967e       _initterm                  000000018001a67e f   ucrt:api-ms-win-crt-runtime-l1-1-0.dll
 0001:00019684       _initterm_e                000000018001a684 f   ucrt:api-ms-win-crt-runtime-l1-1-0.dll
 0001:0001968a       _seh_filter_dll            000000018001a68a f   ucrt:api-ms-win-crt-runtime-l1-1-0.dll
 0001:00019690       _configure_narrow_argv     000000018001a690 f   ucrt:api-ms-win-crt-runtime-l1-1-0.dll
 0001:00019696       _initialize_narrow_environment 000000018001a696 f   ucrt:api-ms-win-crt-runtime-l1-1-0.dll
 0001:0001969c       _initialize_onexit_table   000000018001a69c f   ucrt:api-ms-win-crt-runtime-l1-1-0.dll
 0001:000196a2       _register_onexit_function  000000018001a6a2 f   ucrt:api-ms-win-crt-runtime-l1-1-0.dll
 0001:000196a8       _execute_onexit_table      000000018001a6a8 f   ucrt:api-ms-win-crt-runtime-l1-1-0.dll
 0001:000196ae       _crt_atexit                000000018001a6ae f   ucrt:api-ms-win-crt-runtime-l1-1-0.dll
 0001:000196b4       _crt_at_quick_exit         000000018001a6b4 f   ucrt:api-ms-win-crt-runtime-l1-1-0.dll
 0001:000196ba       _cexit                     000000018001a6ba f   ucrt:api-ms-win-crt-runtime-l1-1-0.dll
 0001:000196c0       terminate                  000000018001a6c0 f   ucrt:api-ms-win-crt-runtime-l1-1-0.dll
 0001:000196c8       __acrt_initialize          000000018001a6c8 f   MSVCRT:ucrt_stubs.obj
 0001:000196c8       __scrt_stub_for_acrt_initialize 000000018001a6c8 f   MSVCRT:ucrt_stubs.obj
 0001:000196c8       __vcrt_initialize          000000018001a6c8 f   MSVCRT:ucrt_stubs.obj
 0001:000196cc       __acrt_thread_attach       000000018001a6cc f   MSVCRT:ucrt_stubs.obj
 0001:000196cc       __scrt_stub_for_acrt_thread_attach 000000018001a6cc f   MSVCRT:ucrt_stubs.obj
 0001:000196cc       __vcrt_thread_attach       000000018001a6cc f   MSVCRT:ucrt_stubs.obj
 0001:000196d0       __acrt_thread_detach       000000018001a6d0 f   MSVCRT:ucrt_stubs.obj
 0001:000196d0       __scrt_stub_for_acrt_thread_detach 000000018001a6d0 f   MSVCRT:ucrt_stubs.obj
 0001:000196d0       __vcrt_thread_detach       000000018001a6d0 f   MSVCRT:ucrt_stubs.obj
 0001:000196d4       __acrt_uninitialize        000000018001a6d4 f   MSVCRT:ucrt_stubs.obj
 0001:000196d4       __scrt_stub_for_acrt_uninitialize 000000018001a6d4 f   MSVCRT:ucrt_stubs.obj
 0001:000196d4       __vcrt_uninitialize        000000018001a6d4 f   MSVCRT:ucrt_stubs.obj
 0001:000196d8       __acrt_uninitialize_critical 000000018001a6d8 f   MSVCRT:ucrt_stubs.obj
 0001:000196d8       __scrt_stub_for_acrt_uninitialize_critical 000000018001a6d8 f   MSVCRT:ucrt_stubs.obj
 0001:000196d8       __vcrt_uninitialize_critical 000000018001a6d8 f   MSVCRT:ucrt_stubs.obj
 0001:000196dc       __scrt_stub_for_is_c_termination_complete 000000018001a6dc f   MSVCRT:ucrt_stubs.obj
 0001:000196dc       _is_c_termination_complete 000000018001a6dc f   MSVCRT:ucrt_stubs.obj
 0001:000196f0       _guard_dispatch_icall_nop  000000018001a6f0 f   MSVCRT:guard_dispatch.obj
 0001:00019710       _guard_xfg_dispatch_icall_nop 000000018001a710 f   MSVCRT:guard_xfg_dispatch.obj
 0002:00000000       __imp_UnhandledExceptionFilter 000000018001b000     kernel32:KERNEL32.dll
 0002:00000008       __imp_IsProcessorFeaturePresent 000000018001b008     kernel32:KERNEL32.dll
 0002:00000010       __imp_RtlVirtualUnwind     000000018001b010     kernel32:KERNEL32.dll
 0002:00000018       __imp_RtlLookupFunctionEntry 000000018001b018     kernel32:KERNEL32.dll
 0002:00000020       __imp_QueryPerformanceCounter 000000018001b020     kernel32:KERNEL32.dll
 0002:00000028       __imp_GetCurrentProcessId  000000018001b028     kernel32:KERNEL32.dll
 0002:00000030       __imp_GetCurrentThreadId   000000018001b030     kernel32:KERNEL32.dll
 0002:00000038       __imp_GetSystemTimeAsFileTime 000000018001b038     kernel32:KERNEL32.dll
 0002:00000040       __imp_DisableThreadLibraryCalls 000000018001b040     kernel32:KERNEL32.dll
 0002:00000048       __imp_InitializeSListHead  000000018001b048     kernel32:KERNEL32.dll
 0002:00000050       __imp_IsDebuggerPresent    000000018001b050     kernel32:KERNEL32.dll
 0002:00000058       __imp_GetStartupInfoW      000000018001b058     kernel32:KERNEL32.dll
 0002:00000060       __imp_GetModuleHandleW     000000018001b060     kernel32:KERNEL32.dll
 0002:00000068       __imp_GetCurrentProcess    000000018001b068     kernel32:KERNEL32.dll
 0002:00000070       __imp_SetUnhandledExceptionFilter 000000018001b070     kernel32:KERNEL32.dll
 0002:00000078       __imp_RtlCaptureContext    000000018001b078     kernel32:KERNEL32.dll
 0002:00000080       __imp_TerminateProcess     000000018001b080     kernel32:KERNEL32.dll
 0002:00000088       \177KERNEL32_NULL_THUNK_DATA 000000018001b088     kernel32:KERNEL32.dll
 0002:00000090       __imp_memset               000000018001b090     vcruntime:VCRUNTIME140.dll
 0002:00000098       __imp_memcpy               000000018001b098     vcruntime:VCRUNTIME140.dll
 0002:000000a0       __imp___C_specific_handler 000000018001b0a0     vcruntime:VCRUNTIME140.dll
 0002:000000a8       __imp___std_type_info_destroy_list 000000018001b0a8     vcruntime:VCRUNTIME140.dll
 0002:000000b0       __imp___current_exception  000000018001b0b0     vcruntime:VCRUNTIME140.dll
 0002:000000b8       __imp___current_exception_context 000000018001b0b8     vcruntime:VCRUNTIME140.dll
 0002:000000c0       \177VCRUNTIME140_NULL_THUNK_DATA 000000018001b0c0     vcruntime:VCRUNTIME140.dll
 0002:000000c8       __imp_free                 000000018001b0c8     ucrt:api-ms-win-crt-heap-l1-1-0.dll
 0002:000000d0       __imp_malloc               000000018001b0d0     ucrt:api-ms-win-crt-heap-l1-1-0.dll
 0002:000000d8       \177api-ms-win-crt-heap-l1-1-0_NULL_THUNK_DATA 000000018001b0d8     ucrt:api-ms-win-crt-heap-l1-1-0.dll
 0002:000000e0       __imp__initterm_e          000000018001b0e0     ucrt:api-ms-win-crt-runtime-l1-1-0.dll
 0002:000000e8       __imp__seh_filter_dll      000000018001b0e8     ucrt:api-ms-win-crt-runtime-l1-1-0.dll
 0002:000000f0       __imp__configure_narrow_argv 000000018001b0f0     ucrt:api-ms-win-crt-runtime-l1-1-0.dll
 0002:000000f8       __imp__initialize_narrow_environment 000000018001b0f8     ucrt:api-ms-win-crt-runtime-l1-1-0.dll
 0002:00000100       __imp__initialize_onexit_table 000000018001b100     ucrt:api-ms-win-crt-runtime-l1-1-0.dll
 0002:00000108       __imp__register_onexit_function 000000018001b108     ucrt:api-ms-win-crt-runtime-l1-1-0.dll
 0002:00000110       __imp__execute_onexit_table 000000018001b110     ucrt:api-ms-win-crt-runtime-l1-1-0.dll
 0002:00000118       __imp__crt_atexit          000000018001b118     ucrt:api-ms-win-crt-runtime-l1-1-0.dll
 0002:00000120       __imp__crt_at_quick_exit   000000018001b120     ucrt:api-ms-win-crt-runtime-l1-1-0.dll
 0002:00000128       __imp__cexit               000000018001b128     ucrt:api-ms-win-crt-runtime-l1-1-0.dll
 0002:00000130       __imp_terminate            000000018001b130     ucrt:api-ms-win-crt-runtime-l1-1-0.dll
 0002:00000138       __imp__initterm            000000018001b138     ucrt:api-ms-win-crt-runtime-l1-1-0.dll
 0002:00000140       \177api-ms-win-crt-runtime-l1-1-0_NULL_THUNK_DATA 000000018001b140     ucrt:api-ms-win-crt-runtime-l1-1-0.dll
 0002:00000148       __imp___stdio_common_vsprintf 000000018001b148     ucrt:api-ms-win-crt-stdio-l1-1-0.dll
 0002:00000150       \177api-ms-win-crt-stdio-l1-1-0_NULL_THUNK_DATA 000000018001b150     ucrt:api-ms-win-crt-stdio-l1-1-0.dll
 0002:00000158       __imp_strlen               000000018001b158     ucrt:api-ms-win-crt-string-l1-1-0.dll
 0002:00000160       __imp_strcat               000000018001b160     ucrt:api-ms-win-crt-string-l1-1-0.dll
 0002:00000168       __imp_strcmp               000000018001b168     ucrt:api-ms-win-crt-string-l1-1-0.dll
 0002:00000170       \177api-ms-win-crt-string-l1-1-0_NULL_THUNK_DATA 000000018001b170     ucrt:api-ms-win-crt-string-l1-1-0.dll
 0002:00000178       __imp_covrtEmlInitFcn      000000018001b178     libcovrt:libcovrt.dll
 0002:00000180       __imp_covrtSigUpdateFcn    000000018001b180     libcovrt:libcovrt.dll
 0002:00000188       __imp_covrtChartInitFcn    000000018001b188     libcovrt:libcovrt.dll
 0002:00000190       __imp_covrtEmlFcnEval      000000018001b190     libcovrt:libcovrt.dll
 0002:00000198       __imp_covrtEmlSwitchInitFcn 000000018001b198     libcovrt:libcovrt.dll
 0002:000001a0       __imp_covrtTransInitFcn    000000018001b1a0     libcovrt:libcovrt.dll
 0002:000001a8       __imp_covrtDeleteStateflowInstanceData 000000018001b1a8     libcovrt:libcovrt.dll
 0002:000001b0       __imp_covrtCreateStateflowInstanceData 000000018001b1b0     libcovrt:libcovrt.dll
 0002:000001b8       __imp_covrtEmlSwitchEval   000000018001b1b8     libcovrt:libcovrt.dll
 0002:000001c0       __imp_covrtEmlFcnInitFcn   000000018001b1c0     libcovrt:libcovrt.dll
 0002:000001c8       __imp_covrtStateInitFcn    000000018001b1c8     libcovrt:libcovrt.dll
 0002:000001d0       \177libcovrt_NULL_THUNK_DATA 000000018001b1d0     libcovrt:libcovrt.dll
 0002:000001d8       __imp_emlrtDynamicBoundsCheckR2012b 000000018001b1d8     libemlrt:libemlrt.dll
 0002:000001e0       __imp_emlrtIntegerCheckR2012b 000000018001b1e0     libemlrt:libemlrt.dll
 0002:000001e8       __imp_emlrtSubAssignSizeCheck1dR2017a 000000018001b1e8     libemlrt:libemlrt.dll
 0002:000001f0       \177libemlrt_NULL_THUNK_DATA 000000018001b1f0     libemlrt:libemlrt.dll
 0002:000001f8       __imp_mexErrMsgTxt_800     000000018001b1f8     libmex:libmex.dll
 0002:00000200       __imp_mexCallMATLAB_800    000000018001b200     libmex:libmex.dll
 0002:00000208       __imp_mexLock_800          000000018001b208     libmex:libmex.dll
 0002:00000210       __imp_mexUnlock_800        000000018001b210     libmex:libmex.dll
 0002:00000218       __imp_mexIsLocked_800      000000018001b218     libmex:libmex.dll
 0002:00000220       __imp_mexWarnMsgTxt_800    000000018001b220     libmex:libmex.dll
 0002:00000228       __imp_mexMakeArrayPersistent_800 000000018001b228     libmex:libmex.dll
 0002:00000230       \177libmex_NULL_THUNK_DATA 000000018001b230     libmex:libmex.dll
 0002:00000238       __imp_muDoubleScalarTanh   000000018001b238     libmwmathutil:libmwmathutil.dll
 0002:00000240       __imp_muDoubleScalarSqrt   000000018001b240     libmwmathutil:libmwmathutil.dll
 0002:00000248       __imp_muDoubleScalarFloor  000000018001b248     libmwmathutil:libmwmathutil.dll
 0002:00000250       __imp_muDoubleScalarIsNaN  000000018001b250     libmwmathutil:libmwmathutil.dll
 0002:00000258       __imp_muDoubleScalarAbs    000000018001b258     libmwmathutil:libmwmathutil.dll
 0002:00000260       __imp_muDoubleScalarCos    000000018001b260     libmwmathutil:libmwmathutil.dll
 0002:00000268       __imp_muDoubleScalarAtan2  000000018001b268     libmwmathutil:libmwmathutil.dll
 0002:00000270       __imp_muDoubleScalarSin    000000018001b270     libmwmathutil:libmwmathutil.dll
 0002:00000278       \177libmwmathutil_NULL_THUNK_DATA 000000018001b278     libmwmathutil:libmwmathutil.dll
 0002:00000280       __imp_mxCreateString_800   000000018001b280     libmx:libmx.dll
 0002:00000288       __imp_mxGetM_800           000000018001b288     libmx:libmx.dll
 0002:00000290       __imp_mxGetClassID_800     000000018001b290     libmx:libmx.dll
 0002:00000298       __imp_mxIsNumeric_800      000000018001b298     libmx:libmx.dll
 0002:000002a0       __imp_mxIsComplex_800      000000018001b2a0     libmx:libmx.dll
 0002:000002a8       __imp_mxCreateDoubleScalar_800 000000018001b2a8     libmx:libmx.dll
 0002:000002b0       __imp_mxCalloc_800         000000018001b2b0     libmx:libmx.dll
 0002:000002b8       __imp_mxCreateStructMatrix_800 000000018001b2b8     libmx:libmx.dll
 0002:000002c0       __imp_mxCreateCellMatrix_800 000000018001b2c0     libmx:libmx.dll
 0002:000002c8       __imp_mxSetField_800       000000018001b2c8     libmx:libmx.dll
 0002:000002d0       __imp_mxDuplicateArray_800 000000018001b2d0     libmx:libmx.dll
 0002:000002d8       __imp_mxGetString_800      000000018001b2d8     libmx:libmx.dll
 0002:000002e0       __imp_mxCreateDoubleMatrix_800 000000018001b2e0     libmx:libmx.dll
 0002:000002e8       __imp_mxDestroyArray_800   000000018001b2e8     libmx:libmx.dll
 0002:000002f0       __imp_mxGetPr_800          000000018001b2f0     libmx:libmx.dll
 0002:000002f8       __imp_mxGetScalar_800      000000018001b2f8     libmx:libmx.dll
 0002:00000300       __imp_mxIsChar_800         000000018001b300     libmx:libmx.dll
 0002:00000308       __imp_mxGetN_800           000000018001b308     libmx:libmx.dll
 0002:00000310       \177libmx_NULL_THUNK_DATA  000000018001b310     libmx:libmx.dll
 0002:00000318       __imp_utMalloc             000000018001b318     libut:libut.dll
 0002:00000320       __imp_utFree               000000018001b320     libut:libut.dll
 0002:00000328       \177libut_NULL_THUNK_DATA  000000018001b328     libut:libut.dll
 0002:00000330       __imp_sf_mex_error_message 000000018001b330     sf_runtime:sf_runtime.dll
 0002:00000338       __imp_sf_mex_import_named  000000018001b338     sf_runtime:sf_runtime.dll
 0002:00000340       __imp_sf_mex_call          000000018001b340     sf_runtime:sf_runtime.dll
 0002:00000348       __imp_sf_mex_get_sfun_param 000000018001b348     sf_runtime:sf_runtime.dll
 0002:00000350       __imp_sf_clear_error_manager_info 000000018001b350     sf_runtime:sf_runtime.dll
 0002:00000358       __imp_sf_mex_error_direct_call 000000018001b358     sf_runtime:sf_runtime.dll
 0002:00000360       __imp_getRuntimeInstanceInfoAsVoid 000000018001b360     sf_runtime:sf_runtime.dll
 0002:00000368       __imp_call_sf_machine_global_method_dispatcher 000000018001b368     sf_runtime:sf_runtime.dll
 0002:00000370       __imp_callMdlMethodAndReportError 000000018001b370     sf_runtime:sf_runtime.dll
 0002:00000378       __imp_sf_get_hasSeparateUpdateOutputs 000000018001b378     sf_runtime:sf_runtime.dll
 0002:00000380       __imp_sf_get_ChartInfoStruct_CodeGen 000000018001b380     sf_runtime:sf_runtime.dll
 0002:00000388       __imp_ssGetOutputPortSignal_wrapper 000000018001b388     sf_runtime:sf_runtime.dll
 0002:00000390       __imp_ssGetInputPortSignal_wrapper 000000018001b390     sf_runtime:sf_runtime.dll
 0002:00000398       __imp_sf_mex_import        000000018001b398     sf_runtime:sf_runtime.dll
 0002:000003a0       __imp_sf_mex_destroy       000000018001b3a0     sf_runtime:sf_runtime.dll
 0002:000003a8       __imp_sf_mex_dup           000000018001b3a8     sf_runtime:sf_runtime.dll
 0002:000003b0       __imp_sf_mex_assign        000000018001b3b0     sf_runtime:sf_runtime.dll
 0002:000003b8       __imp_sf_mex_getcell       000000018001b3b8     sf_runtime:sf_runtime.dll
 0002:000003c0       __imp_sf_mex_setcell       000000018001b3c0     sf_runtime:sf_runtime.dll
 0002:000003c8       __imp_sf_mex_createcellmatrix 000000018001b3c8     sf_runtime:sf_runtime.dll
 0002:000003d0       __imp_sf_mex_create        000000018001b3d0     sf_runtime:sf_runtime.dll
 0002:000003d8       __imp_sf_load_rtw_optimization_info 000000018001b3d8     sf_runtime:sf_runtime.dll
 0002:000003e0       __imp_sfListenerInitializeRuntimeVars 000000018001b3e0     sf_runtime:sf_runtime.dll
 0002:000003e8       __imp_sfListenerLightTerminate 000000018001b3e8     sf_runtime:sf_runtime.dll
 0002:000003f0       __imp_sfListenerCacheSimStruct 000000018001b3f0     sf_runtime:sf_runtime.dll
 0002:000003f8       __imp_mdlProcessParamsCommon 000000018001b3f8     sf_runtime:sf_runtime.dll
 0002:00000400       __imp_sf_set_work_widths   000000018001b400     sf_runtime:sf_runtime.dll
 0002:00000408       __imp_setDataBrowseFcn     000000018001b408     sf_runtime:sf_runtime.dll
 0002:00000410       __imp_sfDoAnimationWrapper 000000018001b410     sf_runtime:sf_runtime.dll
 0002:00000418       __imp_sf_is_first_init_cond 000000018001b418     sf_runtime:sf_runtime.dll
 0002:00000420       __imp_sf_get_time          000000018001b420     sf_runtime:sf_runtime.dll
 0002:00000428       __imp_sf_clear_rtw_identifier 000000018001b428     sf_runtime:sf_runtime.dll
 0002:00000430       __imp_sim_mode_is_external 000000018001b430     sf_runtime:sf_runtime.dll
 0002:00000438       __imp_sim_mode_is_rtw_gen  000000018001b438     sf_runtime:sf_runtime.dll
 0002:00000440       __imp_sfSetAnimationVectors 000000018001b440     sf_runtime:sf_runtime.dll
 0002:00000448       __imp_sf_get_chart_instance_ptr 000000018001b448     sf_runtime:sf_runtime.dll
 0002:00000450       __imp_sfrtGetCovrtInstance 000000018001b450     sf_runtime:sf_runtime.dll
 0002:00000458       __imp_sfrtGetEmlrtCtx      000000018001b458     sf_runtime:sf_runtime.dll
 0002:00000460       __imp_sf_reset_warnings_ChartRunTimeInfo 000000018001b460     sf_runtime:sf_runtime.dll
 0002:00000468       __imp_sf_free_ChartRunTimeInfo 000000018001b468     sf_runtime:sf_runtime.dll
 0002:00000470       __imp_sf_init_ChartRunTimeInfo 000000018001b470     sf_runtime:sf_runtime.dll
 0002:00000478       __imp_sf_mex_decode        000000018001b478     sf_runtime:sf_runtime.dll
 0002:00000480       \177sf_runtime_NULL_THUNK_DATA 000000018001b480     sf_runtime:sf_runtime.dll
 0002:00000488       __guard_check_icall_fptr   000000018001b488     MSVCRT:guard_support.obj
 0002:00000490       __guard_xfg_check_icall_fptr 000000018001b490     MSVCRT:guard_support.obj
 0002:00000498       __guard_dispatch_icall_fptr 000000018001b498     MSVCRT:guard_support.obj
 0002:000004a0       __guard_xfg_dispatch_icall_fptr 000000018001b4a0     MSVCRT:guard_support.obj
 0002:000004a8       __guard_xfg_table_dispatch_icall_fptr 000000018001b4a8     MSVCRT:guard_support.obj
 0002:000004b0       __castguard_check_failure_os_handled_fptr 000000018001b4b0     MSVCRT:guard_support.obj
 0002:000004b8       __guard_memcpy_fptr        000000018001b4b8     vcruntime:softmemtag.obj
 0002:000004c0       __xc_a                     000000018001b4c0     MSVCRT:initializers.obj
 0002:000004c8       __xc_z                     000000018001b4c8     MSVCRT:initializers.obj
 0002:000004d0       __xi_a                     000000018001b4d0     MSVCRT:initializers.obj
 0002:000004d8       __xi_z                     000000018001b4d8     MSVCRT:initializers.obj
 0002:000004e0       __xp_a                     000000018001b4e0     MSVCRT:initializers.obj
 0002:000004e8       __xp_z                     000000018001b4e8     MSVCRT:initializers.obj
 0002:000004f0       __xt_a                     000000018001b4f0     MSVCRT:initializers.obj
 0002:000004f8       __xt_z                     000000018001b4f8     MSVCRT:initializers.obj
 0002:00000660       __real@4193c12338000000    000000018001b660     Simulation_sfun.obj
 0002:00000668       __real@4199be0704000000    000000018001b668     Simulation_sfun.obj
 0002:00000670       __real@41c121c304000000    000000018001b670     Simulation_sfun.obj
 0002:00000678       __real@41cc4a4daa000000    000000018001b678     Simulation_sfun.obj
 0002:00000680       __real@41d08aa809000000    000000018001b680     Simulation_sfun.obj
 0002:00000688       __real@41d694f6edc00000    000000018001b688     Simulation_sfun.obj
 0002:00000690       __real@41dd21f954000000    000000018001b690     Simulation_sfun.obj
 0002:00000698       __real@41e08abd1a000000    000000018001b698     Simulation_sfun.obj
 0002:000006a0       __real@41e4ae0189600000    000000018001b6a0     Simulation_sfun.obj
 0002:000006a8       __real@41e58cae0ca00000    000000018001b6a8     Simulation_sfun.obj
 0002:000006b0       __real@41e9d9916a400000    000000018001b6b0     Simulation_sfun.obj
 0002:000006b8       __real@41ebc5c1b4000000    000000018001b6b8     Simulation_sfun.obj
 0002:00000fe0       __real@41d2658ebac00000    000000018001bfe0     c4_Simulation.obj
 0002:00000fe8       __real@41dc070494c00000    000000018001bfe8     c4_Simulation.obj
 0002:00000ff0       __real@41e2532c6da00000    000000018001bff0     c4_Simulation.obj
 0002:00000ff8       __real@41e3a17966600000    000000018001bff8     c4_Simulation.obj
 0002:000036e0       __real@0000000000000000    000000018001e6e0     Simulation_sfun_registry.obj
 0002:000036e8       __real@4010000000000000    000000018001e6e8     Simulation_sfun_registry.obj
 0002:000036f0       __real@41602cbca0000000    000000018001e6f0     Simulation_sfun_registry.obj
 0002:000036f8       __real@bff0000000000000    000000018001e6f8     Simulation_sfun_registry.obj
 0002:00003700       __real@3f800000            000000018001e700     half_type.obj
 0002:00003868       __real@41c72d19ef800000    000000018001e868     autolibshared_sfun:autolibshared_sfun.obj
 0002:00003870       __real@41dc3d88e7400000    000000018001e870     autolibshared_sfun:autolibshared_sfun.obj
 0002:00003878       __real@41e02236c3400000    000000018001e878     autolibshared_sfun:autolibshared_sfun.obj
 0002:00003880       __real@41e3188fefa00000    000000018001e880     autolibshared_sfun:autolibshared_sfun.obj
 0002:00004b50       __real@4000000000000000    000000018001fb50     autolibshared_sfun:c3_autolibshared.obj
 0002:00004b58       __real@4008000000000000    000000018001fb58     autolibshared_sfun:c3_autolibshared.obj
 0002:00004b60       __real@41a32f6c96000000    000000018001fb60     autolibshared_sfun:c3_autolibshared.obj
 0002:00004b68       __real@41d3a5f471400000    000000018001fb68     autolibshared_sfun:c3_autolibshared.obj
 0002:00004b70       __real@41e2261e53600000    000000018001fb70     autolibshared_sfun:c3_autolibshared.obj
 0002:00004b78       __real@41efa783ccc00000    000000018001fb78     autolibshared_sfun:c3_autolibshared.obj
 0002:00004b80       __xmm@80000000000000008000000000000000 000000018001fb80     autolibshared_sfun:c3_autolibshared.obj
 0002:00004ba0       _pDefaultRawDllMain        000000018001fba0     MSVCRT:dll_dllmain.obj
 0002:00004ba0       _pRawDllMain               000000018001fba0     MSVCRT:dll_dllmain.obj
 0002:00004bb0       __xmm@ffffffffffffffffffffffffffffffff 000000018001fbb0     MSVCRT:utility.obj
 0002:00004bc0       _load_config_used          000000018001fbc0     MSVCRT:loadcfg.obj
 0002:00004d80       __CastGuardVftablesStart   000000018001fd80     MSVCRT:guard_support.obj
 0002:00004e00       __CastGuardVftablesEnd     000000018001fe00     MSVCRT:guard_support.obj
 0002:00004e80       __volatile_metadata        000000018001fe80     <linker-defined>
 0002:000052d0       __rtc_iaa                  00000001800202d0     MSVCRT:initsect.obj
 0002:000052d8       __rtc_izz                  00000001800202d8     MSVCRT:initsect.obj
 0002:000052e0       __rtc_taa                  00000001800202e0     MSVCRT:initsect.obj
 0002:000052e8       __rtc_tzz                  00000001800202e8     MSVCRT:initsect.obj
 0002:0000605c       __IMPORT_DESCRIPTOR_sf_runtime 000000018002105c     sf_runtime:sf_runtime.dll
 0002:00006070       __IMPORT_DESCRIPTOR_libmx  0000000180021070     libmx:libmx.dll
 0002:00006084       __IMPORT_DESCRIPTOR_libmex 0000000180021084     libmex:libmex.dll
 0002:00006098       __IMPORT_DESCRIPTOR_libut  0000000180021098     libut:libut.dll
 0002:000060ac       __IMPORT_DESCRIPTOR_libmwmathutil 00000001800210ac     libmwmathutil:libmwmathutil.dll
 0002:000060c0       __IMPORT_DESCRIPTOR_libemlrt 00000001800210c0     libemlrt:libemlrt.dll
 0002:000060d4       __IMPORT_DESCRIPTOR_libcovrt 00000001800210d4     libcovrt:libcovrt.dll
 0002:000060e8       __IMPORT_DESCRIPTOR_KERNEL32 00000001800210e8     kernel32:KERNEL32.dll
 0002:000060fc       __IMPORT_DESCRIPTOR_VCRUNTIME140 00000001800210fc     vcruntime:VCRUNTIME140.dll
 0002:00006110       __IMPORT_DESCRIPTOR_api-ms-win-crt-string-l1-1-0 0000000180021110     ucrt:api-ms-win-crt-string-l1-1-0.dll
 0002:00006124       __IMPORT_DESCRIPTOR_api-ms-win-crt-stdio-l1-1-0 0000000180021124     ucrt:api-ms-win-crt-stdio-l1-1-0.dll
 0002:00006138       __IMPORT_DESCRIPTOR_api-ms-win-crt-heap-l1-1-0 0000000180021138     ucrt:api-ms-win-crt-heap-l1-1-0.dll
 0002:0000614c       __IMPORT_DESCRIPTOR_api-ms-win-crt-runtime-l1-1-0 000000018002114c     ucrt:api-ms-win-crt-runtime-l1-1-0.dll
 0002:00006160       __NULL_IMPORT_DESCRIPTOR   0000000180021160     sf_runtime:sf_runtime.dll
 0003:00000050       DYNAMIC_DIMENSION          0000000180023050     Simulation_sfun_registry.obj
 0003:000001c0       __security_cookie          00000001800231c0     MSVCRT:gs_cookie.obj
 0003:00000200       __security_cookie_complement 0000000180023200     MSVCRT:gs_cookie.obj
 0003:00000208       _fltused                   0000000180023208     MSVCRT:fltused.obj
 0003:0000020c       __scrt_native_dllmain_reason 000000018002320c     MSVCRT:utility.obj
 0003:00000210       __isa_available            0000000180023210     MSVCRT:cpu_disp.obj
 0003:00000214       __isa_enabled              0000000180023214     MSVCRT:cpu_disp.obj
 0003:00000218       __memset_fast_string_threshold 0000000180023218     MSVCRT:cpu_disp.obj
 0003:00000220       __memset_nt_threshold      0000000180023220     MSVCRT:cpu_disp.obj
 0003:00000230       __scrt_ucrt_dll_is_in_use  0000000180023230     MSVCRT:ucrt_stubs.obj
 0003:00000808       ?_OptionsStorage@?1??__local_stdio_printf_options@@9@4_KA 0000000180023808     Simulation_sfun_registry.obj
 0003:00001410       ?__type_info_root_node@@3U__type_info_node@@A 0000000180024410     MSVCRT:tncleanup.obj
 0003:00001420       ?_OptionsStorage@?1??__local_stdio_scanf_options@@9@4_KA 0000000180024420     MSVCRT:default_local_stdio_options.obj
 0003:00001428       __scrt_current_native_startup_state 0000000180024428     MSVCRT:utility.obj
 0003:00001430       __scrt_native_startup_lock 0000000180024430     MSVCRT:utility.obj
 0003:00001470       __scrt_debugger_hook_flag  0000000180024470     MSVCRT:utility_desktop.obj
 0003:00001478       __castguard_check_failure_user_handled_fptr 0000000180024478     MSVCRT:guard_support.obj
 0003:00001480       __favor                    0000000180024480     MSVCRT:cpu_disp.obj
 0003:00001488       __dyn_tls_init_callback    0000000180024488     <common>

 entry point at        0001:000188e0

 Static symbols

 0000:00000000       .debug$S                   0000000180000000     Simulation_sfun.exp
 0000:00000000       _volmd                     0000000180000000     Simulation_sfun.obj
 0000:00000000       _volmd                     0000000180000000     Simulation_sfun_registry.obj
 0000:00000000       _volmd                     0000000180000000     c4_Simulation.obj
 0000:00000000       .debug$S                   0000000180000000     ucrt:api-ms-win-crt-heap-l1-1-0.dll
 0000:00000000       .debug$S                   0000000180000000     ucrt:api-ms-win-crt-heap-l1-1-0.dll
 0000:00000000       .debug$S                   0000000180000000     ucrt:api-ms-win-crt-runtime-l1-1-0.dll
 0000:00000000       .debug$S                   0000000180000000     ucrt:api-ms-win-crt-runtime-l1-1-0.dll
 0000:00000000       .debug$S                   0000000180000000     ucrt:api-ms-win-crt-runtime-l1-1-0.dll
 0000:00000000       .debug$S                   0000000180000000     ucrt:api-ms-win-crt-runtime-l1-1-0.dll
 0000:00000000       .debug$S                   0000000180000000     ucrt:api-ms-win-crt-runtime-l1-1-0.dll
 0000:00000000       .debug$S                   0000000180000000     ucrt:api-ms-win-crt-runtime-l1-1-0.dll
 0000:00000000       .debug$S                   0000000180000000     ucrt:api-ms-win-crt-runtime-l1-1-0.dll
 0000:00000000       .debug$S                   0000000180000000     ucrt:api-ms-win-crt-runtime-l1-1-0.dll
 0000:00000000       .debug$S                   0000000180000000     ucrt:api-ms-win-crt-runtime-l1-1-0.dll
 0000:00000000       .debug$S                   0000000180000000     ucrt:api-ms-win-crt-runtime-l1-1-0.dll
 0000:00000000       .debug$S                   0000000180000000     ucrt:api-ms-win-crt-runtime-l1-1-0.dll
 0000:00000000       .debug$S                   0000000180000000     ucrt:api-ms-win-crt-runtime-l1-1-0.dll
 0000:00000000       .debug$S                   0000000180000000     ucrt:api-ms-win-crt-stdio-l1-1-0.dll
 0000:00000000       .debug$S                   0000000180000000     ucrt:api-ms-win-crt-string-l1-1-0.dll
 0000:00000000       .debug$S                   0000000180000000     ucrt:api-ms-win-crt-string-l1-1-0.dll
 0000:00000000       .debug$S                   0000000180000000     ucrt:api-ms-win-crt-string-l1-1-0.dll
 0000:00000000       .debug$S                   0000000180000000     kernel32:KERNEL32.dll
 0000:00000000       .debug$S                   0000000180000000     kernel32:KERNEL32.dll
 0000:00000000       .debug$S                   0000000180000000     kernel32:KERNEL32.dll
 0000:00000000       .debug$S                   0000000180000000     kernel32:KERNEL32.dll
 0000:00000000       .debug$S                   0000000180000000     kernel32:KERNEL32.dll
 0000:00000000       .debug$S                   0000000180000000     kernel32:KERNEL32.dll
 0000:00000000       .debug$S                   0000000180000000     kernel32:KERNEL32.dll
 0000:00000000       .debug$S                   0000000180000000     kernel32:KERNEL32.dll
 0000:00000000       .debug$S                   0000000180000000     kernel32:KERNEL32.dll
 0000:00000000       .debug$S                   0000000180000000     kernel32:KERNEL32.dll
 0000:00000000       .debug$S                   0000000180000000     kernel32:KERNEL32.dll
 0000:00000000       .debug$S                   0000000180000000     kernel32:KERNEL32.dll
 0000:00000000       .debug$S                   0000000180000000     kernel32:KERNEL32.dll
 0000:00000000       .debug$S                   0000000180000000     kernel32:KERNEL32.dll
 0000:00000000       .debug$S                   0000000180000000     kernel32:KERNEL32.dll
 0000:00000000       .debug$S                   0000000180000000     kernel32:KERNEL32.dll
 0000:00000000       .debug$S                   0000000180000000     kernel32:KERNEL32.dll
 0000:00000000       .debug$S                   0000000180000000     libcovrt:libcovrt.dll
 0000:00000000       .debug$S                   0000000180000000     libcovrt:libcovrt.dll
 0000:00000000       .debug$S                   0000000180000000     libcovrt:libcovrt.dll
 0000:00000000       .debug$S                   0000000180000000     libcovrt:libcovrt.dll
 0000:00000000       .debug$S                   0000000180000000     libcovrt:libcovrt.dll
 0000:00000000       .debug$S                   0000000180000000     libcovrt:libcovrt.dll
 0000:00000000       .debug$S                   0000000180000000     libcovrt:libcovrt.dll
 0000:00000000       .debug$S                   0000000180000000     libcovrt:libcovrt.dll
 0000:00000000       .debug$S                   0000000180000000     libcovrt:libcovrt.dll
 0000:00000000       .debug$S                   0000000180000000     libcovrt:libcovrt.dll
 0000:00000000       .debug$S                   0000000180000000     libcovrt:libcovrt.dll
 0000:00000000       .debug$S                   0000000180000000     libemlrt:libemlrt.dll
 0000:00000000       .debug$S                   0000000180000000     libemlrt:libemlrt.dll
 0000:00000000       .debug$S                   0000000180000000     libemlrt:libemlrt.dll
 0000:00000000       .debug$S                   0000000180000000     libmex:libmex.dll
 0000:00000000       .debug$S                   0000000180000000     libmex:libmex.dll
 0000:00000000       .debug$S                   0000000180000000     libmex:libmex.dll
 0000:00000000       .debug$S                   0000000180000000     libmex:libmex.dll
 0000:00000000       .debug$S                   0000000180000000     libmex:libmex.dll
 0000:00000000       .debug$S                   0000000180000000     libmex:libmex.dll
 0000:00000000       .debug$S                   0000000180000000     libmex:libmex.dll
 0000:00000000       .debug$S                   0000000180000000     libmwmathutil:libmwmathutil.dll
 0000:00000000       .debug$S                   0000000180000000     libmwmathutil:libmwmathutil.dll
 0000:00000000       .debug$S                   0000000180000000     libmwmathutil:libmwmathutil.dll
 0000:00000000       .debug$S                   0000000180000000     libmwmathutil:libmwmathutil.dll
 0000:00000000       .debug$S                   0000000180000000     libmwmathutil:libmwmathutil.dll
 0000:00000000       .debug$S                   0000000180000000     libmwmathutil:libmwmathutil.dll
 0000:00000000       .debug$S                   0000000180000000     libmwmathutil:libmwmathutil.dll
 0000:00000000       .debug$S                   0000000180000000     libmwmathutil:libmwmathutil.dll
 0000:00000000       .debug$S                   0000000180000000     libmx:libmx.dll
 0000:00000000       .debug$S                   0000000180000000     libmx:libmx.dll
 0000:00000000       .debug$S                   0000000180000000     libmx:libmx.dll
 0000:00000000       .debug$S                   0000000180000000     libmx:libmx.dll
 0000:00000000       .debug$S                   0000000180000000     libmx:libmx.dll
 0000:00000000       .debug$S                   0000000180000000     libmx:libmx.dll
 0000:00000000       .debug$S                   0000000180000000     libmx:libmx.dll
 0000:00000000       .debug$S                   0000000180000000     libmx:libmx.dll
 0000:00000000       .debug$S                   0000000180000000     libmx:libmx.dll
 0000:00000000       .debug$S                   0000000180000000     libmx:libmx.dll
 0000:00000000       .debug$S                   0000000180000000     libmx:libmx.dll
 0000:00000000       .debug$S                   0000000180000000     libmx:libmx.dll
 0000:00000000       .debug$S                   0000000180000000     libmx:libmx.dll
 0000:00000000       .debug$S                   0000000180000000     libmx:libmx.dll
 0000:00000000       .debug$S                   0000000180000000     libmx:libmx.dll
 0000:00000000       .debug$S                   0000000180000000     libmx:libmx.dll
 0000:00000000       .debug$S                   0000000180000000     libmx:libmx.dll
 0000:00000000       .debug$S                   0000000180000000     libmx:libmx.dll
 0000:00000000       .debug$S                   0000000180000000     libut:libut.dll
 0000:00000000       .debug$S                   0000000180000000     libut:libut.dll
 0000:00000000       .debug$S                   0000000180000000     sf_runtime:sf_runtime.dll
 0000:00000000       .debug$S                   0000000180000000     sf_runtime:sf_runtime.dll
 0000:00000000       .debug$S                   0000000180000000     sf_runtime:sf_runtime.dll
 0000:00000000       .debug$S                   0000000180000000     sf_runtime:sf_runtime.dll
 0000:00000000       .debug$S                   0000000180000000     sf_runtime:sf_runtime.dll
 0000:00000000       .debug$S                   0000000180000000     sf_runtime:sf_runtime.dll
 0000:00000000       .debug$S                   0000000180000000     sf_runtime:sf_runtime.dll
 0000:00000000       .debug$S                   0000000180000000     sf_runtime:sf_runtime.dll
 0000:00000000       .debug$S                   0000000180000000     sf_runtime:sf_runtime.dll
 0000:00000000       .debug$S                   0000000180000000     sf_runtime:sf_runtime.dll
 0000:00000000       .debug$S                   0000000180000000     sf_runtime:sf_runtime.dll
 0000:00000000       .debug$S                   0000000180000000     sf_runtime:sf_runtime.dll
 0000:00000000       .debug$S                   0000000180000000     sf_runtime:sf_runtime.dll
 0000:00000000       .debug$S                   0000000180000000     sf_runtime:sf_runtime.dll
 0000:00000000       .debug$S                   0000000180000000     sf_runtime:sf_runtime.dll
 0000:00000000       .debug$S                   0000000180000000     sf_runtime:sf_runtime.dll
 0000:00000000       .debug$S                   0000000180000000     sf_runtime:sf_runtime.dll
 0000:00000000       .debug$S                   0000000180000000     sf_runtime:sf_runtime.dll
 0000:00000000       .debug$S                   0000000180000000     sf_runtime:sf_runtime.dll
 0000:00000000       .debug$S                   0000000180000000     sf_runtime:sf_runtime.dll
 0000:00000000       .debug$S                   0000000180000000     sf_runtime:sf_runtime.dll
 0000:00000000       .debug$S                   0000000180000000     sf_runtime:sf_runtime.dll
 0000:00000000       .debug$S                   0000000180000000     sf_runtime:sf_runtime.dll
 0000:00000000       .debug$S                   0000000180000000     sf_runtime:sf_runtime.dll
 0000:00000000       .debug$S                   0000000180000000     sf_runtime:sf_runtime.dll
 0000:00000000       .debug$S                   0000000180000000     sf_runtime:sf_runtime.dll
 0000:00000000       .debug$S                   0000000180000000     sf_runtime:sf_runtime.dll
 0000:00000000       .debug$S                   0000000180000000     sf_runtime:sf_runtime.dll
 0000:00000000       .debug$S                   0000000180000000     sf_runtime:sf_runtime.dll
[...]
 0002:00005b64       $unwind$?sf_autolibshared_get_post_codegen_info@@YAIHQEAPEAUmxArray_tag@@HQEAPEBU1@@Z 0000000180020b64     autolibshared_sfun:autolibshared_sfun.obj
 0002:00005b74       $unwind$?sf_autolibshared_updateBuildInfo_args_info@@YAIHQEAPEAUmxArray_tag@@HQEAPEBU1@@Z 0000000180020b74     autolibshared_sfun:autolibshared_sfun.obj
 0002:00005b84       $unwind$?sf_c3_autolibshared_get_eml_resolved_functions_info@@YAPEBUmxArray_tag@@XZ 0000000180020b84     autolibshared_sfun:c3_autolibshared.obj
 0002:00005b8c       $unwind$?sf_c3_autolibshared_get_check_sum@@YAXQEAPEAUmxArray_tag@@@Z 0000000180020b8c     autolibshared_sfun:c3_autolibshared.obj
 0002:00005b94       $unwind$?c3_autolibshared_method_dispatcher@@YAXPEAUSimStruct_tag@@HPEAX@Z 0000000180020b94     autolibshared_sfun:c3_autolibshared.obj
 0002:00005b9c       $unwind$?initialize_c3_autolibshared@@YAXPEAUSFc3_autolibsharedInstanceStruct@@@Z 0000000180020b9c     autolibshared_sfun:c3_autolibshared.obj
 0002:00005ba4       $unwind$?initialize_params_c3_autolibshared@@YAXPEAUSFc3_autolibsharedInstanceStruct@@@Z 0000000180020ba4     autolibshared_sfun:c3_autolibshared.obj
 0002:00005bac       $unwind$?mdl_start_c3_autolibshared@@YAXPEAUSFc3_autolibsharedInstanceStruct@@@Z 0000000180020bac     autolibshared_sfun:c3_autolibshared.obj
 0002:00005bb4       $unwind$?mdl_setup_runtime_resources_c3_autolibshared@@YAXPEAUSFc3_autolibsharedInstanceStruct@@@Z 0000000180020bb4     autolibshared_sfun:c3_autolibshared.obj
 0002:00005bbc       $unwind$?mdl_cleanup_runtime_resources_c3_autolibshared@@YAXPEAUSFc3_autolibsharedInstanceStruct@@@Z 0000000180020bbc     autolibshared_sfun:c3_autolibshared.obj
 0002:00005bc4       $unwind$?enable_c3_autolibshared@@YAXPEAUSFc3_autolibsharedInstanceStruct@@@Z 0000000180020bc4     autolibshared_sfun:c3_autolibshared.obj
 0002:00005bcc       $unwind$?disable_c3_autolibshared@@YAXPEAUSFc3_autolibsharedInstanceStruct@@@Z 0000000180020bcc     autolibshared_sfun:c3_autolibshared.obj
 0002:00005bd4       $unwind$?sf_gateway_c3_autolibshared@@YAXPEAUSFc3_autolibsharedInstanceStruct@@@Z 0000000180020bd4     autolibshared_sfun:c3_autolibshared.obj
 0002:00005bdc       $unwind$?c3_do_animation_call_c3_autolibshared@@YAXPEAUSFc3_autolibsharedInstanceStruct@@@Z 0000000180020bdc     autolibshared_sfun:c3_autolibshared.obj
 0002:00005be4       $unwind$?get_sim_state_c3_autolibshared@@YAPEBUmxArray_tag@@PEAUSFc3_autolibsharedInstanceStruct@@@Z 0000000180020be4     autolibshared_sfun:c3_autolibshared.obj
 0002:00005bec       $unwind$?set_sim_state_c3_autolibshared@@YAXPEAUSFc3_autolibsharedInstanceStruct@@PEBUmxArray_tag@@@Z 0000000180020bec     autolibshared_sfun:c3_autolibshared.obj
 0002:00005bfc       $unwind$?c3_function_handle_parenReference@@YANPEAUSFc3_autolibsharedInstanceStruct@@N@Z 0000000180020bfc     autolibshared_sfun:c3_autolibshared.obj
 0002:00005c04       $unwind$?c3_automlvehdynftiresat@@YAXPEAUSFc3_autolibsharedInstanceStruct@@PEBUemlrtStack@@NNNPEAN2@Z 0000000180020c04     autolibshared_sfun:c3_autolibshared.obj
 0002:00005c0c       $unwind$?c3_emlrt_marshallIn@@YAXPEAUSFc3_autolibsharedInstanceStruct@@PEBUmxArray_tag@@PEBDQEAN@Z 0000000180020c0c     autolibshared_sfun:c3_autolibshared.obj
 0002:00005c14       $unwind$?c3_b_emlrt_marshallIn@@YAXPEAUSFc3_autolibsharedInstanceStruct@@PEBUmxArray_tag@@PEBUemlrtMsgIdentifier@@QEAN@Z 0000000180020c14     autolibshared_sfun:c3_autolibshared.obj
 0002:00005c24       $unwind$?c3_c_emlrt_marshallIn@@YAXPEAUSFc3_autolibsharedInstanceStruct@@PEBUmxArray_tag@@PEBDQEAN@Z 0000000180020c24     autolibshared_sfun:c3_autolibshared.obj
 0002:00005c2c       $unwind$?c3_d_emlrt_marshallIn@@YAXPEAUSFc3_autolibsharedInstanceStruct@@PEBUmxArray_tag@@PEBUemlrtMsgIdentifier@@QEAN@Z 0000000180020c2c     autolibshared_sfun:c3_autolibshared.obj
 0002:00005c3c       $unwind$?c3_e_emlrt_marshallIn@@YAXPEAUSFc3_autolibsharedInstanceStruct@@PEBUmxArray_tag@@PEBDQEAN@Z 0000000180020c3c     autolibshared_sfun:c3_autolibshared.obj
 0002:00005c44       $unwind$?c3_f_emlrt_marshallIn@@YAXPEAUSFc3_autolibsharedInstanceStruct@@PEBUmxArray_tag@@PEBUemlrtMsgIdentifier@@QEAN@Z 0000000180020c44     autolibshared_sfun:c3_autolibshared.obj
 0002:00005c54       $unwind$?c3_g_emlrt_marshallIn@@YANPEAUSFc3_autolibsharedInstanceStruct@@PEBUmxArray_tag@@PEBD@Z 0000000180020c54     autolibshared_sfun:c3_autolibshared.obj
 0002:00005c5c       $unwind$?c3_h_emlrt_marshallIn@@YANPEAUSFc3_autolibsharedInstanceStruct@@PEBUmxArray_tag@@PEBUemlrtMsgIdentifier@@@Z 0000000180020c5c     autolibshared_sfun:c3_autolibshared.obj
 0002:00005c64       $unwind$?c3_i_emlrt_marshallIn@@YAEPEAUSFc3_autolibsharedInstanceStruct@@PEBUmxArray_tag@@PEBD@Z 0000000180020c64     autolibshared_sfun:c3_autolibshared.obj
 0002:00005c6c       $unwind$?c3_j_emlrt_marshallIn@@YAEPEAUSFc3_autolibsharedInstanceStruct@@PEBUmxArray_tag@@PEBUemlrtMsgIdentifier@@@Z 0000000180020c6c     autolibshared_sfun:c3_autolibshared.obj
 0002:00005c74       $unwind$?c3_chart_data_browse_helper@@YAXPEAUSFc3_autolibsharedInstanceStruct@@HPEAPEBUmxArray_tag@@PEAE@Z 0000000180020c74     autolibshared_sfun:c3_autolibshared.obj
 0002:00005c7c       $unwind$?c3_b_automlsatfunc@@YAXPEAUSFc3_autolibsharedInstanceStruct@@QEAN@Z 0000000180020c7c     autolibshared_sfun:c3_autolibshared.obj
 0002:00005c84       $unwind$?init_simulink_io_address@@YAXPEAUSFc3_autolibsharedInstanceStruct@@@Z 0000000180020c84     autolibshared_sfun:c3_autolibshared.obj
 0002:00005c8c       $unwind$?sf_c3_autolibshared_third_party_uses_info@@YAPEAUmxArray_tag@@XZ 0000000180020c8c     autolibshared_sfun:c3_autolibshared.obj
 0002:00005c94       $unwind$?sf_c3_autolibshared_jit_fallback_info@@YAPEAUmxArray_tag@@XZ 0000000180020c94     autolibshared_sfun:c3_autolibshared.obj
 0002:00005ca4       $unwind$?sf_c3_autolibshared_updateBuildInfo_args_info@@YAPEAUmxArray_tag@@XZ 0000000180020ca4     autolibshared_sfun:c3_autolibshared.obj
 0002:00005cac       $unwind$?sf_get_sim_state_info_c3_autolibshared@@YAPEBUmxArray_tag@@XZ 0000000180020cac     autolibshared_sfun:c3_autolibshared.obj
 0002:00005cb4       $unwind$?sf_opaque_initialize_c3_autolibshared@@YAXPEAX@Z 0000000180020cb4     autolibshared_sfun:c3_autolibshared.obj
 0002:00005cbc       $unwind$?sf_opaque_enable_c3_autolibshared@@YAXPEAX@Z 0000000180020cbc     autolibshared_sfun:c3_autolibshared.obj
 0002:00005cc4       $unwind$?sf_opaque_disable_c3_autolibshared@@YAXPEAX@Z 0000000180020cc4     autolibshared_sfun:c3_autolibshared.obj
 0002:00005ccc       $unwind$?sf_opaque_gateway_c3_autolibshared@@YAXPEAX@Z 0000000180020ccc     autolibshared_sfun:c3_autolibshared.obj
 0002:00005cd4       $unwind$?sf_opaque_get_sim_state_c3_autolibshared@@YAPEBUmxArray_tag@@PEAUSimStruct_tag@@@Z 0000000180020cd4     autolibshared_sfun:c3_autolibshared.obj
 0002:00005cdc       $unwind$?sf_opaque_set_sim_state_c3_autolibshared@@YAXPEAUSimStruct_tag@@PEBUmxArray_tag@@@Z 0000000180020cdc     autolibshared_sfun:c3_autolibshared.obj
 0002:00005ce4       $unwind$?sf_opaque_cleanup_runtime_resources_c3_autolibshared@@YAXPEAX@Z 0000000180020ce4     autolibshared_sfun:c3_autolibshared.obj
 0002:00005cec       $unwind$?sf_opaque_mdl_start_c3_autolibshared@@YAXPEAX@Z 0000000180020cec     autolibshared_sfun:c3_autolibshared.obj
 0002:00005cf4       $unwind$?sf_opaque_mdl_terminate_c3_autolibshared@@YAXPEAX@Z 0000000180020cf4     autolibshared_sfun:c3_autolibshared.obj
 0002:00005cfc       $unwind$?mdlProcessParameters_c3_autolibshared@@YAXPEAUSimStruct_tag@@@Z 0000000180020cfc     autolibshared_sfun:c3_autolibshared.obj
 0002:00005d04       $unwind$?sf_c3_autolibshared_get_post_codegen_info@@YAPEBDXZ 0000000180020d04     autolibshared_sfun:c3_autolibshared.obj
 0002:00005d14       $unwind$?mdlSetWorkWidths_c3_autolibshared@@YAXPEAUSimStruct_tag@@@Z 0000000180020d14     autolibshared_sfun:c3_autolibshared.obj
 0002:00005d1c       $unwind$?mdlRTW_c3_autolibshared@@YAXPEAUSimStruct_tag@@@Z 0000000180020d1c     autolibshared_sfun:c3_autolibshared.obj
 0002:00005d24       $unwind$?mdlSetupRuntimeResources_c3_autolibshared@@YAXPEAUSimStruct_tag@@@Z 0000000180020d24     autolibshared_sfun:c3_autolibshared.obj
 0002:00005d2c       $unwind$__report_securityfailure 0000000180020d2c     MSVCRT:gs_report.obj
 0002:00005d34       $unwind$__report_securityfailureEx 0000000180020d34     MSVCRT:gs_report.obj
 0002:00005d3c       $unwind$__report_rangecheckfailure 0000000180020d3c     MSVCRT:gs_report.obj
 0002:00005d44       $unwind$__report_gsfailure 0000000180020d44     MSVCRT:gs_report.obj
 0002:00005d4c       $unwind$capture_current_context 0000000180020d4c     MSVCRT:gs_report.obj
 0002:00005d58       $unwind$capture_previous_context 0000000180020d58     MSVCRT:gs_report.obj
 0002:00005d64       $unwind$__raise_securityfailure 0000000180020d64     MSVCRT:gs_report.obj
 0002:00005d6c       $unwind$__GSHandlerCheckCommon 0000000180020d6c     MSVCRT:gshandler.obj
 0002:00005d74       $unwind$__GSHandlerCheck   0000000180020d74     MSVCRT:gshandler.obj
 0002:00005d80       $xdatasym                  0000000180020d80     MSVCRT:amdsecgs.obj
 0002:00005d84       $unwind$?dllmain_crt_process_attach@@YAHQEAUHINSTANCE__@@QEAX@Z 0000000180020d84     MSVCRT:dll_dllmain.obj
 0002:00005dc0       $unwind$?fin$0@?0??dllmain_crt_process_attach@@YAHQEAUHINSTANCE__@@QEAX@Z@4HA 0000000180020dc0     MSVCRT:dll_dllmain.obj
 0002:00005dc8       $unwind$?dllmain_crt_process_detach@@YAH_N@Z 0000000180020dc8     MSVCRT:dll_dllmain.obj
 0002:00005e1c       $unwind$?fin$0@?0??dllmain_crt_process_detach@@YAH_N@Z@4HA 0000000180020e1c     MSVCRT:dll_dllmain.obj
 0002:00005e24       $unwind$?fin$1@?0??dllmain_crt_process_detach@@YAH_N@Z@4HA 0000000180020e24     MSVCRT:dll_dllmain.obj
 0002:00005e2c       $unwind$?dllmain_crt_dispatch@@YAHQEAUHINSTANCE__@@KQEAX@Z 0000000180020e2c     MSVCRT:dll_dllmain.obj
 0002:00005e34       $unwind$?dllmain_dispatch@@YAHQEAUHINSTANCE__@@KQEAX@Z 0000000180020e34     MSVCRT:dll_dllmain.obj
 0002:00005e5c       $unwind$?filt$0@?0??dllmain_dispatch@@YAHQEAUHINSTANCE__@@KQEAX@Z@4HA 0000000180020e5c     MSVCRT:dll_dllmain.obj
 0002:00005e64       $unwind$_DllMainCRTStartup 0000000180020e64     MSVCRT:dll_dllmain.obj
 0002:00005e74       $unwind$__security_init_cookie 0000000180020e74     MSVCRT:gs_support.obj
 0002:00005e80       $unwind$__get_entropy      0000000180020e80     MSVCRT:gs_support.obj
 0002:00005e88       $unwind$DllMain            0000000180020e88     MSVCRT:dll_dllmain_stub.obj
 0002:00005e90       $unwind$__scrt_initialize_default_local_stdio_options 0000000180020e90     MSVCRT:default_local_stdio_options.obj
 0002:00005e98       $unwind$atexit             0000000180020e98     MSVCRT:utility.obj
 0002:00005ea0       $unwind$_onexit            0000000180020ea0     MSVCRT:utility.obj
 0002:00005ea8       $unwind$__scrt_is_nonwritable_in_current_image 0000000180020ea8     MSVCRT:utility.obj
 0002:00005ec8       $unwind$__scrt_is_nonwritable_in_current_image$filt$0 0000000180020ec8     MSVCRT:utility.obj
 0002:00005ed0       $unwind$__scrt_acquire_startup_lock 0000000180020ed0     MSVCRT:utility.obj
 0002:00005ed8       $unwind$__scrt_release_startup_lock 0000000180020ed8     MSVCRT:utility.obj
 0002:00005ee0       $unwind$__scrt_initialize_crt 0000000180020ee0     MSVCRT:utility.obj
 0002:00005ee8       $unwind$__scrt_uninitialize_crt 0000000180020ee8     MSVCRT:utility.obj
 0002:00005ef0       $unwind$__scrt_initialize_onexit_tables 0000000180020ef0     MSVCRT:utility.obj
 0002:00005ef8       $unwind$__scrt_dllmain_exception_filter 0000000180020ef8     MSVCRT:utility.obj
 0002:00005f0c       $unwind$__scrt_dllmain_before_initialize_c 0000000180020f0c     MSVCRT:utility.obj
 0002:00005f14       $unwind$__scrt_dllmain_after_initialize_c 0000000180020f14     MSVCRT:utility.obj
 0002:00005f1c       $unwind$__scrt_dllmain_uninitialize_c 0000000180020f1c     MSVCRT:utility.obj
 0002:00005f24       $unwind$__scrt_dllmain_uninitialize_critical 0000000180020f24     MSVCRT:utility.obj
 0002:00005f2c       $unwind$__scrt_dllmain_crt_thread_attach 0000000180020f2c     MSVCRT:utility.obj
 0002:00005f34       $unwind$__scrt_dllmain_crt_thread_detach 0000000180020f34     MSVCRT:utility.obj
 0002:00005f3c       $unwind$?configure_argv@__scrt_narrow_argv_policy@@SAHXZ 0000000180020f3c     MSVCRT:utility.obj
 0002:00005f44       $unwind$__scrt_get_show_window_mode 0000000180020f44     MSVCRT:utility_desktop.obj
 0002:00005f4c       $unwind$__scrt_is_managed_app 0000000180020f4c     MSVCRT:utility_desktop.obj
 0002:00005f54       $unwind$__scrt_fastfail    0000000180020f54     MSVCRT:utility_desktop.obj
 0002:00005f64       $unwind$__scrt_unhandled_exception_filter 0000000180020f64     MSVCRT:utility_desktop.obj
 0002:00005f70       $unwind$_RTC_Initialize    0000000180020f70     MSVCRT:initsect.obj
 0002:00005f7c       $unwind$_RTC_Terminate     0000000180020f7c     MSVCRT:initsect.obj
 0002:00005f88       $unwind$__castguard_check_failure_os_handled_wrapper 0000000180020f88     MSVCRT:guard_support.obj
 0002:00005f90       $unwind$__castguard_check_failure_user_handled_wrapper 0000000180020f90     MSVCRT:guard_support.obj
 0002:00005f98       $unwind$__castguard_check_failure_os_handled 0000000180020f98     MSVCRT:guard_support.obj
 0002:00005fa0       $unwind$__castguard_check_failure_user_handled 0000000180020fa0     MSVCRT:guard_support.obj
 0002:00005fa8       $unwind$__castguard_slow_path_check_os_handled 0000000180020fa8     MSVCRT:guard_support.obj
 0002:00005fb0       $unwind$__castguard_slow_path_check_user_handled 0000000180020fb0     MSVCRT:guard_support.obj
 0002:00005fb8       $unwind$__isa_available_init 0000000180020fb8     MSVCRT:cpu_disp.obj
 0002:00005fc8       $xdatasym                  0000000180020fc8     MSVCRT:guard_dispatch.obj
 0002:00005fd0       $xdatasym                  0000000180020fd0     MSVCRT:guard_xfg_dispatch.obj
 0002:00005fe0       .edata                     0000000180020fe0     Simulation_sfun.exp
 0002:00006008       rgpv                       0000000180021008     Simulation_sfun.exp
 0002:00006010       rgszName                   0000000180021010     Simulation_sfun.exp
 0002:00006018       rgwOrd                     0000000180021018     Simulation_sfun.exp
 0002:0000601c       szName                     000000018002101c     Simulation_sfun.exp
 0002:00006033       $N00001                    0000000180021033     Simulation_sfun.exp
 0002:0000603f       $N00002                    000000018002103f     Simulation_sfun.exp
 0002:00006a1a       .idata$6                   0000000180021a1a     sf_runtime:sf_runtime.dll
 0002:00006b94       .idata$6                   0000000180021b94     libmx:libmx.dll
 0002:00006c28       .idata$6                   0000000180021c28     libmex:libmex.dll
 0002:00006c4a       .idata$6                   0000000180021c4a     libut:libut.dll
 0002:00006cfe       .idata$6                   0000000180021cfe     libmwmathutil:libmwmathutil.dll
 0002:00006d6c       .idata$6                   0000000180021d6c     libemlrt:libemlrt.dll
 0002:00006e7a       .idata$6                   0000000180021e7a     libcovrt:libcovrt.dll
 0002:00007014       .idata$6                   0000000180022014     kernel32:KERNEL32.dll
 0002:000070a2       .idata$6                   00000001800220a2     vcruntime:VCRUNTIME140.dll
 0002:000071f0       .idata$6                   00000001800221f0     ucrt:api-ms-win-crt-string-l1-1-0.dll
 0002:00007212       .idata$6                   0000000180022212     ucrt:api-ms-win-crt-stdio-l1-1-0.dll
 0002:00007232       .idata$6                   0000000180022232     ucrt:api-ms-win-crt-heap-l1-1-0.dll
 0002:00007252       .idata$6                   0000000180022252     ucrt:api-ms-win-crt-runtime-l1-1-0.dll
 0003:00000000       ?c4_emlrtBCI@@3UemlrtBCInfo@@A 0000000180023000     c4_Simulation.obj
 0003:00000030       ?c4_emlrtDCI@@3UemlrtDCInfo@@A 0000000180023030     c4_Simulation.obj
 0003:00000058       ?_sfcnName@@3PADA          0000000180023058     Simulation_sfun_registry.obj
 0003:00000078       ?c3_emlrtMCI@@3UemlrtRTEInfo@@A 0000000180023078     autolibshared_sfun:c3_autolibshared.obj
 0003:00000090       ?c3_b_emlrtMCI@@3UemlrtRTEInfo@@A 0000000180023090     autolibshared_sfun:c3_autolibshared.obj
 0003:000000a8       ?c3_emlrtRSI@@3UemlrtRSInfo@@A 00000001800230a8     autolibshared_sfun:c3_autolibshared.obj
 0003:000000c0       ?c3_b_emlrtRSI@@3UemlrtRSInfo@@A 00000001800230c0     autolibshared_sfun:c3_autolibshared.obj
 0003:000000d8       ?c3_c_emlrtRSI@@3UemlrtRSInfo@@A 00000001800230d8     autolibshared_sfun:c3_autolibshared.obj
 0003:000000f0       ?c3_d_emlrtRSI@@3UemlrtRSInfo@@A 00000001800230f0     autolibshared_sfun:c3_autolibshared.obj
 0003:00000108       ?c3_e_emlrtRSI@@3UemlrtRSInfo@@A 0000000180023108     autolibshared_sfun:c3_autolibshared.obj
 0003:00000120       ?c3_emlrtECI@@3UemlrtECInfo@@A 0000000180023120     autolibshared_sfun:c3_autolibshared.obj
 0003:00000140       ?c3_b_emlrtECI@@3UemlrtECInfo@@A 0000000180023140     autolibshared_sfun:c3_autolibshared.obj
 0003:00000160       ?c3_cv@@3PADA              0000000180023160     autolibshared_sfun:c3_autolibshared.obj
 0003:00000180       ?c3_cv2@?1??sf_gateway_c3_autolibshared@@YAXPEAUSFc3_autolibsharedInstanceStruct@@@Z@4PADA 0000000180023180     autolibshared_sfun:c3_autolibshared.obj
 0003:000001a0       ?c3_b_cv@?1??sf_gateway_c3_autolibshared@@YAXPEAUSFc3_autolibsharedInstanceStruct@@@Z@4PADA 00000001800231a0     autolibshared_sfun:c3_autolibshared.obj
 0003:000001a4       ?c3_cv1@?1??sf_gateway_c3_autolibshared@@YAXPEAUSFc3_autolibsharedInstanceStruct@@@Z@4PADA 00000001800231a4     autolibshared_sfun:c3_autolibshared.obj
 0003:000001a8       ?c3_b_cv@?1??c3_automlvehdynftiresat@@YAXPEAUSFc3_autolibsharedInstanceStruct@@PEBUemlrtStack@@NNNPEAN2@Z@4PADA 00000001800231a8     autolibshared_sfun:c3_autolibshared.obj
 0003:00000240       ?sRtwOptimizationInfoStruct@@3PEAUmxArray_tag@@EA 0000000180023240     Simulation_sfun.obj
 0003:00000248       ?sOptimizationInfoFlags@@3USfOptimizationInfoFlagsTag@@A 0000000180023248     Simulation_sfun.obj
 0003:00000250       ?_sfTime_@@3NA             0000000180023250     c4_Simulation.obj
 0003:00000260       ?newstr@?1??sf_c4_Simulation_get_post_codegen_info@@YAPEBDXZ@4PADA 0000000180023260     c4_Simulation.obj
 0003:00000810       ?sfGlobalMdlStartCallCounts@@3IA 0000000180023810     Simulation_sfun_registry.obj
 0003:00000814       ?warningGuard@?1??ssGetRootSS@@9@4_NA 0000000180023814     Simulation_sfun_registry.obj
 0003:00000815       ?warningGuard@?1??ssGetParentSS@@9@4_NA 0000000180023815     Simulation_sfun_registry.obj
 0003:00000818       ?sRtwOptimizationInfoStruct@@3PEAUmxArray_tag@@EA 0000000180023818     autolibshared_sfun:autolibshared_sfun.obj
 0003:00000820       ?sOptimizationInfoFlags@@3USfOptimizationInfoFlagsTag@@A 0000000180023820     autolibshared_sfun:autolibshared_sfun.obj
 0003:00000828       ?_sfTime_@@3NA             0000000180023828     autolibshared_sfun:c3_autolibshared.obj
 0003:00000830       ?newstr@?1??sf_c3_autolibshared_get_post_codegen_info@@YAPEBDXZ@4PADA 0000000180023830     autolibshared_sfun:c3_autolibshared.obj
 0003:00000e90       GS_ExceptionRecord         0000000180023e90     MSVCRT:gs_report.obj
 0003:00000f30       GS_ContextRecord           0000000180023f30     MSVCRT:gs_report.obj
 0003:00001400       ?__proc_attached@@3HA      0000000180024400     MSVCRT:dll_dllmain.obj
 0003:00001438       ?is_initialized_as_dll@@3_NA 0000000180024438     MSVCRT:utility.obj
 0003:00001439       ?module_local_atexit_table_initialized@@3_NA 0000000180024439     MSVCRT:utility.obj
 0003:00001440       ?module_local_atexit_table@@3U_onexit_table_t@@A 0000000180024440     MSVCRT:utility.obj
 0003:00001458       ?module_local_at_quick_exit_table@@3U_onexit_table_t@@A 0000000180024458     MSVCRT:utility.obj
